
 Start         Length     Name                   Class
 0001:00401000 000761E4H .text                   CODE
 0002:00478000 000008ACH .itext                  ICODE
 0003:00479000 00001FECH .data                   DATA
 0004:0047B000 000977C4H .bss                    BSS
 0005:00000000 0000003CH .tls                    TLS


Detailed map of segments

 0001:00000000 0000596D C=CODE     S=.text    G=(none)   M=System   ACBP=A9
 0001:00005970 00000105 C=CODE     S=.text    G=(none)   M=SysInit  ACBP=A9
 0001:00005A78 00000058 C=CODE     S=.text    G=(none)   M=Types    ACBP=A9
 0001:00005AD0 00000BC4 C=CODE     S=.text    G=(none)   M=Windows  ACBP=A9
 0001:00006694 00000310 C=CODE     S=.text    G=(none)   M=SysConst ACBP=A9
 0001:000069A4 00006B01 C=CODE     S=.text    G=(none)   M=SysUtils ACBP=A9
 0001:0000D4A8 000007EE C=CODE     S=.text    G=(none)   M=VarUtils ACBP=A9
 0001:0000DC98 00002990 C=CODE     S=.text    G=(none)   M=Variants ACBP=A9
 0001:00010628 00000148 C=CODE     S=.text    G=(none)   M=RTLConsts ACBP=A9
 0001:00010770 000008DB C=CODE     S=.text    G=(none)   M=TypInfo  ACBP=A9
 0001:0001104C 0000ADB1 C=CODE     S=.text    G=(none)   M=Classes  ACBP=A9
 0001:0001BE00 00000191 C=CODE     S=.text    G=(none)   M=Contnrs  ACBP=A9
 0001:0001BF94 00001262 C=CODE     S=.text    G=(none)   M=HelpIntfs ACBP=A9
 0001:0001D1F8 00000772 C=CODE     S=.text    G=(none)   M=MultiMon ACBP=A9
 0001:0001D96C 00000152 C=CODE     S=.text    G=(none)   M=CommCtrl ACBP=A9
 0001:0001DAC0 000002C8 C=CODE     S=.text    G=(none)   M=Consts   ACBP=A9
 0001:0001DD88 00001169 C=CODE     S=.text    G=(none)   M=IniFiles ACBP=A9
 0001:0001EEF4 000005C5 C=CODE     S=.text    G=(none)   M=Registry ACBP=A9
 0001:0001F4BC 000076FA C=CODE     S=.text    G=(none)   M=Graphics ACBP=A9
 0001:00026BB8 00000692 C=CODE     S=.text    G=(none)   M=SyncObjs ACBP=A9
 0001:0002724C 00000BB9 C=CODE     S=.text    G=(none)   M=UxTheme  ACBP=A9
 0001:00027E08 00000194 C=CODE     S=.text    G=(none)   M=DwmApi   ACBP=A9
 0001:00027F9C 0000A7B1 C=CODE     S=.text    G=(none)   M=StdCtrls ACBP=A9
 0001:00032750 0000003A C=CODE     S=.text    G=(none)   M=Printers ACBP=A9
 0001:0003278C 00000022 C=CODE     S=.text    G=(none)   M=StrUtils ACBP=A9
 0001:000327B0 00000D76 C=CODE     S=.text    G=(none)   M=GraphUtil ACBP=A9
 0001:00033528 0000175A C=CODE     S=.text    G=(none)   M=ExtCtrls ACBP=A9
 0001:00034C84 000009E4 C=CODE     S=.text    G=(none)   M=Dialogs  ACBP=A9
 0001:00035668 0000003A C=CODE     S=.text    G=(none)   M=Clipbrd  ACBP=A9
 0001:000356A4 0000012D C=CODE     S=.text    G=(none)   M=StdActns ACBP=A9
 0001:000357D4 0000030E C=CODE     S=.text    G=(none)   M=FlatSB   ACBP=A9
 0001:00035AE4 00007AD9 C=CODE     S=.text    G=(none)   M=Menus    ACBP=A9
 0001:0003D5C0 00014450 C=CODE     S=.text    G=(none)   M=Controls ACBP=A9
 0001:00051A10 00000EF2 C=CODE     S=.text    G=(none)   M=Themes   ACBP=A9
 0001:00052904 00001B95 C=CODE     S=.text    G=(none)   M=ImgList  ACBP=A9
 0001:0005449C 00001332 C=CODE     S=.text    G=(none)   M=ActnList ACBP=A9
 0001:000557D0 0000F36C C=CODE     S=.text    G=(none)   M=Forms    ACBP=A9
 0001:00064B3C 000000EE C=CODE     S=.text    G=(none)   M=WinSock  ACBP=A9
 0001:00064C2C 000039F2 C=CODE     S=.text    G=(none)   M=JSocket  ACBP=A9
 0001:00068620 00000097 C=CODE     S=.text    G=(none)   M=Grobal2  ACBP=A9
 0001:000686B8 000003A2 C=CODE     S=.text    G=(none)   M=GateShare ACBP=A9
 0001:00068A5C 00002C1D C=CODE     S=.text    G=(none)   M=Buttons  ACBP=A9
 0001:0006B67C 0000007C C=CODE     S=.text    G=(none)   M=ExtDlgs  ACBP=A9
 0001:0006B6F8 00000062 C=CODE     S=.text    G=(none)   M=Mapi     ACBP=A9
 0001:0006B75C 0000004D C=CODE     S=.text    G=(none)   M=ExtActns ACBP=A9
 0001:0006B7AC 00003150 C=CODE     S=.text    G=(none)   M=ComCtrls ACBP=A9
 0001:0006E8FC 00000853 C=CODE     S=.text    G=(none)   M=HUtil32  ACBP=A9
 0001:0006F150 0000003A C=CODE     S=.text    G=(none)   M=EDcode   ACBP=A9
 0001:0006F18C 00001C03 C=CODE     S=.text    G=(none)   M=Spin     ACBP=A9
 0001:00070D90 00001820 C=CODE     S=.text    G=(none)   M=IPaddrFilter ACBP=A9
 0001:000725B0 00000794 C=CODE     S=.text    G=(none)   M=GeneralConfig ACBP=A9
 0001:00072D44 00003237 C=CODE     S=.text    G=(none)   M=Main     ACBP=A9
 0001:00075F7C 00000268 C=CODE     S=.text    G=(none)   M=LoginGate ACBP=A9
 0002:00000000 00000095 C=ICODE    S=.itext   G=(none)   M=System   ACBP=A9
 0002:00000098 00000011 C=ICODE    S=.itext   G=(none)   M=Windows  ACBP=A9
 0002:000000AC 00000088 C=ICODE    S=.itext   G=(none)   M=SysUtils ACBP=A9
 0002:00000134 0000000F C=ICODE    S=.itext   G=(none)   M=VarUtils ACBP=A9
 0002:00000144 000000AA C=ICODE    S=.itext   G=(none)   M=Variants ACBP=A9
 0002:000001F0 00000008 C=ICODE    S=.itext   G=(none)   M=TypInfo  ACBP=A9
 0002:000001F8 00000092 C=ICODE    S=.itext   G=(none)   M=Classes  ACBP=A9
 0002:0000028C 00000008 C=ICODE    S=.itext   G=(none)   M=HelpIntfs ACBP=A9
 0002:00000294 0000000F C=ICODE    S=.itext   G=(none)   M=MultiMon ACBP=A9
 0002:000002A4 00000008 C=ICODE    S=.itext   G=(none)   M=IniFiles ACBP=A9
 0002:000002AC 00000008 C=ICODE    S=.itext   G=(none)   M=Registry ACBP=A9
 0002:000002B4 000000FB C=ICODE    S=.itext   G=(none)   M=Graphics ACBP=A9
 0002:000003B0 0000001B C=ICODE    S=.itext   G=(none)   M=UxTheme  ACBP=A9
 0002:000003CC 00000008 C=ICODE    S=.itext   G=(none)   M=DwmApi   ACBP=A9
 0002:000003D4 00000008 C=ICODE    S=.itext   G=(none)   M=Printers ACBP=A9
 0002:000003DC 00000098 C=ICODE    S=.itext   G=(none)   M=GraphUtil ACBP=A9
 0002:00000474 00000044 C=ICODE    S=.itext   G=(none)   M=ExtCtrls ACBP=A9
 0002:000004B8 0000003D C=ICODE    S=.itext   G=(none)   M=Dialogs  ACBP=A9
 0002:000004F8 00000058 C=ICODE    S=.itext   G=(none)   M=Clipbrd  ACBP=A9
 0002:00000550 0000000F C=ICODE    S=.itext   G=(none)   M=FlatSB   ACBP=A9
 0002:00000560 00000085 C=ICODE    S=.itext   G=(none)   M=Menus    ACBP=A9
 0002:000005E8 0000008F C=ICODE    S=.itext   G=(none)   M=Controls ACBP=A9
 0002:00000678 00000008 C=ICODE    S=.itext   G=(none)   M=Themes   ACBP=A9
 0002:00000680 0000002A C=ICODE    S=.itext   G=(none)   M=ActnList ACBP=A9
 0002:000006AC 00000070 C=ICODE    S=.itext   G=(none)   M=Forms    ACBP=A9
 0002:0000071C 0000002F C=ICODE    S=.itext   G=(none)   M=Grobal2  ACBP=A9
 0002:0000074C 0000004E C=ICODE    S=.itext   G=(none)   M=GateShare ACBP=A9
 0002:0000079C 00000025 C=ICODE    S=.itext   G=(none)   M=Buttons  ACBP=A9
 0002:000007C4 00000014 C=ICODE    S=.itext   G=(none)   M=ExtDlgs  ACBP=A9
 0002:000007D8 00000008 C=ICODE    S=.itext   G=(none)   M=Mapi     ACBP=A9
 0002:000007E0 00000008 C=ICODE    S=.itext   G=(none)   M=ExtActns ACBP=A9
 0002:000007E8 00000008 C=ICODE    S=.itext   G=(none)   M=ComCtrls ACBP=A9
 0002:000007F0 00000008 C=ICODE    S=.itext   G=(none)   M=HUtil32  ACBP=A9
 0002:000007F8 00000032 C=ICODE    S=.itext   G=(none)   M=EDcode   ACBP=A9
 0002:0000082C 00000008 C=ICODE    S=.itext   G=(none)   M=Main     ACBP=A9
 0002:00000834 00000075 C=ICODE    S=.itext   G=(none)   M=LoginGate ACBP=A9
 0003:00000000 00000790 C=DATA     S=.data    G=DGROUP   M=System   ACBP=A9
 0003:00000790 00000020 C=DATA     S=.data    G=DGROUP   M=SysInit  ACBP=A9
 0003:000007B0 00000250 C=DATA     S=.data    G=DGROUP   M=SysUtils ACBP=A9
 0003:00000A00 00000008 C=DATA     S=.data    G=DGROUP   M=VarUtils ACBP=A9
 0003:00000A08 0000008E C=DATA     S=.data    G=DGROUP   M=Variants ACBP=A9
 0003:00000A98 0000000C C=DATA     S=.data    G=DGROUP   M=TypInfo  ACBP=A9
 0003:00000AA4 00000100 C=DATA     S=.data    G=DGROUP   M=Classes  ACBP=A9
 0003:00000BA4 00000008 C=DATA     S=.data    G=DGROUP   M=IniFiles ACBP=A9
 0003:00000BAC 00000008 C=DATA     S=.data    G=DGROUP   M=Registry ACBP=A9
 0003:00000BB4 0000030C C=DATA     S=.data    G=DGROUP   M=Graphics ACBP=A9
 0003:00000EC0 00000104 C=DATA     S=.data    G=DGROUP   M=StdCtrls ACBP=A9
 0003:00000FC4 00000004 C=DATA     S=.data    G=DGROUP   M=Printers ACBP=A9
 0003:00000FC8 00000450 C=DATA     S=.data    G=DGROUP   M=GraphUtil ACBP=A9
 0003:00001418 00000020 C=DATA     S=.data    G=DGROUP   M=ExtCtrls ACBP=A9
 0003:00001438 00000074 C=DATA     S=.data    G=DGROUP   M=Dialogs  ACBP=A9
 0003:000014AC 0000012C C=DATA     S=.data    G=DGROUP   M=Menus    ACBP=A9
 0003:000015D8 00000140 C=DATA     S=.data    G=DGROUP   M=Controls ACBP=A9
 0003:00001718 00000068 C=DATA     S=.data    G=DGROUP   M=Themes   ACBP=A9
 0003:00001780 00000020 C=DATA     S=.data    G=DGROUP   M=ImgList  ACBP=A9
 0003:000017A0 0000013C C=DATA     S=.data    G=DGROUP   M=Forms    ACBP=A9
 0003:000018DC 00000058 C=DATA     S=.data    G=DGROUP   M=GateShare ACBP=A9
 0003:00001934 00000046 C=DATA     S=.data    G=DGROUP   M=Buttons  ACBP=A9
 0003:0000197C 00000018 C=DATA     S=.data    G=DGROUP   M=ExtDlgs  ACBP=A9
 0003:00001994 00000008 C=DATA     S=.data    G=DGROUP   M=Mapi     ACBP=A9
 0003:0000199C 00000068 C=DATA     S=.data    G=DGROUP   M=ComCtrls ACBP=A9
 0003:00001A04 000000B0 C=DATA     S=.data    G=DGROUP   M=HUtil32  ACBP=A9
 0004:00000000 000027F0 C=BSS      S=.bss     G=DGROUP   M=System   ACBP=A9
 0004:000027F0 0000000C C=BSS      S=.bss     G=DGROUP   M=SysInit  ACBP=A9
 0004:000027FC 00000008 C=BSS      S=.bss     G=DGROUP   M=Windows  ACBP=A9
 0004:00002804 00002108 C=BSS      S=.bss     G=DGROUP   M=SysUtils ACBP=A9
 0004:0000490C 0000005C C=BSS      S=.bss     G=DGROUP   M=VarUtils ACBP=A9
 0004:00004968 00000040 C=BSS      S=.bss     G=DGROUP   M=Variants ACBP=A9
 0004:000049A8 00000004 C=BSS      S=.bss     G=DGROUP   M=TypInfo  ACBP=A9
 0004:000049AC 00000044 C=BSS      S=.bss     G=DGROUP   M=Classes  ACBP=A9
 0004:000049F0 00000008 C=BSS      S=.bss     G=DGROUP   M=HelpIntfs ACBP=A9
 0004:000049F8 00000031 C=BSS      S=.bss     G=DGROUP   M=MultiMon ACBP=A9
 0004:00004A2C 00000008 C=BSS      S=.bss     G=DGROUP   M=CommCtrl ACBP=A9
 0004:00004A34 00000004 C=BSS      S=.bss     G=DGROUP   M=IniFiles ACBP=A9
 0004:00004A38 00000004 C=BSS      S=.bss     G=DGROUP   M=Registry ACBP=A9
 0004:00004A3C 00000060 C=BSS      S=.bss     G=DGROUP   M=Graphics ACBP=A9
 0004:00004A9C 00000004 C=BSS      S=.bss     G=DGROUP   M=SyncObjs ACBP=A9
 0004:00004AA0 000000DC C=BSS      S=.bss     G=DGROUP   M=UxTheme  ACBP=A9
 0004:00004B7C 00000010 C=BSS      S=.bss     G=DGROUP   M=DwmApi   ACBP=A9
 0004:00004B8C 00000004 C=BSS      S=.bss     G=DGROUP   M=Printers ACBP=A9
 0004:00004B90 00000010 C=BSS      S=.bss     G=DGROUP   M=GraphUtil ACBP=A9
 0004:00004BA0 00000008 C=BSS      S=.bss     G=DGROUP   M=ExtCtrls ACBP=A9
 0004:00004BA8 0000000C C=BSS      S=.bss     G=DGROUP   M=Dialogs  ACBP=A9
 0004:00004BB4 0000000C C=BSS      S=.bss     G=DGROUP   M=Clipbrd  ACBP=A9
 0004:00004BC0 00000034 C=BSS      S=.bss     G=DGROUP   M=FlatSB   ACBP=A9
 0004:00004BF4 00000010 C=BSS      S=.bss     G=DGROUP   M=Menus    ACBP=A9
 0004:00004C04 00000088 C=BSS      S=.bss     G=DGROUP   M=Controls ACBP=A9
 0004:00004C8C 0000000C C=BSS      S=.bss     G=DGROUP   M=Themes   ACBP=A9
 0004:00004C98 00000008 C=BSS      S=.bss     G=DGROUP   M=ImgList  ACBP=A9
 0004:00004CA0 00000004 C=BSS      S=.bss     G=DGROUP   M=ActnList ACBP=A9
 0004:00004CA4 00000031 C=BSS      S=.bss     G=DGROUP   M=Forms    ACBP=A9
 0004:00004CD8 00000190 C=BSS      S=.bss     G=DGROUP   M=JSocket  ACBP=A9
 0004:00004E68 000000C8 C=BSS      S=.bss     G=DGROUP   M=Grobal2  ACBP=A9
 0004:00004F30 00000044 C=BSS      S=.bss     G=DGROUP   M=GateShare ACBP=A9
 0004:00004F74 00000030 C=BSS      S=.bss     G=DGROUP   M=Buttons  ACBP=A9
 0004:00004FA4 00000004 C=BSS      S=.bss     G=DGROUP   M=ExtDlgs  ACBP=A9
 0004:00004FA8 00000004 C=BSS      S=.bss     G=DGROUP   M=Mapi     ACBP=A9
 0004:00004FAC 00000009 C=BSS      S=.bss     G=DGROUP   M=ExtActns ACBP=A9
 0004:00004FB8 0000000C C=BSS      S=.bss     G=DGROUP   M=ComCtrls ACBP=A9
 0004:00004FC4 00000004 C=BSS      S=.bss     G=DGROUP   M=HUtil32  ACBP=A9
 0004:00004FC8 00000024 C=BSS      S=.bss     G=DGROUP   M=EDcode   ACBP=A9
 0004:00004FEC 00000004 C=BSS      S=.bss     G=DGROUP   M=IPaddrFilter ACBP=A9
 0004:00004FF0 00000004 C=BSS      S=.bss     G=DGROUP   M=GeneralConfig ACBP=A9
 0004:00004FF4 000927D0 C=BSS      S=.bss     G=DGROUP   M=Main     ACBP=A9
 0005:00000000 00000008 C=TLS      S=.tls     G=(none)   M=System   ACBP=A9
 0005:00000008 00000008 C=TLS      S=.tls     G=(none)   M=Classes  ACBP=A9
 0005:00000010 00000004 C=TLS      S=.tls     G=(none)   M=SyncObjs ACBP=A9
 0005:00000014 00000028 C=TLS      S=.tls     G=(none)   M=GraphUtil ACBP=A9


  Address             Publics by Name

 0004:00004CA0       ActnList..9
 0001:000548C4       ActnList..TActionLink
 0001:0005449C       ActnList..TContainedAction
 0001:000547BC       ActnList..TCustomAction
 0001:000545C0       ActnList..TCustomActionList
 0001:000546A0       ActnList..TShortCutList
 0002:00000680       ActnList.ActnList
 0001:000557A0       ActnList.Finalization
 0001:00054FB4       ActnList.TActionLink.IsCaptionLinked
 0001:00054FC8       ActnList.TActionLink.IsCheckedLinked
 0001:00054FDC       ActnList.TActionLink.IsEnabledLinked
 0001:00054FF0       ActnList.TActionLink.IsGroupIndexLinked
 0001:00055004       ActnList.TActionLink.IsHelpContextLinked
 0001:00055018       ActnList.TActionLink.IsHelpLinked
 0001:0005502C       ActnList.TActionLink.IsHintLinked
 0001:00055040       ActnList.TActionLink.IsImageIndexLinked
 0001:00055054       ActnList.TActionLink.IsShortCutLinked
 0001:00055068       ActnList.TActionLink.IsVisibleLinked
 0001:0005507C       ActnList.TActionLink.SetAutoCheck
 0001:00055080       ActnList.TActionLink.SetCaption
 0001:00055084       ActnList.TActionLink.SetChecked
 0001:00055088       ActnList.TActionLink.SetEnabled
 0001:0005508C       ActnList.TActionLink.SetGroupIndex
 0001:00055090       ActnList.TActionLink.SetHelpContext
 0001:00055094       ActnList.TActionLink.SetHelpKeyword
 0001:00055098       ActnList.TActionLink.SetHelpType
 0001:0005509C       ActnList.TActionLink.SetHint
 0001:000550A0       ActnList.TActionLink.SetImageIndex
 0001:000550A4       ActnList.TActionLink.SetShortCut
 0001:000550A8       ActnList.TActionLink.SetVisible
 0001:00054994       ActnList.TContainedAction.Destroy
 0001:00054B00       ActnList.TContainedAction.Execute
 0001:000549C8       ActnList.TContainedAction.GetIndex
 0001:000549E4       ActnList.TContainedAction.GetParentComponent
 0001:000549F4       ActnList.TContainedAction.HasParent
 0001:000549E0       ActnList.TContainedAction.IsCategoryStored
 0001:00054A04       ActnList.TContainedAction.ReadState
 0001:00054AAC       ActnList.TContainedAction.SetActionList
 0001:00054A80       ActnList.TContainedAction.SetCategory
 0001:00054A38       ActnList.TContainedAction.SetIndex
 0001:00054AD4       ActnList.TContainedAction.SetParentComponent
 0001:00054B58       ActnList.TContainedAction.Update
 0001:00055150       ActnList.TCustomAction.AssignTo
 0001:000550AC       ActnList.TCustomAction.Create
 0001:00055100       ActnList.TCustomAction.Destroy
 0001:00055670       ActnList.TCustomAction.DoHint
 0001:00055698       ActnList.TCustomAction.Execute
 0001:000556FC       ActnList.TCustomAction.GetSecondaryShortCuts
 0001:00055724       ActnList.TCustomAction.HandleShortCut
 0001:00055200       ActnList.TCustomAction.SetCaption
 0001:00055260       ActnList.TCustomAction.SetChecked
 0001:00055368       ActnList.TCustomAction.SetEnabled
 0001:0005544C       ActnList.TCustomAction.SetHelpContext
 0001:000553E4       ActnList.TCustomAction.SetHelpKeyword
 0001:000554A4       ActnList.TCustomAction.SetHint
 0001:00055504       ActnList.TCustomAction.SetImageIndex
 0001:00055624       ActnList.TCustomAction.SetName
 0001:00055560       ActnList.TCustomAction.SetShortCut
 0001:000555C4       ActnList.TCustomAction.SetVisible
 0001:00054D88       ActnList.TCustomActionList.AddAction
 0001:00054DC4       ActnList.TCustomActionList.Change
 0001:00054BB0       ActnList.TCustomActionList.Create
 0001:00054C1C       ActnList.TCustomActionList.Destroy
 0001:00054ED0       ActnList.TCustomActionList.ExecuteAction
 0001:00054CE4       ActnList.TCustomActionList.GetAction
 0001:00054CF8       ActnList.TCustomActionList.GetActionCount
 0001:00054C6C       ActnList.TCustomActionList.GetChildren
 0001:00054D34       ActnList.TCustomActionList.ImageListChange
 0001:00054E2C       ActnList.TCustomActionList.IsShortCut
 0001:00054D40       ActnList.TCustomActionList.Notification
 0001:00054DA8       ActnList.TCustomActionList.RemoveAction
 0001:00054CB4       ActnList.TCustomActionList.SetChildOrder
 0001:00054D00       ActnList.TCustomActionList.SetImages
 0001:00054F10       ActnList.TCustomActionList.SetState
 0001:00054EF0       ActnList.TCustomActionList.UpdateAction
 0001:00055730       ActnList.TShortCutList.Add
 0001:0005575C       ActnList.TShortCutList.IndexOfShortCut
 0004:00004F74       Buttons..5
 0001:000692D0       Buttons..TButtonGlyph
 0001:00069278       Buttons..TGlyphCache
 0001:000691B8       Buttons..TGlyphList
 0001:00068BCC       Buttons..TSpeedButton
 0001:00068AD4       Buttons..TSpeedButtonActionLink
 0003:00001934       Buttons.BitBtnCaptions
 0004:00004F78       Buttons.BitBtnGlyphs
 0003:00001964       Buttons.ButtonCount
 0002:0000079C       Buttons.Buttons
 0001:0006B5AC       Buttons.DestroyLocals
 0001:00069F24       Buttons.DoDrawText
 0003:00001968       Buttons.DownStyles
 0003:00001970       Buttons.FillStyles
 0001:0006B644       Buttons.Finalization
 0003:00001960       Buttons.GlyphCache
 0003:00001978       Buttons.NewState
 0001:0006A18C       Buttons.TButtonGlyph.CalcButtonLayout
 0001:0006955C       Buttons.TButtonGlyph.Create
 0001:0006975C       Buttons.TButtonGlyph.CreateButtonGlyph
 0001:000695EC       Buttons.TButtonGlyph.Destroy
 0001:0006A4D8       Buttons.TButtonGlyph.Draw
 0001:00069D30       Buttons.TButtonGlyph.DrawButtonGlyph
 0001:0006A008       Buttons.TButtonGlyph.DrawButtonText
 0001:0006968C       Buttons.TButtonGlyph.GlyphChanged
 0001:00069648       Buttons.TButtonGlyph.Invalidate
 0001:000696BC       Buttons.TButtonGlyph.SetGlyph
 0001:00069734       Buttons.TButtonGlyph.SetNumGlyphs
 0001:00069458       Buttons.TGlyphCache.Create
 0001:0006949C       Buttons.TGlyphCache.Destroy
 0001:00069550       Buttons.TGlyphCache.Empty
 0001:000694CC       Buttons.TGlyphCache.GetList
 0001:0006952C       Buttons.TGlyphCache.ReturnList
 0001:000693FC       Buttons.TGlyphList.AddMasked
 0001:000693B0       Buttons.TGlyphList.AllocateIndex
 0001:0006932C       Buttons.TGlyphList.CreateSize
 0001:00069428       Buttons.TGlyphList.Delete
 0001:00069380       Buttons.TGlyphList.Destroy
 0001:0006B4D8       Buttons.TSpeedButton.ActionChange
 0001:0006AFA4       Buttons.TSpeedButton.Click
 0001:0006B228       Buttons.TSpeedButton.CMButtonPressed
 0001:0006B29C       Buttons.TSpeedButton.CMDialogChar
 0001:0006B1F4       Buttons.TSpeedButton.CMEnabledChanged
 0001:0006B334       Buttons.TSpeedButton.CMFontChanged
 0001:0006B378       Buttons.TSpeedButton.CMMouseEnter
 0001:0006B3EC       Buttons.TSpeedButton.CMMouseLeave
 0001:0006B354       Buttons.TSpeedButton.CMSysColorChange
 0001:0006B344       Buttons.TSpeedButton.CMTextChanged
 0001:0006B454       Buttons.TSpeedButton.CopyImage
 0001:0006A704       Buttons.TSpeedButton.Create
 0001:0006A7C4       Buttons.TSpeedButton.Destroy
 0001:0006AFC0       Buttons.TSpeedButton.GetActionLinkClass
 0001:0006AFC8       Buttons.TSpeedButton.GetGlyph
 0001:0006AFF0       Buttons.TSpeedButton.GetNumGlyphs
 0001:0006AFAC       Buttons.TSpeedButton.GetPalette
 0001:0006B02C       Buttons.TSpeedButton.GlyphChanged
 0001:0006AD74       Buttons.TSpeedButton.Loaded
 0001:0006ADA0       Buttons.TSpeedButton.MouseDown
 0001:0006ADFC       Buttons.TSpeedButton.MouseMove
 0001:0006AEA4       Buttons.TSpeedButton.MouseUp
 0001:0006A7FC       Buttons.TSpeedButton.Paint
 0001:0006B1BC       Buttons.TSpeedButton.SetAllowAllUp
 0001:0006B074       Buttons.TSpeedButton.SetDown
 0001:0006B0E4       Buttons.TSpeedButton.SetFlat
 0001:0006AFD4       Buttons.TSpeedButton.SetGlyph
 0001:0006B104       Buttons.TSpeedButton.SetGroupIndex
 0001:0006B118       Buttons.TSpeedButton.SetLayout
 0001:0006B138       Buttons.TSpeedButton.SetMargin
 0001:0006AFFC       Buttons.TSpeedButton.SetNumGlyphs
 0001:0006B15C       Buttons.TSpeedButton.SetSpacing
 0001:0006B17C       Buttons.TSpeedButton.SetTransparent
 0001:0006B03C       Buttons.TSpeedButton.UpdateExclusive
 0001:0006AD10       Buttons.TSpeedButton.UpdateTracking
 0001:0006B1D0       Buttons.TSpeedButton.WMLButtonDblClk
 0001:0006A54C       Buttons.TSpeedButtonActionLink.AssignClient
 0001:0006A570       Buttons.TSpeedButtonActionLink.Create
 0001:0006A5AC       Buttons.TSpeedButtonActionLink.IsCheckedLinked
 0001:0006A5F8       Buttons.TSpeedButtonActionLink.IsGroupIndexLinked
 0001:0006A628       Buttons.TSpeedButtonActionLink.IsImageIndexLinked
 0001:0006A658       Buttons.TSpeedButtonActionLink.SetChecked
 0001:0006A678       Buttons.TSpeedButtonActionLink.SetGroupIndex
 0001:0006A698       Buttons.TSpeedButtonActionLink.SetImageIndex
 0004:000049B8       Classes..95
 0001:00011614       Classes..EBitsError
 0001:00011504       Classes..EClassNotFound
 0001:000116CC       Classes..EComponentError
 0001:00011348       Classes..EFCreateError
 0001:000113FC       Classes..EFilerError
 0001:000112E8       Classes..EFileStreamError
 0001:000113A4       Classes..EFOpenError
 0001:00011784       Classes..EInvalidOperation
 0001:000115BC       Classes..EListError
 0001:00011728       Classes..EOutOfResources
 0001:00011454       Classes..EReadError
 0001:00011560       Classes..EResNotFound
 0001:0001128C       Classes..EStreamError
 0001:0001166C       Classes..EStringListError
 0001:0001247C       Classes..EThread
 0001:000114AC       Classes..EWriteError
 0001:00012824       Classes..TBasicAction
 0001:000127A4       Classes..TBasicActionLink
 0001:000118A0       Classes..TBits
 0001:00012328       Classes..TClassFinder
 0001:00011B50       Classes..TCollection
 0001:00011A98       Classes..TCollectionItem
 0001:00012644       Classes..TComponent
 0001:0001201C       Classes..TCustomMemoryStream
 0001:00012384       Classes..TFiler
 0001:00011F94       Classes..TFileStream
 0001:00011F1C       Classes..THandleStream
 0001:000136CC       Classes..TIntConst
 0001:000119E4       Classes..TInterfacedPersistent
 0001:000117E4       Classes..TList
 0001:00012098       Classes..TMemoryStream
 0001:000118F4       Classes..TPersistent
 0001:00016E9C       Classes..TPropFixup
 0001:00016F14       Classes..TPropIntfFixup
 0001:000123E8       Classes..TReader
 0001:000129A8       Classes..TRegGroup
 0001:00012A00       Classes..TRegGroups
 0001:00012114       Classes..TResourceStream
 0001:00011EAC       Classes..TStream
 0001:000122A0       Classes..TStreamAdapter
 0001:00011D94       Classes..TStringList
 0001:00011C5C       Classes..TStrings
 0001:000124D0       Classes..TThread
 0001:00011848       Classes..TThreadList
 0001:00013670       Classes.ActivateClassGroup
 0003:00000AA4       Classes.AddDataModule
 0001:00017174       Classes.AddFinished
 0001:000171AC       Classes.AddNotFinished
 0001:00017D20       Classes.AddSubComponentsToLoaded
 0001:0001A2D0       Classes.AddThread
 0001:0001BC74       Classes.AllocateHWnd
 0003:00000AB4       Classes.ApplicationHandleException
 0003:00000ABC       Classes.ApplicationShowException
 0001:000139C8       Classes.BeginGlobalLoading
 0001:0001A1BC       Classes.BinToHex
 0003:00000B78       Classes.BlockCode
 0001:0001296C       Classes.Bounds
 0001:0001BBB0       Classes.CalcJmpOffset
 0001:00017D5C       Classes.CheckSubComponents
 0001:0001A2E8       Classes.CheckSynchronize
 0002:000001F8       Classes.Classes
 0001:00013434       Classes.ClassNotFound
 0001:00017E3C       Classes.ComponentCreated
 0003:00000AD8       Classes.Convert
 0003:00000AE8       Classes.Convert
 0001:00017EBC       Classes.CreateComponent
 0001:0001BD28       Classes.DeallocateHWnd
 0001:0001A284       Classes.DoneThreadSynchronization
 0001:00014FE8       Classes.DoWrite
 0001:00013A50       Classes.EndGlobalLoading
 0001:00016CD4       Classes.Error
 0001:00012FD4       Classes.Error
 0003:00000ACC       Classes.FilerSignature
 0001:0001BD50       Classes.Finalization
 0001:000134F4       Classes.FindClass
 0001:0001806C       Classes.FindExistingComponent
 0001:000138E0       Classes.FindGlobalComponent
 0004:000049C4       Classes.FindGlobalComponentProcs
 0001:00013788       Classes.FindIdentToInt
 0001:000170A8       Classes.FindNestedComponent
 0001:00019010       Classes.FindUniqueName
 0001:0001BB1C       Classes.FreeIntConstList
 0001:0001BC50       Classes.FreeObjectInstance
 0001:000134A0       Classes.GetClass
 0001:00014608       Classes.GetDesigner
 0001:00013428       Classes.GetFieldClassTable
 0004:000049C8       Classes.GlobalFixupList
 0001:000171F4       Classes.GlobalFixupReferences
 0005:0000000C       Classes.GlobalLists
 0005:00000008       Classes.GlobalLoaded
 0004:000049AC       Classes.GlobalNameSpace
 0001:0001361C       Classes.GroupDescendentsWith
 0001:000187E0       Classes.HandleException
 0001:0001A1F8       Classes.HexToBin
 0001:00013804       Classes.IdentToInt
 0001:00013AAC       Classes.InitComponent
 0001:00013B54       Classes.InitInheritedComponent
 0001:0001A250       Classes.InitThreadSynchronization
 0004:000049E8       Classes.InstBlockList
 0004:000049EC       Classes.InstFreeList
 0004:000049BC       Classes.IntConstList
 0001:00013944       Classes.InternalReadComponentRes
 0001:00013844       Classes.IntToIdent
 0001:00012994       Classes.InvalidPoint
 0001:00013920       Classes.IsUniqueGlobalComponentName
 0004:000049B0       Classes.IsUniqueGlobalComponentNameProc
 0001:0001BBB8       Classes.MakeObjectInstance
 0001:00014214       Classes.Min
 0001:0001BB88       Classes.ModuleUnload
 0003:00000AD0       Classes.NilMethod
 0001:000146A8       Classes.NotifyDesigner
 0001:00013A20       Classes.NotifyGlobalLoading
 0001:0001291C       Classes.Point
 0001:00012D60       Classes.PointerInModule
 0003:00000B5C       Classes.Priorities
 0001:00017514       Classes.PropertyNotFound
 0001:000188E0       Classes.PropPathError
 0001:00017508       Classes.PropValueError
 0001:000164C4       Classes.RaiseException
 0001:00019BC4       Classes.ReadCustomVariant
 0001:000174F0       Classes.ReadError
 0001:00017E5C       Classes.Recover
 0001:00012944       Classes.Rect
 0004:000049C0       Classes.RegGroups
 0001:00013514       Classes.RegisterClass
 0001:00013888       Classes.RegisterFindGlobalComponentProc
 0001:0001375C       Classes.RegisterIntegerConsts
 0003:00000AAC       Classes.RemoveDataModule
 0001:000173C0       Classes.RemoveFixupReferences
 0001:0001746C       Classes.RemoveFixups
 0001:00017804       Classes.RemoveGlobalFixup
 0001:0001A2DC       Classes.RemoveThread
 0001:0001A29C       Classes.ResetSyncEvent
 0001:00015148       Classes.ReturnAddr
 0001:00013CE4       Classes.ReturnAddr
 0001:00017FCC       Classes.SetCompName
 0001:00017540       Classes.SetElementValue
 0001:00018C38       Classes.SetInterfaceReference
 0001:00018B54       Classes.SetIntIdent
 0001:00018B9C       Classes.SetObjectIdent
 0001:00017DD4       Classes.SetSubComponentState
 0001:00018BDC       Classes.SetVariantReference
 0001:0001A2C4       Classes.SignalSyncEvent
 0001:000196E4       Classes.SkipBinary
 0001:00019714       Classes.SkipCollection
 0001:000196BC       Classes.SkipList
 0001:00012934       Classes.SmallPoint
 0001:000135D0       Classes.StartClassGroup
 0001:0001BB90       Classes.StdWndProc
 0001:000162EC       Classes.StringListCompareStrings
 0004:000049B4       Classes.SyncEvent
 0003:00000B58       Classes.SyncList
 0001:0001B588       Classes.TBasicAction.Change
 0001:0001B41C       Classes.TBasicAction.Create
 0001:0001B460       Classes.TBasicAction.Destroy
 0001:0001B4F4       Classes.TBasicAction.Execute
 0001:0001B4C4       Classes.TBasicAction.ExecuteTarget
 0001:0001B4C0       Classes.TBasicAction.HandlesTarget
 0001:0001B4C8       Classes.TBasicAction.Notification
 0001:0001B59C       Classes.TBasicAction.RegisterChanges
 0001:0001B5E8       Classes.TBasicAction.SetActionComponent
 0001:0001B52C       Classes.TBasicAction.SetOnExecute
 0001:0001B5A8       Classes.TBasicAction.UnRegisterChanges
 0001:0001B510       Classes.TBasicAction.Update
 0001:0001B4F0       Classes.TBasicAction.UpdateTarget
 0001:0001B36C       Classes.TBasicActionLink.AssignClient
 0001:0001B3A4       Classes.TBasicActionLink.Change
 0001:0001B328       Classes.TBasicActionLink.Create
 0001:0001B370       Classes.TBasicActionLink.Destroy
 0001:0001B3BC       Classes.TBasicActionLink.Execute
 0001:0001B404       Classes.TBasicActionLink.IsOnExecuteLinked
 0001:0001B3D8       Classes.TBasicActionLink.SetAction
 0001:0001B408       Classes.TBasicActionLink.SetOnExecute
 0001:0001B410       Classes.TBasicActionLink.Update
 0001:000141CC       Classes.TBits.Destroy
 0001:000141FC       Classes.TBits.Error
 0001:000142F0       Classes.TBits.GetBit
 0001:00014308       Classes.TBits.OpenBit
 0001:000142C4       Classes.TBits.SetBit
 0001:00014220       Classes.TBits.SetSize
 0001:00013244       Classes.TClassFinder.Create
 0001:00013370       Classes.TClassFinder.Destroy
 0001:000133A0       Classes.TClassFinder.GetClass
 0001:00014988       Classes.TCollection.Add
 0001:00014DBC       Classes.TCollection.Added
 0001:000149A8       Classes.TCollection.Assign
 0001:00014A40       Classes.TCollection.BeginUpdate
 0001:00014A44       Classes.TCollection.Changed
 0001:00014A54       Classes.TCollection.Clear
 0001:000148F0       Classes.TCollection.Create
 0001:00014DC0       Classes.TCollection.Deleting
 0001:0001493C       Classes.TCollection.Destroy
 0001:00014ABC       Classes.TCollection.EndUpdate
 0001:00014ACC       Classes.TCollection.GetAttr
 0001:00014AC8       Classes.TCollection.GetAttrCount
 0001:00014AF8       Classes.TCollection.GetCount
 0001:00014B00       Classes.TCollection.GetItem
 0001:00014AD8       Classes.TCollection.GetItemAttr
 0001:00014B14       Classes.TCollection.GetNamePath
 0001:00014BDC       Classes.TCollection.GetPropName
 0001:00014CF8       Classes.TCollection.InsertItem
 0001:00014DC4       Classes.TCollection.Notify
 0001:00014D60       Classes.TCollection.RemoveItem
 0001:00014DB4       Classes.TCollection.SetItemName
 0001:00014DB8       Classes.TCollection.Update
 0001:00014774       Classes.TCollectionItem.Changed
 0001:0001470C       Classes.TCollectionItem.Create
 0001:00014744       Classes.TCollectionItem.Destroy
 0001:000147B0       Classes.TCollectionItem.GetDisplayName
 0001:00014798       Classes.TCollectionItem.GetIndex
 0001:000147D8       Classes.TCollectionItem.GetNamePath
 0001:0001488C       Classes.TCollectionItem.GetOwner
 0001:00014890       Classes.TCollectionItem.SetCollection
 0001:000148B8       Classes.TCollectionItem.SetDisplayName
 0001:000148C0       Classes.TCollectionItem.SetIndex
 0001:0001ABC0       Classes.TComponent.BeforeDestruction
 0001:0001B0F8       Classes.TComponent.ChangeName
 0001:0001AAF8       Classes.TComponent.Create
 0001:0001AE88       Classes.TComponent.DefineProperties
 0001:0001AB44       Classes.TComponent.Destroy
 0001:0001AD50       Classes.TComponent.DestroyComponents
 0001:0001ADAC       Classes.TComponent.Destroying
 0001:0001B234       Classes.TComponent.ExecuteAction
 0001:0001B018       Classes.TComponent.FindComponent
 0001:0001ABCC       Classes.TComponent.FreeNotification
 0001:0001AF1C       Classes.TComponent.GetChildOwner
 0001:0001AF20       Classes.TComponent.GetChildParent
 0001:0001AF14       Classes.TComponent.GetChildren
 0001:0001B10C       Classes.TComponent.GetComponent
 0001:0001B138       Classes.TComponent.GetComponentCount
 0001:0001AF24       Classes.TComponent.GetNamePath
 0001:0001AF38       Classes.TComponent.GetOwner
 0001:0001AF40       Classes.TComponent.GetParentComponent
 0001:0001AF10       Classes.TComponent.HasParent
 0001:0001AC60       Classes.TComponent.Insert
 0001:0001ACB4       Classes.TComponent.InsertComponent
 0001:0001B324       Classes.TComponent.IntfGetComponent
 0001:0001AF60       Classes.TComponent.Loaded
 0001:0001AE28       Classes.TComponent.Notification
 0001:0001AF6C       Classes.TComponent.PaletteCreated
 0001:0001B2A4       Classes.TComponent.QueryInterface
 0001:0001AC20       Classes.TComponent.ReadLeft
 0001:0001AF70       Classes.TComponent.ReadState
 0001:0001AC34       Classes.TComponent.ReadTop
 0001:0001AC8C       Classes.TComponent.Remove
 0001:0001AD18       Classes.TComponent.RemoveComponent
 0001:0001AE0C       Classes.TComponent.RemoveFreeNotification
 0001:0001ADE8       Classes.TComponent.RemoveNotification
 0001:0001B284       Classes.TComponent.SafeCallException
 0001:0001AF3C       Classes.TComponent.SetChildOrder
 0001:0001B148       Classes.TComponent.SetComponentIndex
 0001:0001B19C       Classes.TComponent.SetDesigning
 0001:0001B068       Classes.TComponent.SetName
 0001:0001AF44       Classes.TComponent.SetParentComponent
 0001:0001B1EC       Classes.TComponent.SetReference
 0001:0001B25C       Classes.TComponent.UpdateAction
 0001:0001AF54       Classes.TComponent.Updated
 0001:0001B29C       Classes.TComponent.UpdateRegistry
 0001:0001AF48       Classes.TComponent.Updating
 0001:0001B000       Classes.TComponent.ValidateContainer
 0001:0001B014       Classes.TComponent.ValidateInsert
 0001:0001AF80       Classes.TComponent.ValidateRename
 0001:0001AC48       Classes.TComponent.WriteLeft
 0001:0001AF78       Classes.TComponent.WriteState
 0001:0001AC54       Classes.TComponent.WriteTop
 0001:0001B2E4       Classes.TComponent._AddRef
 0001:0001B304       Classes.TComponent._Release
 0001:00016A80       Classes.TCustomMemoryStream.Read
 0001:00016AB8       Classes.TCustomMemoryStream.Seek
 0001:00016A78       Classes.TCustomMemoryStream.SetPointer
 0001:00016E28       Classes.TFiler.Create
 0001:00016E70       Classes.TFiler.Destroy
 0001:00016E98       Classes.TFiler.SetRoot
 0001:0001688C       Classes.TFileStream.Create
 0001:000168D0       Classes.TFileStream.Create
 0001:00016A44       Classes.TFileStream.Destroy
 0001:000167C8       Classes.THandleStream.Create
 0001:00016804       Classes.THandleStream.Read
 0001:00016824       Classes.THandleStream.Seek
 0001:00016850       Classes.THandleStream.SetSize
 0001:00016864       Classes.THandleStream.SetSize
 0001:00016814       Classes.THandleStream.Write
 0004:000049E4       Classes.ThreadCount
 0004:000049CC       Classes.ThreadLock
 0001:0001A4C0       Classes.ThreadProc
 0001:00013724       Classes.TIntConst.Create
 0001:00014550       Classes.TInterfacedPersistent.AfterConstruction
 0001:000145E0       Classes.TInterfacedPersistent.QueryInterface
 0001:000145A0       Classes.TInterfacedPersistent._AddRef
 0001:000145C0       Classes.TInterfacedPersistent._Release
 0001:00013C3C       Classes.TList.Add
 0001:00013C70       Classes.TList.Clear
 0001:00013C88       Classes.TList.Delete
 0001:00013C1C       Classes.TList.Destroy
 0001:00013D20       Classes.TList.Error
 0001:00013CE8       Classes.TList.Error
 0001:00013D74       Classes.TList.Expand
 0001:00013D8C       Classes.TList.First
 0001:00013D94       Classes.TList.Get
 0001:00013DBC       Classes.TList.Grow
 0001:00013DF0       Classes.TList.IndexOf
 0001:00013E10       Classes.TList.Insert
 0001:00013E7C       Classes.TList.Last
 0001:00013E88       Classes.TList.Move
 0001:00014000       Classes.TList.Notify
 0001:00013EE0       Classes.TList.Put
 0001:00013F30       Classes.TList.Remove
 0001:00013F50       Classes.TList.SetCapacity
 0001:00013F8C       Classes.TList.SetCount
 0001:00016B08       Classes.TMemoryStream.Clear
 0001:00016ADC       Classes.TMemoryStream.Destroy
 0001:00016B20       Classes.TMemoryStream.LoadFromStream
 0001:00016BAC       Classes.TMemoryStream.Realloc
 0001:00016B58       Classes.TMemoryStream.SetCapacity
 0001:00016B80       Classes.TMemoryStream.SetSize
 0001:00016C2C       Classes.TMemoryStream.Write
 0001:000143AC       Classes.TPersistent.Assign
 0001:000143C0       Classes.TPersistent.AssignError
 0001:00014490       Classes.TPersistent.AssignTo
 0001:00014498       Classes.TPersistent.DefineProperties
 0001:00014380       Classes.TPersistent.Destroy
 0001:0001449C       Classes.TPersistent.GetNamePath
 0001:0001454C       Classes.TPersistent.GetOwner
 0001:00016F74       Classes.TPropFixup.Create
 0001:00016FCC       Classes.TPropFixup.MakeGlobalReference
 0001:00017014       Classes.TPropFixup.ResolveReference
 0001:00017024       Classes.TPropIntfFixup.ResolveReference
 0001:00017594       Classes.TReader.CheckValue
 0001:000175F4       Classes.TReader.DefineBinaryProperty
 0001:000175B8       Classes.TReader.DefineProperty
 0001:00017558       Classes.TReader.Destroy
 0001:00017880       Classes.TReader.DoFixupReferences
 0001:000176DC       Classes.TReader.EndOfList
 0001:000176F0       Classes.TReader.Error
 0001:00019A10       Classes.TReader.FindAncestorComponent
 0001:00019B08       Classes.TReader.FindComponentClass
 0001:0001779C       Classes.TReader.FindMethod
 0001:00017714       Classes.TReader.FindMethodInstance
 0001:000179C4       Classes.TReader.FlushBuffer
 0001:000179E8       Classes.TReader.FreeFixups
 0001:00017A24       Classes.TReader.GetFieldClass
 0001:00017ABC       Classes.TReader.GetPosition
 0001:00017AD4       Classes.TReader.NextValue
 0001:00017AE4       Classes.TReader.PropertyError
 0001:00017AF8       Classes.TReader.Read
 0001:00017B80       Classes.TReader.ReadBoolean
 0001:00017B44       Classes.TReader.ReadBuffer
 0001:00017B94       Classes.TReader.ReadChar
 0001:00017C50       Classes.TReader.ReadCollection
 0001:00018110       Classes.TReader.ReadComponent
 0001:00018550       Classes.TReader.ReadCurrency
 0001:00018350       Classes.TReader.ReadData
 0001:000183C0       Classes.TReader.ReadDataInner
 0001:000185A0       Classes.TReader.ReadDate
 0001:000184C8       Classes.TReader.ReadDouble
 0001:00018490       Classes.TReader.ReadFloat
 0001:000185E4       Classes.TReader.ReadIdent
 0001:0001874C       Classes.TReader.ReadInt64
 0001:000186E0       Classes.TReader.ReadInteger
 0001:00018790       Classes.TReader.ReadListBegin
 0001:00018798       Classes.TReader.ReadListEnd
 0001:000187A0       Classes.TReader.ReadPrefix
 0001:000188FC       Classes.TReader.ReadProperty
 0001:00018CF8       Classes.TReader.ReadPropValue
 0001:00019070       Classes.TReader.ReadRootComponent
 0001:000193A4       Classes.TReader.ReadSet
 0001:00019460       Classes.TReader.ReadSignature
 0001:0001850C       Classes.TReader.ReadSingle
 0001:00019484       Classes.TReader.ReadStr
 0001:000194C0       Classes.TReader.ReadString
 0001:00019660       Classes.TReader.ReadValue
 0001:00019D8C       Classes.TReader.ReadVariant
 0001:00017BF4       Classes.TReader.ReadWideChar
 0001:0001957C       Classes.TReader.ReadWideString
 0001:00019AC8       Classes.TReader.ReferenceName
 0001:00019AE0       Classes.TReader.SetName
 0001:00019B7C       Classes.TReader.SkipBytes
 0001:00019968       Classes.TReader.SkipComponent
 0001:00019920       Classes.TReader.SkipProperty
 0001:00019674       Classes.TReader.SkipSetBody
 0001:00019770       Classes.TReader.SkipValue
 0001:00012A58       Classes.TRegGroup.AddClass
 0001:00012A64       Classes.TRegGroup.BestClass
 0001:00012AC4       Classes.TRegGroup.BestGroup
 0001:00012B34       Classes.TRegGroup.Create
 0001:00012B90       Classes.TRegGroup.Destroy
 0001:00012BD0       Classes.TRegGroup.GetClass
 0001:00012C38       Classes.TRegGroup.InGroup
 0001:00012C7C       Classes.TRegGroup.RegisterClass
 0001:00012D3C       Classes.TRegGroup.Registered
 0001:00012D80       Classes.TRegGroup.UnregisterModuleClasses
 0001:00012E2C       Classes.TRegGroups.Activate
 0001:00012E78       Classes.TRegGroups.Create
 0001:00012EEC       Classes.TRegGroups.Destroy
 0001:00012F4C       Classes.TRegGroups.FindGroup
 0001:00012F90       Classes.TRegGroups.GetClass
 0001:00013064       Classes.TRegGroups.GroupWith
 0001:00013130       Classes.TRegGroups.Lock
 0001:0001313C       Classes.TRegGroups.RegisterClass
 0001:00013154       Classes.TRegGroups.Registered
 0001:00013198       Classes.TRegGroups.StartGroup
 0001:000131E8       Classes.TRegGroups.Unlock
 0001:000131F4       Classes.TRegGroups.UnregisterModuleClasses
 0001:00016C7C       Classes.TResourceStream.Create
 0001:00016DE0       Classes.TResourceStream.Destroy
 0001:00016D74       Classes.TResourceStream.Initialize
 0001:00016E10       Classes.TResourceStream.Write
 0001:00016674       Classes.TStream.CopyFrom
 0001:000163D8       Classes.TStream.GetPosition
 0001:0001640C       Classes.TStream.GetSize
 0001:00016604       Classes.TStream.ReadBuffer
 0001:00016768       Classes.TStream.ReadComponent
 0001:00016510       Classes.TStream.Seek
 0001:00016594       Classes.TStream.Seek
 0001:000163F8       Classes.TStream.SetPosition
 0001:00016458       Classes.TStream.SetSize
 0001:00016470       Classes.TStream.SetSize
 0001:0001645C       Classes.TStream.SetSize64
 0001:0001663C       Classes.TStream.WriteBuffer
 0001:0001BB04       Classes.TStreamAdapter.Clone
 0001:0001BA58       Classes.TStreamAdapter.Commit
 0001:0001B850       Classes.TStreamAdapter.CopyTo
 0001:0001B614       Classes.TStreamAdapter.Create
 0001:0001B660       Classes.TStreamAdapter.Destroy
 0001:0001BA70       Classes.TStreamAdapter.LockRegion
 0001:0001B698       Classes.TStreamAdapter.Read
 0001:0001BA64       Classes.TStreamAdapter.Revert
 0001:0001B768       Classes.TStreamAdapter.Seek
 0001:0001B7EC       Classes.TStreamAdapter.SetSize
 0001:0001BA88       Classes.TStreamAdapter.Stat
 0001:0001BA7C       Classes.TStreamAdapter.UnlockRegion
 0001:0001B700       Classes.TStreamAdapter.Write
 0001:00015D58       Classes.TStringList.Add
 0001:00015D68       Classes.TStringList.AddObject
 0001:00015DCC       Classes.TStringList.Changed
 0001:00015DE8       Classes.TStringList.Changing
 0001:00015E04       Classes.TStringList.Clear
 0001:00016354       Classes.TStringList.CompareStrings
 0001:0001631C       Classes.TStringList.CustomSort
 0001:00015E44       Classes.TStringList.Delete
 0001:00015CFC       Classes.TStringList.Destroy
 0001:00015EB0       Classes.TStringList.Exchange
 0001:00015F0C       Classes.TStringList.ExchangeItems
 0001:00015F30       Classes.TStringList.Find
 0001:00015FB4       Classes.TStringList.Get
 0001:00015FE8       Classes.TStringList.GetCapacity
 0001:00015FEC       Classes.TStringList.GetCount
 0001:00015FF0       Classes.TStringList.GetObject
 0001:00016018       Classes.TStringList.Grow
 0001:0001604C       Classes.TStringList.IndexOf
 0001:00016088       Classes.TStringList.Insert
 0001:000160EC       Classes.TStringList.InsertItem
 0001:00016098       Classes.TStringList.InsertObject
 0001:00016168       Classes.TStringList.Put
 0001:000161C4       Classes.TStringList.PutObject
 0001:00016204       Classes.TStringList.QuickSort
 0001:00016298       Classes.TStringList.SetCapacity
 0001:000162B4       Classes.TStringList.SetSorted
 0001:000162D4       Classes.TStringList.SetUpdateState
 0001:0001630C       Classes.TStringList.Sort
 0001:00014E18       Classes.TStrings.Add
 0001:00014E3C       Classes.TStrings.AddObject
 0001:00014E60       Classes.TStrings.AddStrings
 0001:00014F18       Classes.TStrings.Assign
 0001:00014FD0       Classes.TStrings.BeginUpdate
 0001:00015C84       Classes.TStrings.CompareStrings
 0001:00015040       Classes.TStrings.DefineProperties
 0001:00014DE8       Classes.TStrings.Destroy
 0001:0001508C       Classes.TStrings.EndUpdate
 0001:000150A0       Classes.TStrings.Equals
 0001:0001514C       Classes.TStrings.Error
 0001:00015184       Classes.TStrings.Error
 0001:000151DC       Classes.TStrings.Exchange
 0001:000152C8       Classes.TStrings.GetCapacity
 0001:00015C24       Classes.TStrings.GetLineBreak
 0001:00015CC8       Classes.TStrings.GetNameValueSeparator
 0001:000152D0       Classes.TStrings.GetObject
 0001:000152D4       Classes.TStrings.GetText
 0001:00015328       Classes.TStrings.GetTextStr
 0001:00015460       Classes.TStrings.IndexOf
 0001:000154EC       Classes.TStrings.IndexOfName
 0001:000155C0       Classes.TStrings.IndexOfObject
 0001:000155F4       Classes.TStrings.InsertObject
 0001:00015624       Classes.TStrings.LoadFromFile
 0001:00015678       Classes.TStrings.LoadFromStream
 0001:00015724       Classes.TStrings.Move
 0001:000157D4       Classes.TStrings.Put
 0001:00015804       Classes.TStrings.PutObject
 0001:00015808       Classes.TStrings.ReadData
 0001:000158B8       Classes.TStrings.SaveToFile
 0001:00015910       Classes.TStrings.SaveToStream
 0001:00015970       Classes.TStrings.SetCapacity
 0001:00015C58       Classes.TStrings.SetLineBreak
 0001:00015CE0       Classes.TStrings.SetNameValueSeparator
 0001:00015974       Classes.TStrings.SetStringsAdapter
 0001:000159A8       Classes.TStrings.SetText
 0001:000159F8       Classes.TStrings.SetTextStr
 0001:00015B9C       Classes.TStrings.SetUpdateState
 0001:00015BA0       Classes.TStrings.WriteData
 0001:0001A6AC       Classes.TThread.AfterConstruction
 0001:0001A74C       Classes.TThread.CallOnTerminate
 0001:0001A734       Classes.TThread.CheckThreadError
 0001:0001A6B8       Classes.TThread.CheckThreadError
 0001:0001A568       Classes.TThread.Create
 0001:0001A638       Classes.TThread.Destroy
 0001:0001A760       Classes.TThread.DoTerminate
 0001:0001A7A0       Classes.TThread.RemoveQueuedEvents
 0001:0001AA24       Classes.TThread.Resume
 0001:0001A774       Classes.TThread.SetPriority
 0001:0001A9FC       Classes.TThread.Synchronize
 0001:0001A860       Classes.TThread.Synchronize
 0001:0001AA4C       Classes.TThread.Terminate
 0001:0001AA54       Classes.TThread.WaitFor
 0001:000140D4       Classes.TThreadList.Add
 0001:00014004       Classes.TThreadList.Create
 0001:00014058       Classes.TThreadList.Destroy
 0001:0001415C       Classes.TThreadList.LockList
 0001:00014170       Classes.TThreadList.Remove
 0001:000141C0       Classes.TThreadList.UnlockList
 0001:00019FAC       Classes.TWriter.Write
 0001:0001A010       Classes.TWriter.WriteBoolean
 0001:00019FF8       Classes.TWriter.WriteBuffer
 0001:0001A024       Classes.TWriter.WriteInteger
 0001:0001A098       Classes.TWriter.WriteListBegin
 0001:0001A0A0       Classes.TWriter.WriteListEnd
 0001:0001A0A8       Classes.TWriter.WriteMinStr
 0001:0001A154       Classes.TWriter.WriteString
 0001:0001A1A8       Classes.TWriter.WriteValue
 0001:000138C8       Classes.UnregisterFindGlobalComponentProc
 0001:00013584       Classes.UnRegisterModuleClasses
 0003:00000B7C       Classes.UtilWindowClass
 0001:0001A2A8       Classes.WaitForSyncEvent
 0003:00000AC4       Classes.WakeMainThread
 0004:00004BB8       Clipbrd..2
 0004:00004BB6       Clipbrd.CF_COMPONENT
 0004:00004BB4       Clipbrd.CF_PICTURE
 0002:000004F8       Clipbrd.Clipbrd
 0004:00004BBC       Clipbrd.FClipboard
 0001:00035668       Clipbrd.Finalization
 0004:00004FB8       ComCtrls..76
 0001:0006CD98       ComCtrls..TConversion
 0001:0006BAEC       ComCtrls..TCustomStatusBar
 0001:0006BD28       ComCtrls..TStatusBar
 0001:0006B834       ComCtrls..TStatusPanel
 0001:0006B9D8       ComCtrls..TStatusPanels
 0001:0006C5F8       ComCtrls..TTrackBar
 0003:000019F0       ComCtrls.APositionToolTip
 0003:000019E4       ComCtrls.ATickMarks
 0002:000007E8       ComCtrls.ComCtrls
 0001:0006E884       ComCtrls.Finalization
 0004:00004FC0       ComCtrls.FRichEditModule
 0003:000019B4       ComCtrls.GripStyles
 0001:0006CE38       ComCtrls.InitCommonControl
 0003:000019C4       ComCtrls.OrientationStyle
 0003:0000199C       ComCtrls.RTFConversionFormat
 0003:000019BC       ComCtrls.RTLReading
 0004:00004FBC       ComCtrls.ShellModule
 0001:0006E82C       ComCtrls.TConversion.ConvertReadStream
 0001:0006E840       ComCtrls.TConversion.ConvertWriteStream
 0001:0006DC60       ComCtrls.TCustomStatusBar.ChangeScale
 0001:0006D480       ComCtrls.TCustomStatusBar.CMBiDiModeChanged
 0001:0006DB80       ComCtrls.TCustomStatusBar.CMColorChanged
 0001:0006DB94       ComCtrls.TCustomStatusBar.CMParentFontChanged
 0001:0006DC38       ComCtrls.TCustomStatusBar.CMSysColorChange
 0001:0006DC4C       ComCtrls.TCustomStatusBar.CMSysFontChanged
 0001:0006D9A8       ComCtrls.TCustomStatusBar.CMWinIniChange
 0001:0006D9D0       ComCtrls.TCustomStatusBar.CNDrawItem
 0001:0006D0E8       ComCtrls.TCustomStatusBar.Create
 0001:0006DD44       ComCtrls.TCustomStatusBar.CreatePanel
 0001:0006DD80       ComCtrls.TCustomStatusBar.CreatePanels
 0001:0006D1DC       ComCtrls.TCustomStatusBar.CreateParams
 0001:0006D260       ComCtrls.TCustomStatusBar.CreateWnd
 0001:0006D1A0       ComCtrls.TCustomStatusBar.Destroy
 0001:0006D2E8       ComCtrls.TCustomStatusBar.DoHint
 0001:0006D388       ComCtrls.TCustomStatusBar.DoRightToLeftAlignment
 0001:0006D30C       ComCtrls.TCustomStatusBar.DrawPanel
 0001:0006DBB8       ComCtrls.TCustomStatusBar.ExecuteAction
 0001:0006D4F8       ComCtrls.TCustomStatusBar.FlipChildren
 0001:0006DD90       ComCtrls.TCustomStatusBar.GetPanelClass
 0001:0006DB34       ComCtrls.TCustomStatusBar.IsFontStored
 0001:0006DC88       ComCtrls.TCustomStatusBar.SetBounds
 0001:0006D33C       ComCtrls.TCustomStatusBar.SetPanels
 0001:0006DCAC       ComCtrls.TCustomStatusBar.SetParent
 0001:0006D34C       ComCtrls.TCustomStatusBar.SetSimplePanel
 0001:0006D454       ComCtrls.TCustomStatusBar.SetSimpleText
 0001:0006D6B8       ComCtrls.TCustomStatusBar.SetSizeGrip
 0001:0006DB50       ComCtrls.TCustomStatusBar.SetUseSystemFont
 0001:0006D6D0       ComCtrls.TCustomStatusBar.SyncToSystemFont
 0001:0006D700       ComCtrls.TCustomStatusBar.UpdatePanel
 0001:0006D88C       ComCtrls.TCustomStatusBar.UpdatePanels
 0001:0006D3F0       ComCtrls.TCustomStatusBar.UpdateSimpleText
 0001:0006DCB4       ComCtrls.TCustomStatusBar.ValidateSizeGrip
 0001:0006DD98       ComCtrls.TCustomStatusBar.WMEraseBkGnd
 0001:0006DADC       ComCtrls.TCustomStatusBar.WMGetTextLength
 0001:0006DAF0       ComCtrls.TCustomStatusBar.WMPaint
 0001:0006DB10       ComCtrls.TCustomStatusBar.WMSize
 0003:000019A8       ComCtrls.TextConversionFormat
 0003:000019CC       ComCtrls.TickStyles
 0001:0006E854       ComCtrls.TStatusBar.GetOnDrawPanel
 0001:0006E868       ComCtrls.TStatusBar.SetOnDrawPanel
 0001:0006CEB0       ComCtrls.TStatusPanel.Assign
 0001:0006CE64       ComCtrls.TStatusPanel.Create
 0001:0006CFA8       ComCtrls.TStatusPanel.GetDisplayName
 0001:0006CF24       ComCtrls.TStatusPanel.IsBiDiModeStored
 0001:0006CF3C       ComCtrls.TStatusPanel.ParentBiDiModeChanged
 0001:0006CFCC       ComCtrls.TStatusPanel.SetAlignment
 0001:0006CFDC       ComCtrls.TStatusPanel.SetBevel
 0001:0006CF10       ComCtrls.TStatusPanel.SetBiDiMode
 0001:0006CF2C       ComCtrls.TStatusPanel.SetParentBiDiMode
 0001:0006CFEC       ComCtrls.TStatusPanel.SetStyle
 0001:0006CFFC       ComCtrls.TStatusPanel.SetText
 0001:0006D024       ComCtrls.TStatusPanel.SetWidth
 0001:0006CF90       ComCtrls.TStatusPanel.UseRightToLeftAlignment
 0001:0006CF78       ComCtrls.TStatusPanel.UseRightToLeftReading
 0001:0006D094       ComCtrls.TStatusPanels.Add
 0001:0006D034       ComCtrls.TStatusPanels.Create
 0001:0006D0A0       ComCtrls.TStatusPanels.GetItem
 0001:0006D0B4       ComCtrls.TStatusPanels.GetOwner
 0001:0006D0B8       ComCtrls.TStatusPanels.Update
 0001:0006E5AC       ComCtrls.TTrackBar.Changed
 0001:0006E0F4       ComCtrls.TTrackBar.CNHScroll
 0001:0006E5CC       ComCtrls.TTrackBar.CNNotify
 0001:0006E134       ComCtrls.TTrackBar.CNVScroll
 0001:0006DDF8       ComCtrls.TTrackBar.Create
 0001:0006DEDC       ComCtrls.TTrackBar.CreateParams
 0001:0006DFE0       ComCtrls.TTrackBar.CreateWnd
 0001:0006E0EC       ComCtrls.TTrackBar.DestroyWnd
 0001:0006E174       ComCtrls.TTrackBar.GetThumbLength
 0001:0006E3C8       ComCtrls.TTrackBar.SetFrequency
 0001:0006E42C       ComCtrls.TTrackBar.SetLineSize
 0001:0006E3B0       ComCtrls.TTrackBar.SetMax
 0001:0006E394       ComCtrls.TTrackBar.SetMin
 0001:0006E1A4       ComCtrls.TTrackBar.SetOrientation
 0001:0006E468       ComCtrls.TTrackBar.SetPageSize
 0001:0006E1F8       ComCtrls.TTrackBar.SetParams
 0001:0006E380       ComCtrls.TTrackBar.SetPosition
 0001:0006E4A4       ComCtrls.TTrackBar.SetPositionToolTip
 0001:0006E598       ComCtrls.TTrackBar.SetSelEnd
 0001:0006E584       ComCtrls.TTrackBar.SetSelStart
 0001:0006E50C       ComCtrls.TTrackBar.SetShowSelRange
 0001:0006E4F8       ComCtrls.TTrackBar.SetSliderVisible
 0001:0006E4C0       ComCtrls.TTrackBar.SetThumbLength
 0001:0006E418       ComCtrls.TTrackBar.SetTickMarks
 0001:0006E404       ComCtrls.TTrackBar.SetTickStyle
 0001:0006E520       ComCtrls.TTrackBar.UpdateSelection
 0001:0006E7A0       ComCtrls.TTrackBar.WMEraseBkGnd
 0004:00004A2C       CommCtrl.ComCtl32DLL
 0001:0001DA28       CommCtrl.ImageList_Add
 0001:0001DA60       CommCtrl.ImageList_BeginDrag
 0001:0001DA08       CommCtrl.ImageList_Create
 0001:0001DA10       CommCtrl.ImageList_Destroy
 0001:0001DA70       CommCtrl.ImageList_DragEnter
 0001:0001DA78       CommCtrl.ImageList_DragLeave
 0001:0001DA80       CommCtrl.ImageList_DragMove
 0001:0001DA88       CommCtrl.ImageList_DragShowNolock
 0001:0001DA40       CommCtrl.ImageList_Draw
 0001:0001DA50       CommCtrl.ImageList_DrawEx
 0001:0001DA68       CommCtrl.ImageList_EndDrag
 0001:0001DA38       CommCtrl.ImageList_GetBkColor
 0001:0001DA90       CommCtrl.ImageList_GetDragImage
 0001:0001DAA8       CommCtrl.ImageList_GetIconSize
 0001:0001DA18       CommCtrl.ImageList_GetImageCount
 0001:0001DA98       CommCtrl.ImageList_Read
 0001:0001DA58       CommCtrl.ImageList_Remove
 0001:0001DA48       CommCtrl.ImageList_Replace
 0001:0001DA30       CommCtrl.ImageList_SetBkColor
 0001:0001DAB0       CommCtrl.ImageList_SetIconSize
 0001:0001DA20       CommCtrl.ImageList_SetImageCount
 0001:0001DAA0       CommCtrl.ImageList_Write
 0001:0001D974       CommCtrl.InitComCtl
 0001:0001D96C       CommCtrl.InitCommonControls
 0001:0001D9D4       CommCtrl.InitCommonControlsEx
 0004:00004A30       CommCtrl._InitCommonControlsEx
 0001:0001DAB8       CommCtrl._TrackMouseEvent
 0001:0001BE00       Contnrs..TOrderedList
 0001:0001BE68       Contnrs..TStack
 0001:0001BEE0       Contnrs.TOrderedList.Create
 0001:0001BF24       Contnrs.TOrderedList.Destroy
 0001:0001BF54       Contnrs.TOrderedList.PeekItem
 0001:0001BEC8       Contnrs.TOrderedList.Pop
 0001:0001BF68       Contnrs.TOrderedList.PopItem
 0001:0001BED0       Contnrs.TOrderedList.Push
 0001:0001BF88       Contnrs.TStack.PushItem
 0004:00004C14       Controls..33
 0001:0003D6F4       Controls..TBaseDragControlObject
 0001:0003EA80       Controls..TControl
 0001:0003DBC4       Controls..TControlActionLink
 0001:0003DA3C       Controls..TControlCanvas
 0001:0003F848       Controls..TCustomControl
 0001:0003DADC       Controls..TCustomControlAction
 0001:00040074       Controls..TCustomListControl
 0001:00040204       Controls..TCustomMultiSelectListControl
 0001:0003FF7C       Controls..TDockTree
 0001:0003FE30       Controls..TDockZone
 0001:0003D7B8       Controls..TDragControlObject
 0001:0003D844       Controls..TDragControlObjectEx
 0001:0003D8D4       Controls..TDragDockObject
 0001:0003D99C       Controls..TDragDockObjectEx
 0001:0003FB44       Controls..TDragImageList
 0001:0003D650       Controls..TDragObject
 0001:0003F724       Controls..TGraphicControl
 0001:0003F9B4       Controls..THintWindow
 0001:0003FC10       Controls..TImageList
 0001:0003E014       Controls..TMargins
 0001:00040020       Controls..TMouse
 0001:0003E12C       Controls..TPadding
 0001:000408C0       Controls..TSiteList
 0001:0003DEC8       Controls..TSizeConstraints
 0001:0003F314       Controls..TWinControl
 0001:0003EEF0       Controls..TWinControlActionLink
 0001:00040F30       Controls.AbsMin
 0004:00004C48       Controls.ActiveDrag
 0001:000473FC       Controls.AlignWork
 0003:000015E4       Controls.AnchorAlign
 0003:000015D8       Controls.AnimateWindowProc
 0003:000016E4       Controls.AnimationStyle
 0001:00043EA8       Controls.BackgroundClipped
 0001:00050B60       Controls.CalcSplitterPos
 0001:00041FD4       Controls.CancelDrag
 0004:00004C5C       Controls.CanvasList
 0003:0000169C       Controls.CaptureControl
 0001:000403B0       Controls.ChangeBiDiModeAlignment
 0001:00041C3C       Controls.CheckUndock
 0001:0004D9A4       Controls.ClientToWindow
 0004:00004C1A       Controls.ControlAtom
 0004:00004C20       Controls.ControlAtomString
 0002:000005E8       Controls.Controls
 0003:000015DC       Controls.CreationControl
 0003:000016A0       Controls.csPerformingShowingChanged
 0003:000016DC       Controls.Ctl3DStyles
 0003:000015EC       Controls.Cursors
 0001:00040758       Controls.CursorToIdent
 0003:000015E0       Controls.DefaultDockTreeClass
 0001:00048388       Controls.DestroyChildWindow
 0001:00047270       Controls.DoAlign
 0001:0004C230       Controls.DoCalcConstraints
 0004:00004C50       Controls.DockSiteList
 0001:00049258       Controls.DoControlMsg
 0001:00041544       Controls.DoDragOver
 0001:0004E668       Controls.DoFindControlZone
 0001:0004ED90       Controls.DoFindZone
 0001:0004E6EC       Controls.DoForEach
 0001:00050334       Controls.DoGetNextLimit
 0001:0005136C       Controls.DoneControls
 0001:00047228       Controls.DoPosition
 0001:0004F844       Controls.DoPrune
 0001:0004FD58       Controls.DoSaveZone
 0001:0005001C       Controls.DoSetNewBounds
 0001:00048034       Controls.DoWriteDesignSize
 0001:00045228       Controls.DoWriteExplicit
 0001:000451F4       Controls.DoWriteIsControl
 0004:00004C34       Controls.DragCapture
 0004:00004C28       Controls.DragControl
 0001:00041CB0       Controls.DragDone
 0001:000414F4       Controls.DragFindTarget
 0001:000414C8       Controls.DragFindWindow
 0004:00004C4C       Controls.DragImageList
 0001:00041908       Controls.DragInit
 0001:00041A78       Controls.DragInitControl
 0004:00004C30       Controls.DragInternalObject
 0001:00041410       Controls.DragMessage
 0004:00004C2C       Controls.DragObject
 0004:00004C58       Controls.DragSave
 0004:00004C40       Controls.DragSaveCursor
 0004:00004C38       Controls.DragStartPos
 0004:00004C44       Controls.DragThreshold
 0001:00041620       Controls.DragTo
 0001:0004F2C8       Controls.DrawCloseButton
 0001:0004F35C       Controls.DrawGrabberLine
 0001:0004F3E4       Controls.DrawThemedGrabber
 0001:00049704       Controls.DrawThemeEdge
 0003:000016CC       Controls.EdgeStyles
 0001:000519A8       Controls.Finalization
 0001:00040508       Controls.FindControl
 0001:00042020       Controls.FindDragTarget
 0001:00041FEC       Controls.FindVCLWindow
 0001:000420E4       Controls.FreeDeviceContext
 0001:000421A0       Controls.FreeDeviceContexts
 0001:00040854       Controls.GetCaptureControl
 0001:00047098       Controls.GetClientSize
 0001:000488A4       Controls.GetControlAtPos
 0001:00050414       Controls.GetDockAlign
 0001:00041260       Controls.GetDockSiteAtPos
 0001:00041580       Controls.GetDropCtl
 0001:0004E398       Controls.GetLastChildZone
 0001:000407BC       Controls.GetLongHint
 0001:00040778       Controls.GetShortHint
 0001:00040960       Controls.GetTopParent
 0001:00050490       Controls.HideZone
 0001:00040768       Controls.IdentToCursor
 0003:0000170C       Controls.IMM32DLL
 0001:00051358       Controls.Imm32IsIME
 0001:000513F4       Controls.InitControls
 0001:00050FFC       Controls.InitIMM32
 0001:000403C4       Controls.InitWndProc
 0003:000016AC       Controls.InnerStyles
 0001:000470F8       Controls.InsertBefore
 0001:00041014       Controls.IsBeforeTargetWindow
 0001:00041468       Controls.IsDelphiHandle
 0001:0004DDCC       Controls.IsOrientationSet
 0001:0004121C       Controls.IsSiteChildOfClient
 0001:00040564       Controls.IsVCLControl
 0004:00004C08       Controls.IsVCLControlHook
 0001:0004206C       Controls.ListAdd
 0001:00042094       Controls.ListRemove
 0003:000016F8       Controls.MakeLast
 0001:00046330       Controls.MinVar
 0003:00001710       Controls.ModeMap
 0004:00004C04       Controls.Mouse
 0001:000420B4       Controls.MoveWindowOrg
 0004:00004C10       Controls.NewStyleControls
 0001:0004DDB0       Controls.NextVisibleZone
 0001:000404D4       Controls.ObjectFromHWnd
 0003:000016F0       Controls.OrientArray
 0003:000016BC       Controls.OuterStyles
 0001:0004E1C0       Controls.ParentNotLast
 0001:00040800       Controls.PerformEraseBackground
 0001:00048020       Controls.PointsEqual
 0004:00004C54       Controls.QualifyingSites
 0001:0004EF2C       Controls.ReadControlName
 0001:000413B4       Controls.RegisterDockSite
 0004:00004C24       Controls.RM_GetObjectInstance
 0001:00040594       Controls.SendAppMessage
 0001:0004087C       Controls.SetCaptureControl
 0001:00051280       Controls.SetImeMode
 0001:00045CB0       Controls.SetParentColor
 0003:000016A4       Controls.ShowFlags
 0001:00050510       Controls.ShowZone
 0003:00001704       Controls.SizeCursors
 0001:00040D30       Controls.TBaseDragControlObject.Assign
 0001:00040D0C       Controls.TBaseDragControlObject.Create
 0001:00040D5C       Controls.TBaseDragControlObject.EndDrag
 0001:00040D80       Controls.TBaseDragControlObject.Finished
 0001:00046060       Controls.TControl.ActionChange
 0001:00046450       Controls.TControl.AdjustSize
 0001:00046284       Controls.TControl.AssignTo
 0001:00044208       Controls.TControl.BeginAutoDrag
 0001:00044224       Controls.TControl.BeginDrag
 0001:00043D40       Controls.TControl.BringToFront
 0001:00044C6C       Controls.TControl.CalcCursorPos
 0001:00044DD4       Controls.TControl.CalcDockSizes
 0001:00044B6C       Controls.TControl.CanAutoSize
 0001:00044B70       Controls.TControl.CanResize
 0001:000436B0       Controls.TControl.Changed
 0001:000436C0       Controls.TControl.ChangeScale
 0001:000457E4       Controls.TControl.CheckNewSize
 0001:000455D8       Controls.TControl.Click
 0001:00046690       Controls.TControl.ClientToParent
 0001:00043538       Controls.TControl.ClientToScreen
 0001:00045DB8       Controls.TControl.CMBiDiModeChanged
 0001:00045CA0       Controls.TControl.CMColorChanged
 0001:00045EE8       Controls.TControl.CMDesignHitTest
 0001:00045C80       Controls.TControl.CMEnabledChanged
 0001:00046000       Controls.TControl.CMFloat
 0001:00045C90       Controls.TControl.CMFontChanged
 0001:000464DC       Controls.TControl.CMHintShow
 0001:00045E68       Controls.TControl.CMHitTest
 0001:000467A0       Controls.TControl.CMMouseActivate
 0001:00045E70       Controls.TControl.CMMouseEnter
 0001:00045EAC       Controls.TControl.CMMouseLeave
 0001:00045D48       Controls.TControl.CMMouseWheel
 0001:00045D24       Controls.TControl.CMParentBiDiModeChanged
 0001:00045CE8       Controls.TControl.CMParentColorChanged
 0001:00045E14       Controls.TControl.CMParentFontChanged
 0001:00045DD8       Controls.TControl.CMParentShowHintChanged
 0001:00045E44       Controls.TControl.CMSysFontChanged
 0001:00045C58       Controls.TControl.CMVisibleChanged
 0001:00044C3C       Controls.TControl.ConstrainedResize
 0001:00042910       Controls.TControl.Create
 0001:00045EF0       Controls.TControl.CreateFloatingDockSite
 0001:00045644       Controls.TControl.DblClick
 0001:000446AC       Controls.TControl.DefaultDockImage
 0001:0004514C       Controls.TControl.DefaultHandler
 0001:00045448       Controls.TControl.DefineProperties
 0001:00044C98       Controls.TControl.DesignWndProc
 0001:00042A08       Controls.TControl.Destroy
 0001:00046160       Controls.TControl.DoActionChange
 0001:00044BA0       Controls.TControl.DoCanAutoSize
 0001:00044C0C       Controls.TControl.DoCanResize
 0001:00043208       Controls.TControl.Dock
 0001:000444A8       Controls.TControl.DockTrackNoTarget
 0001:00044CCC       Controls.TControl.DoConstrainedResize
 0001:00044B5C       Controls.TControl.DoConstraintsChange
 0001:00046650       Controls.TControl.DoContextPopup
 0001:00043338       Controls.TControl.DoDock
 0001:000447F8       Controls.TControl.DoDragMsg
 0001:000444C0       Controls.TControl.DoEndDock
 0001:000443A8       Controls.TControl.DoEndDrag
 0001:000467C4       Controls.TControl.DoMarginChange
 0001:0004450C       Controls.TControl.DoMouseActivate
 0001:0004569C       Controls.TControl.DoMouseDown
 0001:00045A14       Controls.TControl.DoMouseUp
 0001:00044540       Controls.TControl.DoMouseWheel
 0001:00044614       Controls.TControl.DoMouseWheelDown
 0001:00044660       Controls.TControl.DoMouseWheelUp
 0001:000444EC       Controls.TControl.DoStartDock
 0001:00044388       Controls.TControl.DoStartDrag
 0001:00044310       Controls.TControl.DragCanceled
 0001:0004435C       Controls.TControl.DragDrop
 0001:00044314       Controls.TControl.Dragging
 0001:00044320       Controls.TControl.DragOver
 0001:000447D8       Controls.TControl.DrawDragDockImage
 0001:00046470       Controls.TControl.DrawTextBiDiModeFlags
 0001:000464B0       Controls.TControl.DrawTextBiDiModeFlagsReadingOnly
 0001:000447E8       Controls.TControl.EraseDragDockImage
 0001:00043B60       Controls.TControl.FontChanged
 0001:00042B90       Controls.TControl.GetAction
 0001:00046184       Controls.TControl.GetActionLinkClass
 0001:000467D8       Controls.TControl.GetAlignWithMargins
 0001:000433C8       Controls.TControl.GetBoundsRect
 0001:00043468       Controls.TControl.GetClientHeight
 0001:000434A8       Controls.TControl.GetClientOrigin
 0001:0004340C       Controls.TControl.GetClientRect
 0001:00043424       Controls.TControl.GetClientWidth
 0001:000441B8       Controls.TControl.GetControlsAlignment
 0001:00043E00       Controls.TControl.GetDeviceContext
 0001:0004636C       Controls.TControl.GetDockEdge
 0001:00042AD0       Controls.TControl.GetDragImages
 0001:00042AD4       Controls.TControl.GetEnabled
 0001:0004641C       Controls.TControl.GetFloating
 0001:00046448       Controls.TControl.GetFloatingDockSiteClass
 0001:00043D08       Controls.TControl.GetMouseCapture
 0001:00042ADC       Controls.TControl.GetPalette
 0001:00042AE8       Controls.TControl.GetParentComponent
 0001:000457DC       Controls.TControl.GetPopupMenu
 0001:00043AB0       Controls.TControl.GetText
 0001:00043A30       Controls.TControl.GetTextBuf
 0001:00043A20       Controls.TControl.GetTextLen
 0001:00043A3C       Controls.TControl.GetUndockHeight
 0001:00043A50       Controls.TControl.GetUndockWidth
 0001:00042AE0       Controls.TControl.HasParent
 0001:000464CC       Controls.TControl.InitiateAction
 0001:00043FC0       Controls.TControl.Invalidate
 0001:00043F34       Controls.TControl.InvalidateControl
 0001:00042CBC       Controls.TControl.IsAnchorsStored
 0001:00043BD4       Controls.TControl.IsBiDiModeStored
 0001:0004618C       Controls.TControl.IsCaptionStored
 0001:00043C9C       Controls.TControl.IsColorStored
 0001:000461AC       Controls.TControl.IsEnabledStored
 0001:00043BB4       Controls.TControl.IsFontStored
 0001:000461EC       Controls.TControl.IsHelpContextStored
 0001:000461CC       Controls.TControl.IsHintStored
 0001:0004622C       Controls.TControl.IsOnClickStored
 0001:00043BC8       Controls.TControl.IsShowHintStored
 0001:0004620C       Controls.TControl.IsVisibleStored
 0001:0004624C       Controls.TControl.Loaded
 0001:000448E8       Controls.TControl.ManualDock
 0001:00044AC8       Controls.TControl.ManualFloat
 0001:00043FD4       Controls.TControl.MouseActivate
 0001:00045664       Controls.TControl.MouseDown
 0001:00045930       Controls.TControl.MouseMove
 0001:000459DC       Controls.TControl.MouseUp
 0001:0004401C       Controls.TControl.MouseWheelHandler
 0001:00042DD4       Controls.TControl.Notification
 0001:00042B14       Controls.TControl.PaletteChanged
 0001:00044DA0       Controls.TControl.Perform
 0001:000443D4       Controls.TControl.PositionDockRect
 0001:000468B4       Controls.TControl.ReadExplicitHeight
 0001:000468CC       Controls.TControl.ReadExplicitLeft
 0001:0004689C       Controls.TControl.ReadExplicitTop
 0001:00046874       Controls.TControl.ReadExplicitWidth
 0001:000451D4       Controls.TControl.ReadIsControl
 0001:00042D40       Controls.TControl.ReadState
 0001:000440B0       Controls.TControl.Refresh
 0001:000440BC       Controls.TControl.Repaint
 0001:00042D10       Controls.TControl.RequestAlign
 0001:00042D20       Controls.TControl.Resize
 0001:00043564       Controls.TControl.ScaleConstraints
 0001:000435E8       Controls.TControl.ScreenToClient
 0001:00043614       Controls.TControl.SendCancelMode
 0001:00043644       Controls.TControl.SendDockNotification
 0001:00042C40       Controls.TControl.SetAction
 0001:00042E2C       Controls.TControl.SetAlign
 0001:000467E0       Controls.TControl.SetAlignWithMargins
 0001:00042BA0       Controls.TControl.SetAnchors
 0001:0004387C       Controls.TControl.SetAutoSize
 0001:00043B44       Controls.TControl.SetBiDiMode
 0001:00042F14       Controls.TControl.SetBounds
 0001:000433E8       Controls.TControl.SetBoundsRect
 0001:00043480       Controls.TControl.SetClientHeight
 0001:0004393C       Controls.TControl.SetClientSize
 0001:0004343C       Controls.TControl.SetClientWidth
 0001:00043C50       Controls.TControl.SetColor
 0001:00046684       Controls.TControl.SetConstraints
 0001:00043CEC       Controls.TControl.SetCursor
 0001:00042CD4       Controls.TControl.SetDesignVisible
 0001:00042D0C       Controls.TControl.SetDragMode
 0001:00043A08       Controls.TControl.SetEnabled
 0001:00043BA4       Controls.TControl.SetFont
 0001:000431D4       Controls.TControl.SetHeight
 0001:00043390       Controls.TControl.SetHelpContext
 0001:000433A4       Controls.TControl.SetHelpKeyword
 0001:00043138       Controls.TControl.SetLeft
 0001:000467CC       Controls.TControl.SetMargins
 0001:00043D18       Controls.TControl.SetMouseCapture
 0001:00043898       Controls.TControl.SetName
 0001:00043984       Controls.TControl.SetParent
 0001:00043CC8       Controls.TControl.SetParentBiDiMode
 0001:00043CA4       Controls.TControl.SetParentColor
 0001:00042AEC       Controls.TControl.SetParentComponent
 0001:00043BDC       Controls.TControl.SetParentFont
 0001:00043C24       Controls.TControl.SetParentShowHint
 0001:00043A64       Controls.TControl.SetPopupMenu
 0001:00043C00       Controls.TControl.SetShowHint
 0001:00043AE0       Controls.TControl.SetText
 0001:00043A8C       Controls.TControl.SetTextBuf
 0001:0004316C       Controls.TControl.SetTop
 0001:000439D0       Controls.TControl.SetVisible
 0001:000431A0       Controls.TControl.SetWidth
 0001:00043DDC       Controls.TControl.SetZOrder
 0001:00043D54       Controls.TControl.SetZOrderPosition
 0001:0004409C       Controls.TControl.Update
 0001:00042FB4       Controls.TControl.UpdateAnchorRules
 0001:00044E48       Controls.TControl.UpdateBoundsRect
 0001:00046810       Controls.TControl.UpdateExplicitBounds
 0001:000441D4       Controls.TControl.UseRightToLeftAlignment
 0001:000441BC       Controls.TControl.UseRightToLeftReading
 0001:000441EC       Controls.TControl.UseRightToLeftScrollBar
 0001:00044E78       Controls.TControl.VisibleChanging
 0001:00045B68       Controls.TControl.WMCancelMode
 0001:0004650C       Controls.TControl.WMContextMenu
 0001:00045788       Controls.TControl.WMLButtonDblClk
 0001:00045720       Controls.TControl.WMLButtonDown
 0001:00045A4C       Controls.TControl.WMLButtonUp
 0001:00045904       Controls.TControl.WMMButtonDblClk
 0001:000458D8       Controls.TControl.WMMButtonDown
 0001:00045AF0       Controls.TControl.WMMButtonUp
 0001:00045964       Controls.TControl.WMMouseMove
 0001:00045B10       Controls.TControl.WMMouseWheel
 0001:0004576C       Controls.TControl.WMNCLButtonDown
 0001:000458AC       Controls.TControl.WMRButtonDblClk
 0001:00045880       Controls.TControl.WMRButtonDown
 0001:00045AD0       Controls.TControl.WMRButtonUp
 0001:00045BA8       Controls.TControl.WMWindowPosChanged
 0001:00044E7C       Controls.TControl.WndProc
 0001:00046854       Controls.TControl.WriteExplicitHeight
 0001:00046864       Controls.TControl.WriteExplicitLeft
 0001:00046844       Controls.TControl.WriteExplicitTop
 0001:0004688C       Controls.TControl.WriteExplicitWidth
 0001:000451E8       Controls.TControl.WriteIsControl
 0001:000424BC       Controls.TControlActionLink.AssignClient
 0001:000424D8       Controls.TControlActionLink.DoShowHint
 0001:000425C8       Controls.TControlActionLink.IsCaptionLinked
 0001:0004263C       Controls.TControlActionLink.IsDropdownMenuLinked
 0001:00042650       Controls.TControlActionLink.IsEnabledLinked
 0001:00042684       Controls.TControlActionLink.IsEnableDropdownLinked
 0001:00042824       Controls.TControlActionLink.IsHelpLinked
 0001:00042698       Controls.TControlActionLink.IsHintLinked
 0001:00042744       Controls.TControlActionLink.IsOnExecuteLinked
 0001:000426D0       Controls.TControlActionLink.IsPopupMenuLinked
 0001:00042710       Controls.TControlActionLink.IsVisibleLinked
 0001:0004276C       Controls.TControlActionLink.SetCaption
 0001:0004278C       Controls.TControlActionLink.SetDropdownMenu
 0001:00042790       Controls.TControlActionLink.SetEnabled
 0001:000427B0       Controls.TControlActionLink.SetEnableDropdown
 0001:000428AC       Controls.TControlActionLink.SetHelpContext
 0001:0004288C       Controls.TControlActionLink.SetHelpKeyword
 0001:000428CC       Controls.TControlActionLink.SetHelpType
 0001:000427B4       Controls.TControlActionLink.SetHint
 0001:000427F8       Controls.TControlActionLink.SetOnExecute
 0001:000428EC       Controls.TControlActionLink.SetPopupMenu
 0001:000427D8       Controls.TControlActionLink.SetVisible
 0001:00042278       Controls.TControlCanvas.CreateHandle
 0001:0004224C       Controls.TControlCanvas.Destroy
 0001:00042320       Controls.TControlCanvas.FreeHandle
 0001:00042354       Controls.TControlCanvas.SetControl
 0001:0004236C       Controls.TControlCanvas.UpdateTextFlags
 0001:0004DC54       Controls.TCustomControl.Create
 0001:0004DCB0       Controls.TCustomControl.Destroy
 0001:0004DDAC       Controls.TCustomControl.Paint
 0001:0004DD00       Controls.TCustomControl.PaintWindow
 0001:0004DCE0       Controls.TCustomControl.WMPaint
 0001:000515C0       Controls.TCustomListControl.MoveSelection
 0001:00050968       Controls.TDockTree.ActualSize
 0001:0004E638       Controls.TDockTree.AdjustDockRect
 0001:000509FC       Controls.TDockTree.AdjustFrameRect
 0001:0004E650       Controls.TDockTree.BeginUpdate
 0001:00050648       Controls.TDockTree.ControlVisibilityChanged
 0001:0004E47C       Controls.TDockTree.Create
 0001:0004E5E4       Controls.TDockTree.Destroy
 0001:00050248       Controls.TDockTree.DrawSizeSplitter
 0001:0004E654       Controls.TDockTree.EndUpdate
 0001:0004ED04       Controls.TDockTree.FindControlAtPos
 0001:0004E6C0       Controls.TDockTree.FindControlZone
 0001:0004E728       Controls.TDockTree.ForEachAt
 0001:0004E740       Controls.TDockTree.GetControlBounds
 0001:000503C4       Controls.TDockTree.GetNextLimit
 0001:0004E7B4       Controls.TDockTree.HitTest
 0001:0004E7C4       Controls.TDockTree.InsertControl
 0001:0004E9E0       Controls.TDockTree.InsertNewParent
 0001:0004EB88       Controls.TDockTree.InsertSibling
 0001:0004EEA4       Controls.TDockTree.InternalHitTest
 0001:0004EF74       Controls.TDockTree.LoadFromStream
 0001:00050A3C       Controls.TDockTree.MouseDown
 0001:00050BF0       Controls.TDockTree.MouseMove
 0001:00050C40       Controls.TDockTree.MouseUp
 0001:0004F440       Controls.TDockTree.PaintDockFrame
 0001:0004F594       Controls.TDockTree.PaintSite
 0001:0004F6C8       Controls.TDockTree.PositionDockRect
 0001:0004F878       Controls.TDockTree.PruneZone
 0001:000509D0       Controls.TDockTree.ReferenceFromOrient
 0001:00050998       Controls.TDockTree.RelativeSize
 0001:0004F8D4       Controls.TDockTree.RemoveControl
 0001:0004F914       Controls.TDockTree.RemoveZone
 0001:0004FBB4       Controls.TDockTree.ResetBounds
 0001:0004FE68       Controls.TDockTree.SaveToStream
 0001:0004FC9C       Controls.TDockTree.ScaleZone
 0001:000500A4       Controls.TDockTree.SetNewBounds
 0001:000500D4       Controls.TDockTree.SetReplacingControl
 0001:000500EC       Controls.TDockTree.ShiftZone
 0001:00050CB4       Controls.TDockTree.ShowHint
 0001:00050120       Controls.TDockTree.SplitterMouseDown
 0001:00050180       Controls.TDockTree.SplitterMouseUp
 0001:000501FC       Controls.TDockTree.UpdateAll
 0001:00050224       Controls.TDockTree.UpdateZone
 0001:00050234       Controls.TDockTree.WindowProc
 0001:000506D0       Controls.TDockTree.WndProc
 0001:0004EC00       Controls.TDockTree.ZoneCaptionHitTest
 0001:0004DDF0       Controls.TDockZone.Create
 0001:0004E3A8       Controls.TDockZone.ExpandZoneLimit
 0001:0004E470       Controls.TDockZone.FirstVisibleChild
 0001:0004DE14       Controls.TDockZone.GetChildCount
 0001:0004E0F8       Controls.TDockZone.GetControlName
 0001:0004DF98       Controls.TDockZone.GetHeightWidth
 0001:0004DE84       Controls.TDockZone.GetLimitBegin
 0001:0004DECC       Controls.TDockZone.GetLimitSize
 0001:0004DF14       Controls.TDockZone.GetTopLeft
 0001:0004DE4C       Controls.TDockZone.GetVisible
 0001:0004DE28       Controls.TDockZone.GetVisibleChildCount
 0001:0004E36C       Controls.TDockZone.GetZoneLimit
 0001:0004E448       Controls.TDockZone.NextVisible
 0001:0004E454       Controls.TDockZone.PrevVisible
 0001:0004E050       Controls.TDockZone.ResetChildren
 0001:0004E3E8       Controls.TDockZone.ResetZoneLimits
 0001:0004E13C       Controls.TDockZone.SetControlName
 0001:0004E394       Controls.TDockZone.SetZoneLimit
 0001:0004E1F0       Controls.TDockZone.Update
 0001:00040DB4       Controls.TDragControlObject.GetDragCursor
 0001:00040DCC       Controls.TDragControlObject.GetDragImages
 0001:00040DD8       Controls.TDragControlObject.HideDragImage
 0001:00040DF8       Controls.TDragControlObject.ShowDragImage
 0001:00040E18       Controls.TDragControlObjectEx.BeforeDestruction
 0001:00040F54       Controls.TDragDockObject.AdjustDockRect
 0001:00040EB4       Controls.TDragDockObject.Assign
 0001:00040E1C       Controls.TDragDockObject.Create
 0001:00040E84       Controls.TDragDockObject.Destroy
[...]
  1367 0001:0006EF44  1368 0001:0006EF4C  1369 0001:0006EF54  1371 0001:0006EF5A
  1372 0001:0006EF62  1375 0001:0006EF67  1376 0001:0006EF75  1377 0001:0006EF83
  1378 0001:0006EF85  1379 0001:0006EF8A  1381 0001:0006EFA5  1382 0001:0006EFB9
  1383 0001:0006EFC7  1387 0001:0006EFCB  1388 0001:0006EFD8  1390 0001:0006EFDC
  1391 0001:0006EFEF  1392 0001:0006EFFD  1396 0001:0006EFFF  1398 0001:0006F003
  1399 0001:0006F010  1401 0001:0006F014  1402 0001:0006F028  1406 0001:0006F03D
  1411 0001:0006F04D  1413 0001:0006F058  1415 0001:0006F075  1416 0001:0006F088
  1418 0001:0006F08A  1411 0001:0006F08B  1421 0001:0006F09D  1422 0001:0006F0A5
  1424 0001:0006F0B2

Line numbers for HUtil32(..\Common\HUtil32.pas) segment .itext

  2462 0002:000007F0

Line numbers for EDcode(EDcode.pas) segment .text

   204 0001:0006F150   207 0001:0006F169   211 0001:0006F173

Line numbers for EDcode(EDcode.pas) segment .itext

   195 0002:000007F8   197 0002:00000801   198 0002:00000810   199 0002:0000081F
   203 0002:00000829

Line numbers for IPaddrFilter(IPaddrFilter.pas) segment .text

    93 0001:00071504    94 0001:00071507    95 0001:00071515    96 0001:00071523
    97 0001:00071531   102 0001:00071534   103 0001:00071538   105 0001:00071559
   107 0001:00071596   108 0001:000715A3   109 0001:000715B0   110 0001:000715BD
   113 0001:000715C0   114 0001:000715D9   115 0001:00071614   117 0001:00071664
   118 0001:00071686   120 0001:0007168F   124 0001:000716E4   125 0001:000716F1
   131 0001:000716F4   132 0001:0007170F   133 0001:0007174E   134 0001:0007176E
   138 0001:000717BE   139 0001:000717D2   140 0001:000717DE   141 0001:000717EE
   142 0001:000717FC   143 0001:0007180B   145 0001:00071814   151 0001:000718A4
   152 0001:000718BF   153 0001:000718FE   154 0001:0007191E   158 0001:0007196E
   159 0001:00071982   160 0001:0007198E   161 0001:0007199E   162 0001:000719AC
   163 0001:000719BB   165 0001:000719C4   169 0001:00071A54   170 0001:00071A61
   178 0001:00071A64   179 0001:00071A82   180 0001:00071AC1   181 0001:00071AE1
   182 0001:00071AFE   183 0001:00071B0F   184 0001:00071B21   185 0001:00071B36
   186 0001:00071B44   188 0001:00071B46   183 0001:00071B47   189 0001:00071B4A
   190 0001:00071B5E   191 0001:00071B6A   192 0001:00071B7A   194 0001:00071B88
   200 0001:00071BAC   201 0001:00071BC3   202 0001:00071BFA   203 0001:00071C1A
   204 0001:00071C37   211 0001:00071C4A   215 0001:00071C6C   216 0001:00071C79
   224 0001:00071C7C   225 0001:00071C9A   226 0001:00071CD9   227 0001:00071CF9
   228 0001:00071D16   229 0001:00071D27   230 0001:00071D39   231 0001:00071D4E
   232 0001:00071D5C   234 0001:00071D5E   229 0001:00071D5F   235 0001:00071D62
   236 0001:00071D76   237 0001:00071D82   238 0001:00071D92   240 0001:00071DA0
   248 0001:00071DC4   249 0001:00071DDC   250 0001:00071E1B   251 0001:00071E3B
   252 0001:00071E4B   253 0001:00071E68   254 0001:00071E7A   255 0001:00071E8C
   256 0001:00071E9A   258 0001:00071E9C   253 0001:00071E9D   260 0001:00071EA0
   265 0001:00071EC4   266 0001:00071EC8   268 0001:00071EE9   270 0001:00071F26
   271 0001:00071F33   272 0001:00071F40   277 0001:00071F44   278 0001:00071F48
   280 0001:00071F69   282 0001:00071FA6   283 0001:00071FB3   284 0001:00071FC0
   287 0001:00071FC4   288 0001:00071FC7   289 0001:00071FDA   292 0001:00071FDC
   293 0001:00071FDF   294 0001:00071FF9   297 0001:00071FFC   298 0001:00071FFF
   299 0001:00072019   302 0001:0007201C   303 0001:0007201F   304 0001:00072039
   310 0001:0007203C   311 0001:0007205B   312 0001:0007206C   313 0001:0007207F
   314 0001:00072099   315 0001:000720BB   316 0001:000720C1   317 0001:000720F4
   313 0001:000720F5   318 0001:000720F8   323 0001:0007211C   324 0001:00072131
   325 0001:0007213F   326 0001:00072151   327 0001:00072187   325 0001:00072188
   328 0001:0007218B   334 0001:000721B0   335 0001:000721C5   336 0001:000721D3
   337 0001:000721E5   338 0001:0007221B   336 0001:0007221C   339 0001:0007221F
   345 0001:00072244   346 0001:0007225C   347 0001:00072269   349 0001:0007227A
   350 0001:00072296   351 0001:000722B3   352 0001:000722CF   353 0001:000722D6
   354 0001:000722DD   360 0001:00072358   361 0001:0007236E   362 0001:00072376
   363 0001:0007238C   364 0001:00072398   365 0001:000723B0   367 0001:000723B2
   368 0001:000723C6   369 0001:000723D2   370 0001:000723E2   371 0001:000723F0
   377 0001:00072470   378 0001:00072486   379 0001:0007248E   380 0001:000724A4
   381 0001:000724B0   386 0001:000724CD   387 0001:000724E1   388 0001:000724ED
   389 0001:000724FD   390 0001:0007250B   391 0001:00072510   396 0001:00072598
   397 0001:0007259B   398 0001:000725AE   400 0001:000725DE

Line numbers for GeneralConfig(GeneralConfig.pas) segment .text

    48 0001:000728B8    49 0001:000728DB    50 0001:000728F4    51 0001:0007291A
    52 0001:00072933    53 0001:00072959    54 0001:00072972    56 0001:00072981
    57 0001:0007298D    58 0001:000729A5    59 0001:000729B3    62 0001:000729B8
    63 0001:000729C4    64 0001:000729DC    65 0001:000729EA    68 0001:000729EF
    69 0001:000729FB    70 0001:00072A13    71 0001:00072A21    74 0001:00072A26
    75 0001:00072A32    76 0001:00072A4A    77 0001:00072A58    79 0001:00072A5D
    80 0001:00072A63    81 0001:00072A7B    82 0001:00072A89    85 0001:00072A8E
    86 0001:00072A98    87 0001:00072AA5    88 0001:00072AB2    89 0001:00072AB9
    90 0001:00072AC6    91 0001:00072ACD    93 0001:00072AE3    94 0001:00072AF6
    95 0001:00072B12    96 0001:00072B2E    97 0001:00072B4A    98 0001:00072B66
    99 0001:00072B82   100 0001:00072B9E   101 0001:00072BC1   102 0001:00072BC8
   103 0001:00072BCF   105 0001:00072D72

Line numbers for Main(Main.pas) segment .text

   137 0001:00073398   138 0001:000733C2   139 0001:000733D0   140 0001:000733DC
   141 0001:000733E5   142 0001:00073421   145 0001:0007343D   147 0001:00073451
   156 0001:00073490   157 0001:000734BA   158 0001:000734C1   160 0001:000734CB
   161 0001:000734D5   163 0001:000734EE   166 0001:000734F8   167 0001:00073507
   168 0001:00073524   169 0001:0007352B   172 0001:00073530   173 0001:00073543
   175 0001:00073557   178 0001:00073560   179 0001:0007356C   180 0001:0007357C
   181 0001:0007358A   184 0001:00073597   185 0001:000735A3   186 0001:000735B3
   187 0001:000735C1   190 0001:000735CC   191 0001:000735E9   195 0001:000735EE
   196 0001:000735FC   197 0001:00073603   198 0001:00073605   199 0001:0007360A
   200 0001:0007360C   201 0001:00073617   202 0001:0007361C   203 0001:00073620
   204 0001:00073628   206 0001:00073630   207 0001:00073634   208 0001:00073638
   209 0001:0007363D   210 0001:00073642   211 0001:0007364A   212 0001:00073650
   213 0001:0007365B   214 0001:00073663   215 0001:00073666   216 0001:0007366F
   218 0001:00073671   196 0001:00073675   219 0001:0007367D   226 0001:00073683
   227 0001:000736CF   229 0001:000736EE   230 0001:000736F5   233 0001:00073714
   234 0001:0007371B   236 0001:00073738   247 0001:000737F0   248 0001:00073818
   249 0001:00073823   250 0001:00073833   251 0001:0007383C   252 0001:0007384E
   253 0001:0007385C   254 0001:00073860   255 0001:00073863   256 0001:00073869
   257 0001:00073873   259 0001:00073881   262 0001:00073883   251 0001:00073884
   263 0001:00073887   264 0001:0007389E   265 0001:000738AF   266 0001:000738B3
   267 0001:000738BB   268 0001:000738C2   269 0001:000738CA   270 0001:000738D3
   273 0001:000738DD   274 0001:0007391C   277 0001:00073939   282 0001:0007399C
   283 0001:000739BD   284 0001:000739FC   285 0001:00073A03   286 0001:00073A07
   298 0001:00073A50   299 0001:00073A79   300 0001:00073A7C   301 0001:00073A8F
   302 0001:00073AA0   304 0001:00073AAA   305 0001:00073AB8   306 0001:00073AC3
   307 0001:00073AD0   308 0001:00073ADA   310 0001:00073AEE   313 0001:00073AF7
   314 0001:00073B03   315 0001:00073B13   316 0001:00073B21   319 0001:00073B2D
   320 0001:00073B39   321 0001:00073B49   322 0001:00073B57   325 0001:00073B61
   326 0001:00073B7E   329 0001:00073B83   330 0001:00073B9A   331 0001:00073BAA
   332 0001:00073BB0   333 0001:00073BB7   334 0001:00073BBE   335 0001:00073BC6
   336 0001:00073BDB   337 0001:00073C08   340 0001:00073C16   341 0001:00073C34
   342 0001:00073C3F   343 0001:00073C51   344 0001:00073C59   346 0001:00073C5F
   354 0001:00073CA0   357 0001:00073D30   358 0001:00073D33   359 0001:00073D59
   362 0001:00073D5C   363 0001:00073D5F   365 0001:00073D7C   367 0001:00073D8A
   372 0001:00073DBC   373 0001:00073DC0   374 0001:00073DCB   377 0001:00073DD6
   378 0001:00073DE0   379 0001:00073DE7   377 0001:00073DEA   380 0001:00073DED
   383 0001:00073DF0   384 0001:00073DF6   385 0001:00073E00   388 0001:00073E1D
   389 0001:00073E27   390 0001:00073E34   392 0001:00073E39   393 0001:00073E3C
   397 0001:00073E6C   398 0001:00073E6F   399 0001:00073E77   400 0001:00073E7F
   401 0001:00073E8C   402 0001:00073E93   403 0001:00073E9A   410 0001:00073E9C
   411 0001:00073EA2   412 0001:00073EAC   413 0001:00073EAE   414 0001:00073EB4
   415 0001:00073EB9   416 0001:00073EBD   417 0001:00073EC5   418 0001:00073ECC
   411 0001:00073ECF   419 0001:00073ED2   420 0001:00073ED9   421 0001:00073EE3
   422 0001:00073EEB   423 0001:00073EF3   428 0001:00073EF8   429 0001:00073EFE
   430 0001:00073F05   431 0001:00073F0C   432 0001:00073F13   438 0001:00073F18
   439 0001:00073F2E   440 0001:00073F38   441 0001:00073F45   447 0001:00073F68
   448 0001:00073F84   449 0001:00073F90   451 0001:00073FA3   452 0001:00073FAD
   453 0001:00073FD7   455 0001:00073FF5   457 0001:00074012   458 0001:00074026
   459 0001:00074032   460 0001:00074034   461 0001:00074039   462 0001:00074048
   463 0001:0007404F   464 0001:00074053   465 0001:0007405A   466 0001:00074062
   469 0001:0007406A   458 0001:0007406D   471 0001:00074072   472 0001:00074086
   473 0001:00074098   474 0001:000740A3   475 0001:000740B0   476 0001:000740C3
   477 0001:000740D6   480 0001:000740E3   483 0001:00074118   484 0001:0007413A
   486 0001:0007414A   487 0001:00074178   488 0001:00074182   490 0001:000741E6
   492 0001:00074247   493 0001:00074264   495 0001:00074284   496 0001:000742A4
   497 0001:000742AE   499 0001:000742D3   500 0001:000742DD   502 0001:000742FF
   503 0001:0007431F   506 0001:00074363   507 0001:00074377   508 0001:00074384
   509 0001:00074390   514 0001:000743C7   530 0001:00074468   531 0001:0007448B
   532 0001:00074493   534 0001:000744AF   535 0001:000744BD   536 0001:000744C5
   537 0001:000744CD   539 0001:000744D5   540 0001:000744E7   541 0001:00074507
   542 0001:00074511   544 0001:0007451D   545 0001:0007452A   546 0001:0007454F
   547 0001:00074555   548 0001:0007455D   549 0001:00074566   550 0001:000745A8
   552 0001:000745AD   553 0001:000745BA   554 0001:000745C2   557 0001:000745C7
   558 0001:000745EA   559 0001:000745F8   560 0001:00074602   561 0001:0007460C
   565 0001:00074613   566 0001:0007461E   568 0001:00074623   560 0001:00074626
   543 0001:00074629   572 0001:0007462E   574 0001:00074641   575 0001:0007464A
   576 0001:00074653   577 0001:00074661   578 0001:0007466B   581 0001:00074674
   582 0001:0007468A   583 0001:00074695   585 0001:000746A9   588 0001:000746B3
   589 0001:000746BF   590 0001:000746CF   591 0001:000746DD   594 0001:000746EA
   595 0001:000746F6   596 0001:00074706   597 0001:00074714   600 0001:0007471F
   601 0001:0007473C   605 0001:00074741   606 0001:00074751   607 0001:00074757
   608 0001:00074778   609 0001:00074782   610 0001:00074788   611 0001:00074793
   612 0001:000747A0   614 0001:000747A2   615 0001:000747B2   616 0001:000747B7
   617 0001:000747BD   618 0001:000747CA   616 0001:000747CD   621 0001:000747D3
   622 0001:000747E6   625 0001:00074821   627 0001:0007482D   628 0001:00074837
   629 0001:0007483E   604 0001:00074849   632 0001:0007484E   577 0001:00074851
   633 0001:00074858   634 0001:0007486D   635 0001:0007487B   636 0001:00074885
   638 0001:0007489E   639 0001:000748B2   640 0001:000748BA   643 0001:000748D5
   645 0001:000748E5   646 0001:000748ED   647 0001:00074901   648 0001:00074917
   654 0001:000749BC   655 0001:000749BE   656 0001:000749C8   657 0001:000749CA
   658 0001:000749D5   659 0001:000749DC   661 0001:000749DF   655 0001:000749E2
   662 0001:000749E5   665 0001:000749E8   666 0001:00074A09   667 0001:00074A0C
   668 0001:00074A15   669 0001:00074A1F   670 0001:00074A2F   671 0001:00074A33
   672 0001:00074A38   673 0001:00074A40   675 0001:00074A4D   676 0001:00074A53
   677 0001:00074A5C   678 0001:00074A62   679 0001:00074A66   681 0001:00074A76
   683 0001:00074A7F   686 0001:00074A8C   687 0001:00074A96   688 0001:00074AA7
   689 0001:00074AB5   691 0001:00074ABC   694 0001:00074AC0   697 0001:00074AC2
   703 0001:00074AF4   704 0001:00074B14   705 0001:00074B21   706 0001:00074B32
   707 0001:00074B58   708 0001:00074B76   709 0001:00074B9C   710 0001:00074BBA
   711 0001:00074BE0   713 0001:00074BFE   715 0001:00074C1D   716 0001:00074C31
   718 0001:00074C47   719 0001:00074C65   721 0001:00074C83   722 0001:00074CA1
   723 0001:00074CC0   724 0001:00074CC7   725 0001:00074CCC   728 0001:00074E00
   729 0001:00074E1F   733 0001:00074E2D   735 0001:00074E3C   736 0001:00074E44
   737 0001:00074E4C   738 0001:00074E56   739 0001:00074E61   740 0001:00074E71
   741 0001:00074E81   742 0001:00074E94   743 0001:00074E9C   744 0001:00074EA5
   745 0001:00074EAE   746 0001:00074EBC   747 0001:00074EC4   749 0001:00074ED1
   750 0001:00074EE5   751 0001:00074EF9   752 0001:00074F0D   754 0001:00074F1E
   755 0001:00074F26   756 0001:00074F2E   757 0001:00074F59   758 0001:00074F69
   759 0001:00074F7F   760 0001:00074F95   763 0001:00074FA5   764 0001:00074FB5
   765 0001:00074FCB   766 0001:00074FE1   768 0001:00074FF1   769 0001:00075001
   772 0001:0007502B   773 0001:0007502D   774 0001:0007503D   775 0001:0007504D
   778 0001:0007505C   785 0001:000750CC   786 0001:000750D8   787 0001:000750E7
   788 0001:000750EF   789 0001:000750F7   790 0001:00075104   791 0001:00075111
   792 0001:0007511E   793 0001:00075128   794 0001:0007512E   795 0001:00075133
   792 0001:00075136   796 0001:00075139   797 0001:0007513E   798 0001:00075149
   799 0001:00075154   800 0001:0007515E   801 0001:0007516B   802 0001:00075174
   803 0001:0007517E   800 0001:0007517F   804 0001:00075182   805 0001:00075189
   806 0001:0007519B   807 0001:000751A9   808 0001:000751B3   805 0001:000751B4
   809 0001:000751B7   810 0001:000751C3   811 0001:000751D5   812 0001:000751E3
   813 0001:000751ED   810 0001:000751EE   814 0001:000751F1   815 0001:000751FD
   816 0001:0007520C   822 0001:00075258   823 0001:0007525B   824 0001:00075265
   825 0001:00075267   826 0001:0007526B   827 0001:00075273   828 0001:0007527A
   829 0001:00075282   823 0001:00075285   830 0001:00075288   835 0001:0007528C
   836 0001:0007528F   837 0001:00075299   838 0001:0007529B   839 0001:0007529F
   840 0001:000752A7   841 0001:000752AC   842 0001:000752B0   843 0001:000752B8
   844 0001:000752BC   845 0001:000752C0   846 0001:000752C5   847 0001:000752CA
   848 0001:000752D2   849 0001:000752D9   850 0001:000752E8   836 0001:000752EB
   851 0001:000752EE   853 0001:000752F4   854 0001:000752F7   855 0001:00075301
   856 0001:0007530E   857 0001:00075315   858 0001:0007531D   860 0001:00075326
   861 0001:0007532D   862 0001:00075335   863 0001:00075342   865 0001:00075349
   870 0001:0007534C   871 0001:00075368   872 0001:00075387   873 0001:000753A1
   874 0001:000753BB   875 0001:000753C3   876 0001:000753CC   879 0001:000753D5
   880 0001:000753E2   881 0001:000753F4   882 0001:00075406   883 0001:00075418
   884 0001:00075420   885 0001:0007543F   886 0001:00075446   890 0001:00075470
   891 0001:00075475   894 0001:00075478   895 0001:0007547B   898 0001:00075498
   899 0001:0007549F   903 0001:000754D8   904 0001:000754E0   907 0001:000754E4
   908 0001:000754E7   912 0001:00075502   913 0001:00075510   917 0001:00075540
   918 0001:00075545   921 0001:00075548   922 0001:0007554B   923 0001:0007555D
   924 0001:0007556E   929 0001:00075570   930 0001:00075574   932 0001:0007557B
   933 0001:00075584   934 0001:0007558B   935 0001:00075598   938 0001:000755AF
   939 0001:000755B8   940 0001:000755BF   943 0001:000755CC   946 0001:000755D0
   947 0001:000755EF   948 0001:00075602   950 0001:00075612   951 0001:00075627
   952 0001:00075646   953 0001:0007565B   954 0001:0007567A   955 0001:0007568F
   956 0001:000756A4   958 0001:000756BD   959 0001:000756C7   964 0001:000756F0
   965 0001:00075719   967 0001:00075725   968 0001:00075729   969 0001:00075744
   970 0001:0007576C   971 0001:00075784   972 0001:00075788   974 0001:0007578A
   968 0001:0007578B   975 0001:0007578E   977 0001:00075794   982 0001:000757C0
   983 0001:000757DD   984 0001:000757F6   985 0001:0007580C   986 0001:00075821
   987 0001:00075836   988 0001:0007584B   989 0001:0007585A   990 0001:0007586F
   991 0001:0007588D   992 0001:00075893   993 0001:000758C6   989 0001:000758C7
   995 0001:000758CA   996 0001:000758DC   997 0001:00075914   995 0001:00075915
   998 0001:00075918   999 0001:0007592A  1000 0001:00075962   998 0001:00075963
  1001 0001:00075966  1002 0001:00075980  1003 0001:0007599A  1004 0001:000759AE
  1005 0001:000759C7  1006 0001:000759E0  1009 0001:000759F7  1011 0001:00075A06
  1017 0001:00075A38  1018 0001:00075A5A  1019 0001:00075A5E  1020 0001:00075A6E
  1021 0001:00075A80  1022 0001:00075A8E  1023 0001:00075A92  1024 0001:00075A96
  1026 0001:00075A98  1020 0001:00075A99  1027 0001:00075A9C  1028 0001:00075AAE
  1029 0001:00075ABC  1030 0001:00075AC0  1031 0001:00075AC4  1033 0001:00075AC6
  1027 0001:00075AC7  1034 0001:00075ACA  1054 0001:00075AF4  1055 0001:00075B16
  1056 0001:00075B1A  1057 0001:00075B1E  1058 0001:00075B2F  1059 0001:00075B45
  1060 0001:00075B55  1061 0001:00075B5C  1062 0001:00075B5F  1063 0001:00075B6E
  1064 0001:00075B71  1066 0001:00075B83  1067 0001:00075B8B  1069 0001:00075B90
  1070 0001:00075B9F  1071 0001:00075BA2  1073 0001:00075BB4  1074 0001:00075BBC
  1076 0001:00075BC1  1078 0001:00075BD1  1079 0001:00075BD8  1081 0001:00075BDA
  1058 0001:00075BDB  1082 0001:00075BE2  1083 0001:00075BEE  1084 0001:00075BFC
  1085 0001:00075C01  1086 0001:00075C08  1087 0001:00075C16  1091 0001:00075C40
  1092 0001:00075C5D  1093 0001:00075C76  1094 0001:00075C84  1095 0001:00075C92
  1096 0001:00075C9C  1097 0001:00075CAA  1098 0001:00075CB6  1099 0001:00075CCC
  1100 0001:00075CEE  1098 0001:00075CEF  1101 0001:00075CF2  1103 0001:00075D0B
  1105 0001:00075D1F  1106 0001:00075D37  1107 0001:00075D61  1105 0001:00075D62
  1108 0001:00075D65  1110 0001:00075D80  1112 0001:00075D92  1117 0001:00075DBC
  1118 0001:00075DD6  1119 0001:00075DDE  1120 0001:00075DEC  1122 0001:00075DF2
  1123 0001:00075DFC  1125 0001:00075E0B  1126 0001:00075E13  1133 0001:00075E1A
  1136 0001:00075E40  1137 0001:00075E43  1138 0001:00075E59  1139 0001:00075E6F
  1140 0001:00075E85  1141 0001:00075E9B

Line numbers for Main(Main.pas) segment .itext

  1143 0002:0000082C

Line numbers for LoginGate(LoginGate.dpr) segment .itext

    14 0002:00000834    15 0002:00000844    16 0002:00000850    17 0002:00000868
    18 0002:00000880    19 0002:00000898    20 0002:000008A4

Bound resource files

c:\program files\codegear\rad studio\5.0\lib\Controls.res
c:\program files\codegear\rad studio\5.0\lib\Buttons.res
c:\program files\codegear\rad studio\5.0\lib\ExtDlgs.res
c:\program files\codegear\rad studio\5.0\lib\SPIN.RES
IPaddrFilter.dfm
GeneralConfig.dfm
Main.DFM
LoginGate.res
LoginGate.drf


Program entry point at 0002:00000834
