
 Start         Length     Name                   Class
 0001:00000000 000A64ACH .text                   CODE
 0002:00000000 00007C64H .data                   DATA
 0002:00007C64 0000480DH .bss                    BSS


Detailed map of segments

 0001:00000000 000058A7 C=CODE     S=.text    G=(none)   M=System   ACBP=A9
 0001:000058A8 00000140 C=CODE     S=.text    G=(none)   M=SysInit  ACBP=A9
 0001:000059E8 00000078 C=CODE     S=.text    G=(none)   M=Types    ACBP=A9
 0001:00005A60 00000FD0 C=CODE     S=.text    G=(none)   M=Windows  ACBP=A9
 0001:00006A30 00001E63 C=CODE     S=.text    G=(none)   M=ELeaks   ACBP=A9
 0001:00008894 00000338 C=CODE     S=.text    G=(none)   M=SysConst ACBP=A9
 0001:00008BCC 00007158 C=CODE     S=.text    G=(none)   M=SysUtils ACBP=A9
 0001:0000FD24 00000038 C=CODE     S=.text    G=(none)   M=Messages ACBP=A9
 0001:0000FD5C 000007FB C=CODE     S=.text    G=(none)   M=VarUtils ACBP=A9
 0001:00010558 00002A42 C=CODE     S=.text    G=(none)   M=Variants ACBP=A9
 0001:00012F9C 00000130 C=CODE     S=.text    G=(none)   M=RTLConsts ACBP=A9
 0001:000130CC 00000B2C C=CODE     S=.text    G=(none)   M=TypInfo  ACBP=A9
 0001:00013BF8 00000038 C=CODE     S=.text    G=(none)   M=ActiveX  ACBP=A9
 0001:00013C30 0000A08E C=CODE     S=.text    G=(none)   M=Classes  ACBP=A9
 0001:0001DCC0 00000038 C=CODE     S=.text    G=(none)   M=ETypes   ACBP=A9
 0001:0001DCF8 00002944 C=CODE     S=.text    G=(none)   M=EConsts  ACBP=A9
 0001:0002063C 000046DC C=CODE     S=.text    G=(none)   M=ECore    ACBP=A9
 0001:00024D18 000046CC C=CODE     S=.text    G=(none)   M=EDebug   ACBP=A9
 0001:000293E4 00000040 C=CODE     S=.text    G=(none)   M=ShellAPI ACBP=A9
 0001:00029424 00000544 C=CODE     S=.text    G=(none)   M=EWinSock ACBP=A9
 0001:00029968 000014FC C=CODE     S=.text    G=(none)   M=EHook    ACBP=A9
 0001:0002AE64 000000E8 C=CODE     S=.text    G=(none)   M=ELang    ACBP=A9
 0001:0002AF4C 00001740 C=CODE     S=.text    G=(none)   M=ESockets ACBP=A9
 0001:0002C68C 00007BE4 C=CODE     S=.text    G=(none)   M=EZlib2   ACBP=A9
 0001:00034270 00000AFC C=CODE     S=.text    G=(none)   M=EHash    ACBP=A9
 0001:00034D6C 00000354 C=CODE     S=.text    G=(none)   M=EEncrypt ACBP=A9
 0001:000350C0 00000358 C=CODE     S=.text    G=(none)   M=EBase64  ACBP=A9
 0001:00035418 00000154 C=CODE     S=.text    G=(none)   M=EZip     ACBP=A9
 0001:0003556C 00007C44 C=CODE     S=.text    G=(none)   M=EWebTools ACBP=A9
 0001:0003D1B0 000005A8 C=CODE     S=.text    G=(none)   M=EXMLBuilder ACBP=A9
 0001:0003D758 00004354 C=CODE     S=.text    G=(none)   M=ELogManager ACBP=A9
 0001:00041AAC 00001320 C=CODE     S=.text    G=(none)   M=EListView ACBP=A9
 0001:00042DCC 000073F8 C=CODE     S=.text    G=(none)   M=EDisAsm  ACBP=A9
 0001:0004A1C4 000299D0 C=CODE     S=.text    G=(none)   M=ExceptionLog ACBP=A9
 0001:00073B94 00000290 C=CODE     S=.text    G=(none)   M=Consts   ACBP=A9
 0001:00073E24 00007283 C=CODE     S=.text    G=(none)   M=Graphics ACBP=A9
 0001:0007B0A8 00000048 C=CODE     S=.text    G=(none)   M=Math     ACBP=A9
 0001:0007B0F0 000002B8 C=CODE     S=.text    G=(none)   M=Contnrs  ACBP=A9
 0001:0007B3A8 000000F4 C=CODE     S=.text    G=(none)   M=CommCtrl ACBP=A9
 0001:0007B49C 00000787 C=CODE     S=.text    G=(none)   M=MultiMon ACBP=A9
 0001:0007BC24 00000038 C=CODE     S=.text    G=(none)   M=Imm      ACBP=A9
 0001:0007BC5C 00000FF8 C=CODE     S=.text    G=(none)   M=HelpIntfs ACBP=A9
 0001:0007CC54 00000038 C=CODE     S=.text    G=(none)   M=WinSpool ACBP=A9
 0001:0007CC8C 00000044 C=CODE     S=.text    G=(none)   M=Printers ACBP=A9
 0001:0007CCD0 0000031F C=CODE     S=.text    G=(none)   M=FlatSB   ACBP=A9
 0001:0007CFF0 000001A4 C=CODE     S=.text    G=(none)   M=SyncObjs ACBP=A9
 0001:0007D194 000009BB C=CODE     S=.text    G=(none)   M=UxTheme  ACBP=A9
 0001:0007DB50 00000038 C=CODE     S=.text    G=(none)   M=RichEdit ACBP=A9
 0001:0007DB88 00000038 C=CODE     S=.text    G=(none)   M=ToolWin  ACBP=A9
 0001:0007DBC0 00000038 C=CODE     S=.text    G=(none)   M=RegStr   ACBP=A9
 0001:0007DBF8 00000038 C=CODE     S=.text    G=(none)   M=WinInet  ACBP=A9
 0001:0007DC30 00000038 C=CODE     S=.text    G=(none)   M=UrlMon   ACBP=A9
 0001:0007DC68 00000038 C=CODE     S=.text    G=(none)   M=ShlObj   ACBP=A9
 0001:0007DCA0 00000038 C=CODE     S=.text    G=(none)   M=CommDlg  ACBP=A9
 0001:0007DCD8 00000038 C=CODE     S=.text    G=(none)   M=Dlgs     ACBP=A9
 0001:0007DD10 0000066D C=CODE     S=.text    G=(none)   M=Dialogs  ACBP=A9
 0001:0007E380 00000652 C=CODE     S=.text    G=(none)   M=ExtCtrls ACBP=A9
 0001:0007E9D4 00000038 C=CODE     S=.text    G=(none)   M=ComStrs  ACBP=A9
 0001:0007EA0C 00000094 C=CODE     S=.text    G=(none)   M=Clipbrd  ACBP=A9
 0001:0007EAA0 00000038 C=CODE     S=.text    G=(none)   M=StrUtils ACBP=A9
 0001:0007EAD8 000000F5 C=CODE     S=.text    G=(none)   M=Buttons  ACBP=A9
 0001:0007EBD0 00000038 C=CODE     S=.text    G=(none)   M=ExtDlgs  ACBP=A9
 0001:0007EC08 00000068 C=CODE     S=.text    G=(none)   M=IniFiles ACBP=A9
 0001:0007EC70 00000068 C=CODE     S=.text    G=(none)   M=Registry ACBP=A9
 0001:0007ECD8 0000006C C=CODE     S=.text    G=(none)   M=Mapi     ACBP=A9
 0001:0007ED44 00000058 C=CODE     S=.text    G=(none)   M=ExtActns ACBP=A9
 0001:0007ED9C 00000038 C=CODE     S=.text    G=(none)   M=ListActns ACBP=A9
 0001:0007EDD4 00000180 C=CODE     S=.text    G=(none)   M=ComCtrls ACBP=A9
 0001:0007EF54 00000A0C C=CODE     S=.text    G=(none)   M=Themes   ACBP=A9
 0001:0007F960 00000038 C=CODE     S=.text    G=(none)   M=StdCtrls ACBP=A9
 0001:0007F998 00000168 C=CODE     S=.text    G=(none)   M=StdActns ACBP=A9
 0001:0007FB00 00000D1F C=CODE     S=.text    G=(none)   M=WinHelpViewer ACBP=A9
 0001:00080820 00010467 C=CODE     S=.text    G=(none)   M=Controls ACBP=A9
 0001:00090C88 00001292 C=CODE     S=.text    G=(none)   M=ActnList ACBP=A9
 0001:00091F1C 000016E4 C=CODE     S=.text    G=(none)   M=ImgList  ACBP=A9
 0001:00093600 00006639 C=CODE     S=.text    G=(none)   M=Menus    ACBP=A9
 0001:00099C3C 0000C3E0 C=CODE     S=.text    G=(none)   M=Forms    ACBP=A9
 0001:000A601C 000001A0 C=CODE     S=.text    G=(none)   M=Unit1    ACBP=A9
 0001:000A61BC 000002ED C=CODE     S=.text    G=(none)   M=Project1 ACBP=A9
 0002:00000000 000000A4 C=DATA     S=.data    G=DGROUP   M=System   ACBP=A9
 0002:000000A4 00000020 C=DATA     S=.data    G=DGROUP   M=SysInit  ACBP=A9
 0002:000000C4 00000014 C=DATA     S=.data    G=DGROUP   M=ELeaks   ACBP=A9
 0002:000000D8 00000254 C=DATA     S=.data    G=DGROUP   M=SysUtils ACBP=A9
 0002:0000032C 00000008 C=DATA     S=.data    G=DGROUP   M=VarUtils ACBP=A9
 0002:00000334 0000008E C=DATA     S=.data    G=DGROUP   M=Variants ACBP=A9
 0002:000003C4 0000000C C=DATA     S=.data    G=DGROUP   M=TypInfo  ACBP=A9
 0002:000003D0 00000080 C=DATA     S=.data    G=DGROUP   M=Classes  ACBP=A9
 0002:00000450 00000908 C=DATA     S=.data    G=DGROUP   M=EConsts  ACBP=A9
 0002:00000D58 00000044 C=DATA     S=.data    G=DGROUP   M=ECore    ACBP=A9
 0002:00000D9C 0000004C C=DATA     S=.data    G=DGROUP   M=EDebug   ACBP=A9
 0002:00000DE8 00000001 C=DATA     S=.data    G=DGROUP   M=EWinSock ACBP=A9
 0002:00000DEC 000001A0 C=DATA     S=.data    G=DGROUP   M=EHook    ACBP=A9
 0002:00000F8C 00000001 C=DATA     S=.data    G=DGROUP   M=ESockets ACBP=A9
 0002:00000F90 00000E5C C=DATA     S=.data    G=DGROUP   M=EZlib2   ACBP=A9
 0002:00001DEC 00000212 C=DATA     S=.data    G=DGROUP   M=EHash    ACBP=A9
 0002:00002000 00000144 C=DATA     S=.data    G=DGROUP   M=EBase64  ACBP=A9
 0002:00002144 000034B0 C=DATA     S=.data    G=DGROUP   M=EWebTools ACBP=A9
 0002:000055F4 00000020 C=DATA     S=.data    G=DGROUP   M=EXMLBuilder ACBP=A9
 0002:00005614 00000024 C=DATA     S=.data    G=DGROUP   M=ELogManager ACBP=A9
 0002:00005638 000012D5 C=DATA     S=.data    G=DGROUP   M=EDisAsm  ACBP=A9
 0002:00006910 000005E4 C=DATA     S=.data    G=DGROUP   M=ExceptionLog ACBP=A9
 0002:00006EF4 00000304 C=DATA     S=.data    G=DGROUP   M=Graphics ACBP=A9
 0002:000071F8 00000004 C=DATA     S=.data    G=DGROUP   M=Printers ACBP=A9
 0002:000071FC 00000074 C=DATA     S=.data    G=DGROUP   M=Dialogs  ACBP=A9
 0002:00007270 00000178 C=DATA     S=.data    G=DGROUP   M=ExtCtrls ACBP=A9
 0002:000073E8 0000002C C=DATA     S=.data    G=DGROUP   M=Buttons  ACBP=A9
 0002:00007414 00000008 C=DATA     S=.data    G=DGROUP   M=IniFiles ACBP=A9
 0002:0000741C 00000008 C=DATA     S=.data    G=DGROUP   M=Registry ACBP=A9
 0002:00007424 00000008 C=DATA     S=.data    G=DGROUP   M=Mapi     ACBP=A9
 0002:0000742C 00000018 C=DATA     S=.data    G=DGROUP   M=ComCtrls ACBP=A9
 0002:00007444 00000068 C=DATA     S=.data    G=DGROUP   M=Themes   ACBP=A9
 0002:000074AC 0000013C C=DATA     S=.data    G=DGROUP   M=Controls ACBP=A9
 0002:000075E8 00000020 C=DATA     S=.data    G=DGROUP   M=ImgList  ACBP=A9
 0002:00007608 000000EC C=DATA     S=.data    G=DGROUP   M=Menus    ACBP=A9
 0002:000076F4 0000011C C=DATA     S=.data    G=DGROUP   M=Forms    ACBP=A9
 0002:00008000 00000664 C=BSS      S=.bss     G=DGROUP   M=System   ACBP=A9
 0002:00008664 00000010 C=BSS      S=.bss     G=DGROUP   M=SysInit  ACBP=A9
 0002:00008674 00000004 C=BSS      S=.bss     G=DGROUP   M=Types    ACBP=A9
 0002:00008678 00000004 C=BSS      S=.bss     G=DGROUP   M=Windows  ACBP=A9
 0002:0000867C 00000054 C=BSS      S=.bss     G=DGROUP   M=ELeaks   ACBP=A9
 0002:000086D0 00000004 C=BSS      S=.bss     G=DGROUP   M=SysConst ACBP=A9
 0002:000086D4 00000120 C=BSS      S=.bss     G=DGROUP   M=SysUtils ACBP=A9
 0002:000087F4 00000004 C=BSS      S=.bss     G=DGROUP   M=Messages ACBP=A9
 0002:000087F8 0000005C C=BSS      S=.bss     G=DGROUP   M=VarUtils ACBP=A9
 0002:00008854 00000040 C=BSS      S=.bss     G=DGROUP   M=Variants ACBP=A9
 0002:00008894 00000004 C=BSS      S=.bss     G=DGROUP   M=RTLConsts ACBP=A9
 0002:00008898 00000004 C=BSS      S=.bss     G=DGROUP   M=TypInfo  ACBP=A9
 0002:0000889C 00000004 C=BSS      S=.bss     G=DGROUP   M=ActiveX  ACBP=A9
 0002:000088A0 00000044 C=BSS      S=.bss     G=DGROUP   M=Classes  ACBP=A9
 0002:000088E4 00000004 C=BSS      S=.bss     G=DGROUP   M=ETypes   ACBP=A9
 0002:000088E8 00000004 C=BSS      S=.bss     G=DGROUP   M=EConsts  ACBP=A9
 0002:000088EC 00000009 C=BSS      S=.bss     G=DGROUP   M=ECore    ACBP=A9
 0002:000088F8 00000004 C=BSS      S=.bss     G=DGROUP   M=EDebug   ACBP=A9
 0002:000088FC 00000004 C=BSS      S=.bss     G=DGROUP   M=ShellAPI ACBP=A9
 0002:00008900 00000010 C=BSS      S=.bss     G=DGROUP   M=EWinSock ACBP=A9
 0002:00008910 00000010 C=BSS      S=.bss     G=DGROUP   M=EHook    ACBP=A9
 0002:00008920 00000004 C=BSS      S=.bss     G=DGROUP   M=ELang    ACBP=A9
 0002:00008924 00000004 C=BSS      S=.bss     G=DGROUP   M=ESockets ACBP=A9
 0002:00008928 00002894 C=BSS      S=.bss     G=DGROUP   M=EZlib2   ACBP=A9
 0002:0000B1BC 00000404 C=BSS      S=.bss     G=DGROUP   M=EHash    ACBP=A9
 0002:0000B5C0 0000001C C=BSS      S=.bss     G=DGROUP   M=EEncrypt ACBP=A9
 0002:0000B5DC 00000004 C=BSS      S=.bss     G=DGROUP   M=EBase64  ACBP=A9
 0002:0000B5E0 00000004 C=BSS      S=.bss     G=DGROUP   M=EZip     ACBP=A9
 0002:0000B5E4 00000048 C=BSS      S=.bss     G=DGROUP   M=EWebTools ACBP=A9
 0002:0000B62C 00000004 C=BSS      S=.bss     G=DGROUP   M=EXMLBuilder ACBP=A9
 0002:0000B630 00000004 C=BSS      S=.bss     G=DGROUP   M=ELogManager ACBP=A9
 0002:0000B634 00000004 C=BSS      S=.bss     G=DGROUP   M=EListView ACBP=A9
 0002:0000B638 00000004 C=BSS      S=.bss     G=DGROUP   M=EDisAsm  ACBP=A9
 0002:0000B63C 00000E84 C=BSS      S=.bss     G=DGROUP   M=ExceptionLog ACBP=A9
 0002:0000C4C0 00000004 C=BSS      S=.bss     G=DGROUP   M=Consts   ACBP=A9
 0002:0000C4C4 00000060 C=BSS      S=.bss     G=DGROUP   M=Graphics ACBP=A9
 0002:0000C524 00000004 C=BSS      S=.bss     G=DGROUP   M=Math     ACBP=A9
 0002:0000C528 00000004 C=BSS      S=.bss     G=DGROUP   M=Contnrs  ACBP=A9
 0002:0000C52C 00000004 C=BSS      S=.bss     G=DGROUP   M=CommCtrl ACBP=A9
 0002:0000C530 00000031 C=BSS      S=.bss     G=DGROUP   M=MultiMon ACBP=A9
 0002:0000C564 00000004 C=BSS      S=.bss     G=DGROUP   M=Imm      ACBP=A9
 0002:0000C568 00000008 C=BSS      S=.bss     G=DGROUP   M=HelpIntfs ACBP=A9
 0002:0000C570 00000004 C=BSS      S=.bss     G=DGROUP   M=WinSpool ACBP=A9
 0002:0000C574 00000004 C=BSS      S=.bss     G=DGROUP   M=Printers ACBP=A9
 0002:0000C578 00000034 C=BSS      S=.bss     G=DGROUP   M=FlatSB   ACBP=A9
 0002:0000C5AC 00000004 C=BSS      S=.bss     G=DGROUP   M=SyncObjs ACBP=A9
 0002:0000C5B0 000000CC C=BSS      S=.bss     G=DGROUP   M=UxTheme  ACBP=A9
 0002:0000C67C 00000004 C=BSS      S=.bss     G=DGROUP   M=RichEdit ACBP=A9
 0002:0000C680 00000004 C=BSS      S=.bss     G=DGROUP   M=ToolWin  ACBP=A9
 0002:0000C684 00000004 C=BSS      S=.bss     G=DGROUP   M=RegStr   ACBP=A9
 0002:0000C688 00000004 C=BSS      S=.bss     G=DGROUP   M=WinInet  ACBP=A9
 0002:0000C68C 00000004 C=BSS      S=.bss     G=DGROUP   M=UrlMon   ACBP=A9
 0002:0000C690 00000004 C=BSS      S=.bss     G=DGROUP   M=ShlObj   ACBP=A9
 0002:0000C694 00000004 C=BSS      S=.bss     G=DGROUP   M=CommDlg  ACBP=A9
 0002:0000C698 00000004 C=BSS      S=.bss     G=DGROUP   M=Dlgs     ACBP=A9
 0002:0000C69C 0000000C C=BSS      S=.bss     G=DGROUP   M=Dialogs  ACBP=A9
 0002:0000C6A8 00000004 C=BSS      S=.bss     G=DGROUP   M=ExtCtrls ACBP=A9
 0002:0000C6AC 00000004 C=BSS      S=.bss     G=DGROUP   M=ComStrs  ACBP=A9
 0002:0000C6B0 0000000C C=BSS      S=.bss     G=DGROUP   M=Clipbrd  ACBP=A9
 0002:0000C6BC 00000004 C=BSS      S=.bss     G=DGROUP   M=StrUtils ACBP=A9
 0002:0000C6C0 00000030 C=BSS      S=.bss     G=DGROUP   M=Buttons  ACBP=A9
 0002:0000C6F0 00000004 C=BSS      S=.bss     G=DGROUP   M=ExtDlgs  ACBP=A9
 0002:0000C6F4 00000004 C=BSS      S=.bss     G=DGROUP   M=IniFiles ACBP=A9
 0002:0000C6F8 00000004 C=BSS      S=.bss     G=DGROUP   M=Registry ACBP=A9
 0002:0000C6FC 00000004 C=BSS      S=.bss     G=DGROUP   M=Mapi     ACBP=A9
 0002:0000C700 00000009 C=BSS      S=.bss     G=DGROUP   M=ExtActns ACBP=A9
 0002:0000C70C 00000004 C=BSS      S=.bss     G=DGROUP   M=ListActns ACBP=A9
 0002:0000C710 00000010 C=BSS      S=.bss     G=DGROUP   M=ComCtrls ACBP=A9
 0002:0000C720 00000008 C=BSS      S=.bss     G=DGROUP   M=Themes   ACBP=A9
 0002:0000C728 00000004 C=BSS      S=.bss     G=DGROUP   M=StdCtrls ACBP=A9
 0002:0000C72C 00000004 C=BSS      S=.bss     G=DGROUP   M=StdActns ACBP=A9
 0002:0000C730 00000014 C=BSS      S=.bss     G=DGROUP   M=WinHelpViewer ACBP=A9
 0002:0000C744 00000080 C=BSS      S=.bss     G=DGROUP   M=Controls ACBP=A9
 0002:0000C7C4 00000004 C=BSS      S=.bss     G=DGROUP   M=ActnList ACBP=A9
 0002:0000C7C8 0000000C C=BSS      S=.bss     G=DGROUP   M=ImgList  ACBP=A9
 0002:0000C7D4 00000010 C=BSS      S=.bss     G=DGROUP   M=Menus    ACBP=A9
 0002:0000C7E4 00000020 C=BSS      S=.bss     G=DGROUP   M=Forms    ACBP=A9
 0002:0000C804 00000008 C=BSS      S=.bss     G=DGROUP   M=Unit1    ACBP=A9


  Address         Publics by Name

 0001:0002E4B8       ..
 0002:00001380       ..
 0001:0002E8C4       ..
 0002:00000FB8       ..
 0002:00001040       ..
 0002:000010E4       ..
 0002:00001020       ..
 0002:0000A930       ..
 0001:0002E98C       ..
 0001:0002CFA4       ..
 0002:00001028       ..
 0001:000323F4       ..
 0002:00001254       ..
 0002:00001014       ..
 0002:00001094       ..
 0002:00008930       ..
 0002:000088F8       .03
 0002:0000C66C       .1
 0002:000086D0       .1
 0002:0000C67C       .1
 0002:000087F4       .1
 0002:0000C684       .1
 0002:0000C688       .1
 0002:0000C68C       .1
 0002:00008674       .1
 0002:0000C4C0       .1
 0002:0000C690       .1
 0002:0000C694       .1
 0002:0000C698       .1
 0002:0000C564       .1
 0002:0000C52C       .1
 0002:000088E4       .1
 0002:0000C6AC       .1
 0002:0000C550       .1
 0002:00008894       .1
 0002:00008920       .1
 0002:0000C598       .1
 0002:0000C6BC       .1
 0002:0000C6FC       .1
 0002:0000B1BC       .1
 0002:0000B5C0       .1
 0002:00008910       .1
 0002:0000B5DC       .1
 0002:000088FC       .1
 0002:0000C738       .1
 0002:00008694       .1
 0002:0000866C       .1
 0002:0000C69C       .11
 0002:0000C4C8       .12
 0002:0000C6A8       .12
 0002:0000C720       .2
 0002:0000C568       .2
 0002:0000C808       .2
 0002:0000C524       .2
 0002:0000C6B4       .2
 0002:0000B638       .2
 0002:0000B634       .2
 0002:00008928       .2
 0002:0000B660       .21
 0002:0000C528       .21
 0002:0000889C       .3
 0002:0000C7C8       .3
 0002:0000B630       .3
 0002:0000B62C       .3
 0002:00008924       .3
 0002:00008678       .3
 0002:0000B5E0       .3
 0002:0000C6F0       .3
 0002:0000C574       .3
 0002:0000C570       .3
 0002:000087E4       .35
 0002:0000C710       .36
 0002:0000C6C0       .4
 0002:00008900       .4
 0002:000088F0       .4
 0002:0000C680       .4
 0002:0000C7EC       .41
 0002:0000C728       .42
 0002:000088AC       .45
 0002:000088E8       .5
 0002:000085BC       .5
 0002:00008850       .5
 0002:0000C6F8       .5
 0002:0000C5AC       .6
 0002:00008898       .6
 0002:0000B5E4       .7
 0002:0000C74C       .72
 0002:0000C700       .72
 0002:0000C72C       .73
 0002:0000C70C       .8
 0002:0000C6F4       .8
 0002:0000C7C4       .8
 0002:00008874       .81
 0002:0000C7DC       .9
 0001:00001C6C       @AbstractError
 0001:00004370       @AddRefArray
 0001:00004328       @AddRefRecord
 0001:00002C08       @AfterConstruction
 0001:00002A54       @AsClass
 0001:000036A0       @Assert
 0001:000020D8       @AStrCmp
 0001:00002C18       @BeforeDestruction
 0001:00002AA0       @CallDynaInst
 0001:000052E4       @CheckAutoResult
 0001:00002BB0       @ClassCreate
 0001:00002C00       @ClassDestroy
 0001:00001FA4       @Close
 0001:00001904       @Copy
 0001:00004564       @CopyArray
 0001:00004448       @CopyRecord
 0001:0002F338       @deflateInit2_
 0001:0000467C       @DispCallByIDError
 0001:00010FF8       @DispInvokeError
 0001:0000466C       @Dispose
 0001:00003158       @DoneExcept
 0001:00004B80       @DynArrayAddRef
 0001:00004B58       @DynArrayAsg
 0001:00004B1C       @DynArrayClear
 0001:0000495C       @DynArrayHigh
 0001:00004954       @DynArrayLength
 0001:00004B10       @DynArraySetLength
 0001:00003240       @ExceptionHandler
 0001:00002148       @FillChar
 0001:0002E584       @fill_fopen_filefunc
 0001:0000431C       @Finalize
 0001:00004230       @FinalizeArray
 0001:000041E4       @FinalizeRecord
 0001:00001F98       @Flush
 0001:000027E0       @FpuInit
 0001:0000271C       @FpuMaskInit
 0001:0000173C       @FreeMem
 0001:0000171C       @GetMem
 0001:00005920       @GetTls
 0001:0002EABC       @get_crc_table
 0001:00003688       @Halt
 0001:000035B0       @Halt0
 0001:00002D2C       @HandleAnyException
 0001:00003018       @HandleAutoException
 0001:00002FE0       @HandleFinally
 0001:00002E58       @HandleOnException
 0001:00030A2C       @inflateInit2_
 0001:00030474       @inflate_fast
 0001:00031F84       @inflate_table
 0001:0000596C       @InitExe
 0001:000041D8       @Initialize
 0001:00004144       @InitializeArray
 0001:00004114       @InitializeRecord
 0001:00003474       @InitImports
 0001:0000344C       @InitResStringImports
 0001:00003428       @InitResStrings
 0001:000019C0       @Insert
 0001:00005248       @IntfAddRef
 0001:00005218       @IntfCast
 0001:000051D4       @IntfClear
 0001:000051EC       @IntfCopy
 0001:00002A30       @IsClass
 0001:000026EC       @isNECWindows
 0001:00001948       @LGetDir
 0001:00003C10       @LStrAddRef
 0001:00003768       @LStrArrayClr
 0001:00003798       @LStrAsg
 0001:00003A28       @LStrCat
 0001:00003A6C       @LStrCat3
 0001:00003AE0       @LStrCatN
 0001:00003744       @LStrClr
 0001:00003B6C       @LStrCmp
 0001:00003C80       @LStrCopy
 0001:00003CC0       @LStrDelete
 0001:000039B4       @LStrFromArray
 0001:0000392C       @LStrFromChar
 0001:0000393C       @LStrFromPChar
 0001:00003834       @LStrFromPCharLen
 0001:0000396C       @LStrFromPWChar
 0001:000038A0       @LStrFromPWCharLen
 0001:000039A8       @LStrFromString
 0001:000039CC       @LStrFromWArray
 0001:000039E8       @LStrFromWStr
 0001:00003D08       @LStrInsert
 0001:000037DC       @LStrLAsg
 0001:00003A20       @LStrLen
 0001:00003D64       @LStrPos
 0001:00003DAC       @LStrSetLength
 0001:00003C20       @LStrToPChar
 0001:000039FC       @LStrToString
 0001:00004658       @New
 0001:00003808       @NewAnsiString
 0001:00003E40       @NewWideString
 0001:00001BD4       @Pos
 0001:00002400       @Pow10
 0001:00002054       @PStrCmp
 0001:0000202C       @PStrCpy
 0001:00001FFC       @PStrNCat
 0001:00002038       @PStrNCpy
 0001:00003104       @RaiseAgain
 0001:000030DC       @RaiseExcept
 0001:00002168       @RandInt
 0001:0000175C       @ReallocMem
 0001:00001CE0       @RewritText
 0001:00001C3C       @ROUND
 0001:00003694       @RunError
 0001:000023E4       @SetEq
 0001:00001C14       @SetLength
 0001:000033E8       @StartExe
 0001:000002F4       @strlen
 0001:00001C48       @TRUNC
 0001:00003188       @TryFinallyExit
 0001:00003C78       @UniqueStringA
 0001:00004724       @ValInt64
 0001:00002184       @ValLong
 0001:00004358       @VarAddRef
 0001:000126F0       @VarAddRef
 0001:000112E4       @VarClear
 0001:000112F8       @VarClr
 0001:00004218       @VarClr
 0001:0001160C       @VarCopy
 0001:00004430       @VarCopy
 0001:00012628       @VarFromBool
 0001:00012678       @VarFromCurr
 0001:000125C0       @VarFromInt
 0001:000125FC       @VarFromInt64
 0001:0001268C       @VarFromLStr
 0001:00012650       @VarFromReal
 0001:00012664       @VarFromTDateTime
 0001:000126B8       @VarFromWStr
 0001:0001104C       @VarNull
 0001:00011938       @VarToLStr
 0001:00012060       @VarToWStr
 0001:00003E10       @Write0LString
 0001:0000229C       @WriteBytes
 0001:0000236C       @WriteLn
 0001:00003E18       @WriteLString
 0001:000022F0       @WriteSpaces
 0001:000040F4       @WStrAddRef
 0001:00003E80       @WStrArrayClr
 0001:00003EA4       @WStrAsg
 0001:00003E68       @WStrClr
 0001:00003FE0       @WStrCmp
 0001:00004064       @WStrCopy
 0001:00003FB4       @WStrFromLStr
 0001:00003EC8       @WStrFromPCharLen
 0001:00003F78       @WStrFromPWChar
 0001:00003F54       @WStrFromPWCharLen
 0001:00003FD4       @WStrLen
 0001:000040B0       @WStrSetLength
 0001:00003FC4       @WStrToPWChar
 0001:000023C0       @_CLenToPasStr
 0001:000023B4       @_CToPasStr
 0001:000018D4       @_IOTest
 0001:000046A8       @_llmod
 0001:00004684       @_llmul
 0001:000335F4       @_tr_align
 0001:000338C0       @_tr_flush_block
 0001:000323F8       @_tr_init
 0001:00033538       @_tr_stored_block
 0001:0000DCF0       Abort
 0002:0000B791       AbortOperation
 0001:00083044       AbsMin
 0001:0000E074       AbstractErrorHandler
 0002:0000802C       AbstractErrorProc
 0002:0000015C       AccessMode
 0001:000656EC       AccessViolationModuleInLongFormat
 0001:00001824       AcquireExceptionObject
 0001:0005C350       ActicatePage
 0001:00015F9C       ActivateClassGroup
 0002:0000B7D8       ActivateEurekaLog
 0001:000061B4       ActivateKeyboardLayout
 0002:0000C780       ActiveDrag
 0001:00013C28       ActiveX
 0001:00091EF0       ActnList
 0001:00036EDC       AddAuthenticationToURL
 0001:00000428       AddBlockAfter
 0001:0006BF60       AddCallerCallStack
 0001:00060228       AddColor
 0001:00057D10       AddCustomHeadersToLog
 0001:00057BB4       AddCustomHeaderToLog
 0002:000003D0       AddDataModule
 0001:0002BD74       AddDNS
 0001:00009890       AddExitProc
 0001:000193D8       AddFinished
 0001:00095234       AddIn
 0002:00008690       AddLeak
 0001:00056900       AddModule
 0001:000567C8       AddModuleFromFileName
 0001:00005078       AddModuleUnloadProc
 0001:00005068       AddModuleUnloadProc
 0001:00050438       AddNewProcess
 0001:000507F8       AddNewProcessEx
 0001:00019410       AddNotFinished
 0001:00029F30       AddrSize
 0001:000649F4       AddStr
 0001:00019E34       AddSubComponentsToLoaded
 0001:0001C248       AddThread
 0001:000569A0       AddToStack
 0001:0003EF38       AddValueField
 0001:0002CDBC       AddZipFile
 0001:0007744C       AdjustColor
 0001:0005C2A0       AdjustDialog
 0001:000596C8       AdjustFlatStyle
 0001:0009C21C       Adjustment
 0001:000061BC       AdjustWindowRectEx
 0001:0002E5BC       adler32
 0001:000522A0       Advance
 0001:00060DC8       AfterScreenshot
 0001:00060B0C       AfterScreenshotToStream
 0002:000076CC       Alignments
 0002:000076DC       Alignments
 0001:000A3114       AlignWork
 0001:000885E8       AlignWork
 0002:000086AC       AllocatedList_End
 0002:000086A4       AllocatedList_Lock
 0002:000086A8       AllocatedList_Start
 0001:0001DAA0       AllocateHWnd
 0001:00009844       AllocMem
 0002:000085B4       AllocMemCount
 0002:000085B8       AllocMemSize
 0001:0007AEA0       AllocPatternBitmap
 0001:000058C8       AllocTlsBuffer
 0002:000055D4       AlphaNumerics
 0002:000074B8       AnchorAlign
 0002:000074AC       AnimateWindowProc
 0002:000075B4       AnimationStyle
 0001:0000E9B4       AnsiCompareFileName
 0001:00009A3C       AnsiCompareStr
 0001:00009A74       AnsiCompareText
 0001:0000A218       AnsiLastChar
 0001:000061C4       AnsiLower
 0001:00009A08       AnsiLowerCase
 0001:0000EA34       AnsiLowerCaseFileName
 0001:0000E97C       AnsiPos
 0001:00099A48       AnsiSameCaption
 0001:00009AAC       AnsiSameText
 0001:00009AC4       AnsiStrLIComp
 0001:0000EAC0       AnsiStrPos
 0001:0000EB60       AnsiStrRScan
 0001:0000EB88       AnsiStrScan
 0001:00005664       AnsiToUtf8
 0001:0000C000       AppendChars
 0001:0000C3C4       AppendFormat
 0001:0000C064       AppendNumber
 0001:0000C044       AppendString
 0002:0000C7E4       Application
 0002:000003E0       ApplicationHandleException
 0001:000570F0       ApplicationRestore
 0002:000003E8       ApplicationShowException
 0002:00007808       AppVisible
 0001:0000748C       AreTheSameLeak
 0001:000556A8       ASMAssigned
 0002:00000E8C       AsmConst
 0001:000654BC       ASPDotNetWebSiteFile
 0001:0005ACD4       AssemblerDialogProc
 0001:0004BCEC       AssemblerToRTF
 0001:0000E058       AssertErrorHandler
 0002:00008024       AssertErrorProc
 0001:000134C0       AssignLongStr
 0001:0005E710       AssignOnCloseData
 0001:000585D0       AssignPriority
 0001:0002927C       AssignValidDebugInfo
 0001:00013A24       AssignVariant
 0001:00061C58       AttachedFile
 0001:00061EF0       AttachedFiles
 0002:0000B654       AttachedFilesRequest
 0001:00067B34       AttrToString
 0002:0000B7DC       AutoCloseTimer
 0001:00057A88       AutoCloseTimerProc
 0002:0000860C       avail
 0001:0000A700       BackfillGetDiskFreeSpaceEx
 0001:00085B9C       BackgroundClipped
 0001:0000FFEC       BackupVarBoolFromStr
 0001:0001014C       BackupVarBStrFromBool
 0001:0001006C       BackupVarBStrFromCy
 0001:000100DC       BackupVarBStrFromDate
 0001:0000FF80       BackupVarCyFromStr
 0001:0000FF14       BackupVarDateFromStr
 0001:0000FDD0       BackupVarI4FromStr
 0001:0000FD7C       BackupVariantChangeTypeEx
 0001:0000FE3C       BackupVarR4FromStr
 0001:0000FEA8       BackupVarR8FromStr
 0001:00035248       Base64Decode
 0001:00035344       Base64DecodeStr
 0001:000353A8       Base64DecodeString
 0001:0003512C       Base64Encode
 0001:00061804       Base64EncodeFromFile
 0001:000352FC       Base64EncodeStr
 0001:000353A0       Base64EncodeString
 0001:000353B0       Base64EncodeToString
 0002:00002040       Base64Filler
 0001:0000E64C       Beep
 0001:000162F4       BeginGlobalLoading
 0001:000061CC       BeginPaint
 0001:000036F8       BeginThread
 0001:00077458       BetterSize
 0001:000960A8       BiDiDraw
 0001:00022EA8       BinToStr
 0001:00005FB4       BitBlt
 0002:000073E8       BitBtnCaptions
 0002:0000C6C4       BitBtnGlyphs
 0002:000071AC       BitmapCanvasList
 0002:0000C4E0       BitmapImageLock
 0001:0000FDB8       BiUnimplemented
 0002:00000424       BlockCode
 0002:000085E4       blockDescBlockList
 0002:000085E8       blockDescFreeList
 0001:00064584       BlockingSendInternetMessage
 0002:000000C8       BlockOverFoot
 0002:000000C4       BlockOverHead
 0002:000003C4       BooleanIdents
 0002:00000340       BooleanToStringRule
 0001:00009F2C       BoolToStr
 0001:000116C0       BoolToWStrViaOS
 0001:000152B4       Bounds
 0001:00005A0C       Bounds
 0002:00007674       Breaks
 0002:0000C518       BrushManager
 0001:0009885C       BuildImage
 0001:00050A88       BuildListPS
 0001:00050950       BuildListTH
 0002:00007244       ButtonCaptions
 0002:00007218       ButtonNames
 0002:000076F0       Buttons
 0001:0007EBA8       Buttons
 0002:000068F8       ByteRegs1
 0002:000068FC       ByteRegs2
 0001:00076C38       BytesPerScanline
 0001:00060390       BytesPerScanline
 0001:0005FDD4       BytesSwap
 0001:00076F90       ByteSwapColors
 0001:0000E730       ByteToCharIndex
 0001:0000E708       ByteToCharLen
 0001:0000E6CC       ByteType
 0001:0000E654       ByteTypeTest
 0002:0000C7CC       CachedComCtrlVer
 0002:0000B9D4       Cached_LogFile
 0001:000701A8       CalcAddr
 0001:0005FE04       CalcCRC
 0001:000350EC       CalcDecodedSize
 0001:000538A8       CalcDuplicatedException
 0001:000350C0       CalcEncodedSize
 0001:0001D9DC       CalcJmpOffset
 0001:0008FF78       CalcSplitterPos
 0001:0002A288       CalculateRelocatedAsmSize
 0001:000548BC       CallAttachedFilesRequest
 0001:0005492C       CallAttachedFilesRequestEvents
 0001:00054A60       CallCustomButtonClickEvent
 0001:00054ACC       CallCustomButtonClickEvents
 0001:000547EC       CallCustomDataRequest
 0001:0005485C       CallCustomDataRequestEvents
 0001:00054990       CallCustomWebFieldsRequest
 0001:00054A00       CallCustomWebFieldsRequestEvents
 0001:00006AE4       CallerOfReallocMem
 0001:000544F0       CallExceptionActionNotify
 0001:00068430       CallExceptionActionNotify_atSavedLogFile
 0001:0006840C       CallExceptionActionNotify_atSavingLogFile
 0001:00063378       CallExceptionActionNotify_atSendingEmail
 0001:000633C0       CallExceptionActionNotify_atSendingWebMessage
 0001:0006339C       CallExceptionActionNotify_atSentEmail
 0001:000633E4       CallExceptionActionNotify_atSentWebMessage
 0001:000687AC       CallExceptionActionNotify_atShowedExceptionInfo
 0001:00068788       CallExceptionActionNotify_atShowingExceptionInfo
 0001:0005F6F4       CallExceptionActionNotify_atTerminating
 0001:00054664       CallExceptionErrorNotify
 0001:00068454       CallExceptionErrorNotify_atSavedLogFile
 0001:00063408       CallExceptionErrorNotify_atSentEmail
 0001:0006342C       CallExceptionErrorNotify_atSentWebMessage
 0001:000542F8       CallExceptionNotify
 0001:00054364       CallExceptionNotifyEvents
 0002:00006918       CallForGetLogText
 0002:00006914       CallFromCOMObject
 0001:000543C8       CallHandledExceptionNotify
 0001:00054434       CallHandledExceptionNotifyEvents
 0001:00054868       CallModuleEvent_AttachedFilesRequest
 0001:00054A0C       CallModuleEvent_CustomButtonClickNotify
 0001:00054798       CallModuleEvent_CustomDataRequest
 0001:00054938       CallModuleEvent_CustomWebFieldsRequest
 0001:00054440       CallModuleEvent_ExceptionActionNotify
 0001:000545B8       CallModuleEvent_ExceptionErrorNotify
 0001:000542A8       CallModuleEvent_ExceptionNotify
 0001:00054370       CallModuleEvent_HandledExceptionNotify
 0001:00054AD8       CallModuleEvent_PasswordRequest
 0001:000061D4       CallNextHookEx
 0001:0005472C       CallPasswordRequest
 0001:00056D70       CallStackByAddresses
 0001:0005B1EC       CallStackDialogProc
 0001:0000F254       CallTerminateProcs
 0001:000061DC       CallWindowProc
 0001:000687D0       CallWriteIntraWebText
 0001:0006E70C       Call_HookedExceptionObject
 0001:0006E470       Call_HookedRaise
 0001:0006E738       Call_HookedRtlUnwind
 0001:0005F95C       CalsCoordinates
 0002:0000B792       CanAttachScreenshot
 0002:0000B78D       CanAttachScreenshot_Show
 0001:0008407C       CancelDrag
 0002:0000B793       CanCopy
 0002:0000B78E       CanCopy_Show
 0001:0005548C       CanExit
 0002:0000B755       CanHookLibraries
 0002:00006E40       CannotProcessMessagesExceptions
 0002:00006E8C       CannotShowDialog
 0002:0000B958       CannotUseThread
 0001:0006BFD4       CanPauseThisThread
 0002:0000B78C       CanSendError_Show
 0002:0000B790       CanSendMessage
 0001:0006FF38       CanShowHandledExceptionEx
 0002:0000B78F       CanSupport_Show
 0002:0000C794       CanvasList
 0002:0000C51C       CanvasList
 0002:0000BA04       CaptionFontName
 0002:00007204       Captions
 0002:0000BC40       CAPTION_HEIGHT
 0002:00007570       CaptureControl
 0002:00002000       cBase64Codec
 0002:00002044       cBase64Codec
 0002:00007614       cBooleanToItemAutoFlag
 0001:00059108       CenterOnActiveWndMonitor
 0001:00057A0C       CenterWindow
 0002:0000C6B2       CF_COMPONENT
 0002:0000C6B0       CF_PICTURE
 0002:0000B710       CGIHandleException
 0002:0000B6BC       CGIOutputFile
 0002:0000886C       ChangeAnyProc
 0001:0000A298       ChangeFileExt
 0001:000723C8       ChangeFinalizationOrder
 0001:0005E684       ChangeLogUserEmail
 0001:00003864       CharFromWChar
 0001:0000E904       CharLength
 0001:000061E4       CharLowerBuff
 0001:00000254       CharNext
 0001:000061EC       CharNext
 0002:00005618       chars
 0001:000755BC       CharsetToIdent
 0001:0000E818       CharToByteIndex
 0001:0000E87C       CharToByteLen
 0001:000061F4       CharToOemA
 0001:00077A08       CheckBool
 0001:00072D44       CheckCrc32
 0001:00021F64       CheckDirectoryExists
 0001:00036E48       CheckError
 0001:0002A864       CheckFail
 0001:00072094       CheckForMemoryLeaks
 0001:00052148       CheckForResult
 0001:00021D3C       CheckIntoIDE
 0001:00002CA8       CheckJmp
 0001:0002C768       CheckLibrary
 0001:0004AD34       CheckMagicCode
 0001:000061FC       CheckMenuItem
 0001:000071CC       CheckOurPointer
 0002:00007664       Checks
 0001:00019E70       CheckSubComponents
 0001:0001C260       CheckSynchronize
 0001:0009BC58       CheckTaskWindow
 0001:00083D30       CheckUndock
 0001:0000E540       CheckWin32Version
 0002:00000344       CInvalidCustomVariantType
 0002:00007618       cItemAutoFlagToBoolean
 0002:00007610       cItemAutoFlagToMenu
 0001:0001DC2C       Classes
 0001:00015D60       ClassNotFound
 0002:00008868       ClearAnyProc
 0001:00074E4C       ClearColor
 0001:0004EC30       ClearInternalError
 0001:00012A2C       ClearVariantTypeList
 0002:0000BBA9       ClickLinkActive
 0001:000423B8       ClickOnSign
 0001:00006204       ClientToScreen
 0001:0008D560       ClientToWindow
 0002:000071A4       ClipboardFormats
 0001:0007EA48       Clipbrd
 0001:0004D114       CloneObject
 0001:0000620C       CloseClipboard
 0001:00005B84       CloseHandle
 0001:000001F4       CloseHandle
 0001:0005388C       CloseLogFile
 0001:00061B7C       CloseSendDialog
 0001:000296BC       closesocket
 0002:0000C5B4       CloseThemeData
 0001:0002CF7C       CloseZipFile
 0002:0000B718       CLXHandleException
 0002:0000B71C       CLXShowException
 0002:00008040       CmdLine
 0002:0000803C       CmdShow
 0002:0000760C       cMenuAutoFlagToItem
 0001:0000FDC4       CmpUnimplemented
 0002:00006EB4       ColIdx
 0002:00006F24       Colors
 0001:000753B4       ColorToIdent
 0002:00007270       ColorToPretyName
 0001:000753A4       ColorToRGB
 0002:0000BBDC       ColWidths
 0001:00005FBC       CombineRgn
 0002:0000C71C       ComCtlVersion
 0001:0007EF4C       ComCtrls
 0002:0000C7E0       CommandPool
 0001:0007B494       CommCtrl
 0001:0007DCD0       CommDlg
 0001:00000708       Commit
 0002:00008628       committedRoot
 0001:00060A50       CommonSaveToStream
 0001:00055978       CompareEurekaFunctions
 0001:00094818       CompareFront
 0001:00009970       CompareMem
 0001:0004FEC8       CompareModulesFunctions
 0001:00050290       CompareProcessesFunctions
 0001:00009940       CompareStr
 0001:00005B8C       CompareString
 0001:00009990       CompareText
 0001:00009E54       CompareWith
 0001:00066910       CompleteIP
 0001:00038CC8       CompleteNumber
 0001:0003E154       CompleteStr
 0001:0004B2D4       CompleteStr
 0001:00067B90       CompleteString
 0001:000208D8       CompleteVersion
 0001:00019F50       ComponentCreated
 0001:00034378       Compress
 0001:0002E978       compressBound
 0001:0002494C       ComputerName
 0001:0004CBD0       ComputerName
 0001:0007EA04       ComStrs
 0001:000296E8       connect
 0001:00073E1C       Consts
 0001:0007B3A0       Contnrs
 0002:0000C752       ControlAtom
 0002:0000C758       ControlAtomString
 0001:000A09E4       ControlHasHelp
 0001:00090BF8       Controls
 0001:0000DA90       ConvertAddr
 0001:00006DCC       ConvertAddress
 0001:0002160C       ConvertAddress
 0001:0000C154       ConvertEraString
 0001:00009808       ConvertError
 0001:00009820       ConvertErrorFmt
 0001:0003D880       ConvertNotDosText
 0001:000358A8       ConvertSpecialHTMLChars
 0001:0000C2BC       ConvertYearString
 0001:00004964       CopyArray
 0001:000784E0       CopyBitmap
 0001:00078BA8       CopyBitmapAsMask
 0001:00006774       CopyMemory
 0001:00078B44       CopyPalette
 0001:00006214       CopyRect
 0002:00007448       Copyright
 0001:00054DD4       CopyStrings
 0001:00097908       CopyToBest
 0001:00007AF4       CountAllLeaks
 0001:0000E788       CountChars
 0002:0000C4F8       CounterLock
 0001:0005C074       CPUDialogProc
 0001:0004C088       CPUToRTF
 0002:00000348       CRangeToType
 0002:00001DEC       Crc16Tab
 0001:0002EAD0       crc32
 0002:0000B1C0       crc_table
 0002:00001FEC       crc_table_computed
 0001:000605A4       Create8bitBitmap
 0001:0000DF9C       CreateAssertException
 0001:0000E124       CreateAVObject
 0001:00005FC4       CreateBitmap
 0001:00005FCC       CreateBrushIndirect
 0001:00005FD4       CreateCompatibleBitmap
 0001:00005FDC       CreateCompatibleDC
 0001:00019FD0       CreateComponent
 0001:000068E8       CreateDialogA
 0001:000576B0       CreateDialogFonts
 0001:0000621C       CreateDialogParamA
 0001:00005FEC       CreateDIBitmap
 0001:00005FE4       CreateDIBSection
 0001:0000A804       CreateDir
 0001:00005B94       CreateDirectory
 0001:00005B9C       CreateEvent
 0001:000588A0       CreateExceptionReport
 0001:00005BA4       CreateFile
 0001:000001FC       CreateFileA
 0001:00005BAC       CreateFileA
 0001:00005BB4       CreateFileMapping
 0001:00005FF4       CreateFontA
 0001:00005FFC       CreateFontIndirect
 0001:00006004       CreateFontIndirectA
 0001:000687DC       CreateGeneralText
 0001:0000600C       CreateHalftonePalette
 0001:000514F4       CreateHTMLByLayout
 0001:00053E94       CreateHTMLFile
 0001:00006224       CreateIcon
 0001:0000DEC8       CreateInOutError
 0001:00058C70       CreateLeakReport
 0001:000698B8       CreateLogText
 0001:0000622C       CreateMenu
 0001:0002C198       CreateMXQuery
 0001:000601C4       CreateOctreeNode
 0001:00006014       CreatePalette
 0001:0000601C       CreatePenIndirect
 0001:00006234       CreatePopupMenu
 0001:00005BBC       CreateProcessA
 0001:00006024       CreateRectRgn
 0001:0000602C       CreateRectRgnIndirect
 0001:00006034       CreateSolidBrush
 0001:00076FE8       CreateSystemPalette
 0001:000518CC       CreateTemplateFile
 0001:00005BC4       CreateThread
 0001:0000025C       CreateThread
 0001:00058E18       CreateThreadStr
 0001:00062E64       CreateTmpLogFile
 0001:0004D754       CreateVirtualFile
 0001:00006890       CreateWindow
 0001:00006838       CreateWindowEx
 0001:00053F60       CreateXMLLogCopy
 0001:0002CD28       CreateZipFile
 0001:00063450       CreateZIPFile
 0001:00071574       Create_EurekaLogUnitsList
 0002:000071FC       CreationControl
 0002:000074B0       CreationControl
 0002:000003B0       CRelationshipToBoolean
 0002:0000032C       CResult
 0002:00000D58       CriticalError
 0002:00006E64       CriticalExceptObject
 0002:00000154       cSimpleBoolStrs
 0002:0000035C       CText
 0002:000075AC       Ctl3DStyles
 0002:00008620       curAlloc
 0002:000086DC       CurrencyDecimals
 0002:000086D8       CurrencyFormat
 0002:000086D4       CurrencyString
 0002:0000B744       CurrentAsmErrorLine
 0002:0000B74C       CurrentAsmErrorText
 0002:0000B750       CurrentCPUErrorText
 0002:0000B7E0       CurrentDialog
 0001:0007021C       CurrentEurekaLogOptions
 0002:0000B748       CurrentGeneralErrorText
 0002:0000B6B8       CurrentOptions
 0002:0000B7F8       CurrentProcessWindowsList
 0002:00006E50       CurrentStackList
 0001:0000BFEC       CurrentYear
 0001:0000B960       CurrToStr
 0001:00011650       CurrToWStrViaOS
 0002:0000778C       CursorMap
 0002:000074C0       Cursors
 0001:0008291C       CursorToIdent
 0002:0000777C       cUseAlpha
 0002:00007784       cUseColorKey
 0002:0000B65C       CustomButtonClickNotify
 0002:0000B650       CustomDataRequest
 0002:0000B77C       CustomExceptMessage
 0001:00072128       CustomHandler
 0002:00006924       CustomSmtpHeloCommand
 0002:0000B658       CustomWebFieldsRequest
 0002:0000B5C4       CV
 0001:00009B98       CvtInt
 0001:00009C04       CvtInt64
 0002:00000194       CWNear
 0001:0000BF3C       Date
 0002:000086DD       DateSeparator
 0001:0000CC04       DateTimeToStr
 0001:00020E50       DateTimeToStrFixed
 0001:0000CB78       DateTimeToString
 0001:0000BAB4       DateTimeToTimeStamp
 0001:0000CBD4       DateToStr
 0001:00011688       DateToWStrViaOS
 0001:0000BF14       DayOfWeek
 0002:0000B7F4       DbgSection
 0002:00000190       DCon10
 0002:00006F20       DDBsOnly
 0001:0001DB54       DeallocateHWnd
 0002:0000002C       DebugHook
 0002:0000B934       DebugHook_Assigned
 0001:00064A44       DebugToStr
 0002:000086DB       DecimalSeparator
 0001:0000BE84       DecodeDate
 0001:0000BD38       DecodeDateFully
 0001:000267C8       DecodeNameString
 0001:0000BBA8       DecodeTime
 0001:0000079C       Decommit
 0001:00000DB8       DecommitFree
 0002:000085FC       decommittedRoot
 0001:00034FC4       Decrypt
 0001:0009E66C       Default
 0001:000A3D3C       Default
 0002:00000024       Default8087CW
 0002:000074B4       DefaultDockTreeClass
 0002:00000038       DefaultTextLineBreakStyle
 0002:000085C0       DefaultUserCodePage
 0002:00007174       DefBrushData
 0002:00006EF4       DefFontData
 0001:0000623C       DefFrameProc
 0001:0002F908       deflate
 0001:0002FBCC       deflateEnd
 0001:0002F31C       deflateInit_
 0002:00000220       DefLongDayNames
 0002:000001D4       DefLongMonthNames
 0001:00006244       DefMDIChildProc
 0002:00007154       DefPenData
 0002:00000204       DefShortDayNames
 0002:000001A4       DefShortMonthNames
 0001:0000624C       DefWindowProc
 0001:00006254       DefWindowProcA
 0001:00004BBC       DelayLoadResourceModule
 0001:00000458       DeleteBlock
 0001:000003C8       DeleteCriticalSection
 0001:00005BCC       DeleteCriticalSection
 0001:0000603C       DeleteDC
 0001:000635BC       DeleteExtraFiles
 0001:0000A200       DeleteFile
 0001:00005BD4       DeleteFile
 0001:00005BDC       DeleteFileA
 0001:0004FE54       DeleteFileEx
 0001:00000C00       DeleteFree
 0001:0000625C       DeleteMenu
 0001:00006044       DeleteObject
 0001:000600D0       DeleteTree
 0001:0004D8C0       DeleteVirtualFile
 0002:00006ED4       DeniedChars
 0001:0007809C       DeselectBitmap
 0001:00006264       DestroyCursor
 0001:000578F8       DestroyDialogFonts
 0001:0000626C       DestroyIcon
 0001:0007EAD8       DestroyLocals
 0001:00006274       DestroyMenu
 0001:0000627C       DestroyWindow
 0002:0000BC1C       DetailsActive
 0001:00059708       DetailsState
 0001:00006284       DialogBoxParamA
 0001:000804D4       DialogEnumerationTester
 0002:0000BC28       DialogHeight
 0001:0007E340       Dialogs
 0002:0000B944       DialogType
 0002:000071B0       DIBPalSizes
 0002:00000094       dig
 0002:00000D5C       Digits
 0001:000518A8       DirectoryExists
 0001:000085D4       DisableMemoryLeaksCheck
 0001:0009BAAC       DisableTaskWindows
 0001:0000628C       DispatchMessage
 0001:000A1CC4       DispatchShortCut
 0002:00008000       DispCallByIDProc
 0001:000097EC       DivMod
 0001:0007DD08       Dlgs
 0001:00057368       DlgTemplate
 0002:00008918       DllList
 0001:000A2FC8       DoAlign
 0001:00088478       DoAlign
 0001:0008C41C       DoCalcConstraints
 0002:0000C788       DockSiteList
 0001:00098528       DoClick
 0001:00089B50       DoControlMsg
 0001:0009BA5C       DoDisableWindow
 0001:0008365C       DoDragOver
 0001:00009864       DoExitProc
 0001:0008E24C       DoFindControlZone
 0001:0009BB98       DoFindWindow
 0001:0008E7D8       DoFindZone
 0001:0008E2D0       DoForEach
 0001:0008FBDC       DoGetNextLimit
 0001:0002C5F8       Done
 0001:0002AD38       Done
 0001:000087C0       Done
 0001:0007366C       Done
 0001:00024C90       Done
 0001:0009BA24       DoneApplication
 0001:00071244       DoneCheckFreeze
 0001:0009093C       DoneControls
 0002:0000B70C       DoneExcept
 0001:0007237C       DoneExceptAddr
 0001:0000E450       DoneExceptions
 0001:000368CC       DoneLib
 0001:00008360       DoneShareMem
 0001:000A0040       DoNestedActivation
 0001:0001C1FC       DoneThreadSynchronization
 0001:000A2E18       DoPosition
 0001:00088038       DoPosition
 0001:0008F204       DoPrune
 0001:0008F6DC       DoSaveZone
 0001:0008F8E0       DoSetNewBounds
 0001:00021194       DotNetHostedFile
 0001:00065514       DotNetHostedFileHandle
 0001:000654C8       DotNetMainFile
 0002:00006E74       DotNetMetadataFile
 0002:00006E94       Dots
 0002:000003CC       DotSep
 0001:00077C60       DoWrite
 0001:000171CC       DoWrite
 0001:00092E78       DoWrite
 0001:00089138       DoWriteDesignSize
 0001:00086C90       DoWriteIsControl
 0002:0000C76C       DragCapture
 0002:0000C760       DragControl
 0001:00083DA4       DragDone
 0001:0008360C       DragFindTarget
 0001:000835E0       DragFindWindow
 0002:0000C784       DragImageList
 0001:000839FC       DragInit
 0001:00083B6C       DragInitControl
 0002:0000C768       DragInternalObject
 0001:00083528       DragMessage
 0002:0000C764       DragObject
 0002:0000C790       DragSave
 0002:0000C778       DragSaveCursor
 0002:0000C770       DragStartPos
 0002:0000C77C       DragThreshold
 0001:0008372C       DragTo
 0001:000A3D78       DrawAppIcon
 0001:00041B7C       DrawBmp
 0001:00042700       DrawBottom
 0001:0005E5D8       DrawButton
 0001:0005E46C       DrawClickHere
 0001:0008ED70       DrawCloseButton
 0001:0005E3E4       DrawControl
 0001:00006294       DrawEdge
 0001:0004268C       DrawFrame
 0001:0000629C       DrawFrameControl
 0001:0008EDC8       DrawGrabberLine
 0001:000062A4       DrawIcon
 0001:000062AC       DrawIconEx
 0002:000075E8       DrawingStyles
 0001:000427A8       DrawItem
 0001:00042754       DrawLine
 0001:000062B4       DrawMenuBar
 0001:00099868       DrawMenuItem
 0001:0005C630       DrawSupportLink
 0001:000062BC       DrawText
 0001:000062C4       DrawTextA
 0002:0000C5B8       DrawThemeBackground
 0002:0000C5DC       DrawThemeEdge
 0002:0000C5E0       DrawThemeIcon
 0002:0000C664       DrawThemeParentBackground
 0002:0000C5BC       DrawThemeText
 0001:00076AB8       DupBits
 0002:0000B794       DuplicatedException
 0001:00005BE4       DuplicateHandle
 0001:0000497C       DynArrayClear
 0001:00004984       DynArraySetLength
 0001:00035410       EBase64
 0001:00020634       EConsts
 0001:00024CE8       ECore
 0001:000293DC       EDebug
 0002:000076D4       EdgeStyle
 0002:0000759C       EdgeStyles
 0001:0004A1BC       EDisAsm
 0001:000350B8       EEncrypt
 0001:00034D64       EHash
 0001:0000DE9C       EHeapException.FreeInstance
 0001:0002AE34       EHook
 0001:0003DDE4       ElaborateString
 0001:00037108       ElaborateURL
 0001:00037270       ElaborateWebPage
 0001:0002AF44       ELang
 0001:00008880       ELeaks
 0001:00042DC4       EListView
 0001:00041AA4       ELogManager
 0001:000062CC       EmptyClipboard
 0002:00008854       EmptyParam
 0002:000000D8       EmptyStr
 0002:000000DC       EmptyWideStr
 0002:00000458       EMsgs
 0001:00008448       EnableMemoryLeaksCheck
 0001:000062D4       EnableMenuItem
 0002:0000766C       Enables
 0001:000062DC       EnableScrollBar
 0001:0009BB60       EnableTaskWindows
 0002:0000C64C       EnableThemeDialogTexture
 0002:0000C668       EnableTheming
 0001:000062E4       EnableWindow
 0001:0005FFBC       Encode
 0001:0000BD08       EncodeDate
 0002:000055F4       EncodedChars
 0001:0000BB68       EncodeTime
 0001:00062FC8       EncodeURL
 0001:000062EC       EndDialog
 0001:0001637C       EndGlobalLoading
 0001:000062F4       EndPaint
 0001:0000373C       EndThread
 0001:000003B8       EnterCriticalSection
 0001:00005BEC       EnterCriticalSection
 0001:00005BF4       EnumCalendarInfoA
 0002:0000C54C       EnumDisplayMonitors
 0001:0000D704       EnumEraNames
 0001:0000D740       EnumEraYearOffsets
 0001:0009EC30       EnumMonitorsProc
 0001:00005BFC       EnumSystemLocalesA
 0001:000062FC       EnumThreadWindows
 0001:00019780       EnumValue
 0001:00006304       EnumWindows
 0001:0004F034       EnumWindowsProc
 0001:0004EED8       EnumWindowsProc
 0001:0004F148       EnumWindowsProc
 0001:0004EF7C       EnumWindowsProc
 0001:00025D14       Eof
 0002:00005614       EOFLine
 0001:0000630C       EqualRect
 0002:000087A4       EraNames
 0001:0000CE90       EraToYear
 0002:000087C0       EraYearOffsets
 0002:0000006C       errCaption
 0001:00060E94       Error
 0001:00018F64       Error
 0001:00015904       Error
 0001:00008228       Error
 0001:000018C8       Error
 0001:00094568       Error
 0002:00000004       ErrorAddr
 0001:0000187C       ErrorAt
 0001:0000DF48       ErrorHandler
 0002:0000023C       ErrorMap
 0002:00008008       ErrorProc
 0002:000083E8       ErrOutput
 0002:00000C30       EShowOptions
 0001:0002C658       ESockets
 0001:0001DCF0       ETypes
 0002:00000450       EurekaLogCurrentVersion
 0002:0000B7B0       EurekaLogList
 0001:0006175C       EurekaLogSendEmail
 0002:00006928       EurekaLogUnits
 0002:0000B7D4       EurekaLogUnitsList
 0001:000552A0       EurekaLog_AttachedFilesRequestEvent
 0001:0006EDF0       EurekaLog_CallCreateThread
 0001:0006E580       EurekaLog_CallExceptObject
 0001:0006EF28       EurekaLog_CallExitThread
 0001:0006E3FC       EurekaLog_CallGeneralRaise
 0001:0006EE84       EurekaLog_CallResumeThread
 0001:000553E8       EurekaLog_CustomButtonClickEvent
 0001:000551FC       EurekaLog_CustomDataRequestEventEx
 0001:00055344       EurekaLog_CustomWebFieldsRequestEvent
 0001:000550B4       EurekaLog_ExceptionActionNotifyEvent
 0001:00055158       EurekaLog_ExceptionErrorNotifyEvent
 0001:00054F6C       EurekaLog_ExceptionNotifyEvent
 0001:00055010       EurekaLog_HandledExceptionNotifyEvent
 0001:0006EDE8       EurekaLog_LastDelphiException
 0001:00054E58       EurekaLog_PasswordRequestEvent
 0001:00054E9C       EurekaLog_PasswordRequestEventEx
 0002:000009B8       EVals
 0002:00000CF0       EVariablesOptions
 0001:0003D1A8       EWebTools
 0001:00029960       EWinSock
 0001:00001804       ExceptAddr
 0002:0000800C       ExceptClsProc
 0001:0000E3BC       ExceptHandler
 0001:0000DD10       Exception.Create
 0001:0000DD4C       Exception.CreateFmt
 0001:0000DDCC       Exception.CreateRes
 0001:0000DE08       Exception.CreateResFmt
 0002:0000B644       ExceptionActionNotify
 0002:0000801C       ExceptionClass
 0002:0000B68C       ExceptionCriticalSection
 0001:0000DA9C       ExceptionErrorMessage
 0002:0000B648       ExceptionErrorNotify
 0001:0004E1D4       ExceptionLine
 0001:00073B18       ExceptionLog
 0001:00070544       ExceptionManager
 0002:0000B63C       ExceptionNotify
 0002:0000B6C4       ExceptionNumber
 0002:0000B7E8       ExceptionsTime
 0002:0000B7EC       ExceptionTime
 0001:00051E30       ExceptionTypeByAddr
 0002:00000274       ExceptMap
 0001:0006DA54       ExceptNotify
 0001:0006486C       ExceptNotifyAfter1
 0001:00064968       ExceptNotifyAfter2
 0001:0006497C       ExceptNotifyAfter3
 0001:000017E4       ExceptObject
 0002:00008010       ExceptObjProc
 0002:00008004       ExceptProc
 0001:0000604C       ExcludeClipRect
 0001:00021ED8       ExcludeLastBackslash
 0002:00000000       ExitCode
 0001:000034F4       ExitDll
 0002:00008048       ExitProc
 0001:0000026C       ExitProcess
 0002:00008028       ExitProcessProc
 0002:00000150       ExitProcList
 0001:00000264       ExitThread
 0001:00005C04       ExitThread
 0001:0003D750       EXMLBuilder
 0001:000210A8       ExpandEnvVars
 0001:0000A474       ExpandFileName
 0001:00055A28       ExportedFunctions
 0001:0007ED94       ExtActns
 0001:0007E9A4       ExtCtrls
 0001:0007EC00       ExtDlgs
 0001:0005339C       ExtractDebugData
 0001:0000A360       ExtractFileDrive
 0001:0000A42C       ExtractFileExt
 0001:00006A70       ExtractFileName
 0001:0000A3F4       ExtractFileName
 0001:0000A32C       ExtractFilePath
 0001:0000A4B0       ExtractFilePathNoDrive
 0001:00070A14       ExtractGZipStream
 0001:00020B4C       ExtractList
 0001:0000A53C       ExtractRelativePath
 0001:00052E80       ExtractStr
 0001:00021AC0       ExtractStringsEx
 0001:000586B8       ExtractThreadByList
 0001:0003F450       ExtractValue
 0001:00035564       EZip
 0001:00034268       EZlib2
 0002:0000B9E0       fActive
 0002:00006E88       fActivePage
 0002:000087E0       FalseBoolStrs
 0002:0000B9FC       fBigFont
 0002:0000B9E4       fCaptionFont
 0002:0000C6B8       FClipboard
 0002:00000184       FCon1E18
 0002:0000B9D8       fDlgBack
 0001:00067F00       FetchStr
 0002:0000B9EC       fFixedFont1
 0002:0000B9F0       fFixedFont2
 0001:0000A094       FileAge
 0001:0000A08C       FileClose
 0001:00009FF4       FileCreate
 0001:00009FD0       FileCreate
 0001:0000A774       FileDateToDateTime
 0001:0000A0FC       FileExists
 0002:000071A8       FileFormats
 0002:0000000C       FileMode
 0001:00001D28       FileNOPProc
 0001:00009F78       FileOpen
 0001:00009FFC       FileRead
 0002:000003F8       FilerSignature
 0001:0000A054       FileSeek
 0001:00005C0C       FileTimeToDosDateTime
 0001:00005C14       FileTimeToLocalFileTime
 0001:0000A028       FileWrite
 0001:00000CE8       FillAfterGap
 0001:000540EC       FillAttachedList
 0001:00000C94       FillBeforeGap
 0001:00000D80       FillerSizeAfterGap
 0001:00000D10       FillerSizeBeforeGap
 0001:00006314       FillRect
 0001:0005034C       FillThreadsCount
 0001:00029340       Finalization
 0001:000A61BC       Finalization
 0001:000293EC       Finalization
 0001:000A6184       Finalization
 0001:00029930       Finalization
 0001:00012E78       Finalization
 0001:000A5F7C       Finalization
 0001:0002ADE0       Finalization
 0001:0002AF14       Finalization
 0001:0002C600       Finalization
 0001:0007AED8       Finalization
 0001:0007B0B8       Finalization
 0001:0007B370       Finalization
 0001:0007B464       Finalization
 0001:00013094       Finalization
 0001:0007BBE4       Finalization
 0001:0007BC24       Finalization
 0001:0007CC0C       Finalization
 0001:0007CC54       Finalization
 0001:0007CC8C       Finalization
 0001:0007395C       Finalization
 0001:0007CFB0       Finalization
 0001:0007D15C       Finalization
 0001:00099B44       Finalization
 0001:00013BA0       Finalization
 0001:00034238       Finalization
 0001:00034D34       Finalization
 0001:000935C8       Finalization
 0001:000205B0       Finalization
 0001:00035088       Finalization
 0001:00091EC0       Finalization
 0001:00090B90       Finalization
 0001:000353E0       Finalization
 0001:0007DAE0       Finalization
 0001:00035534       Finalization
 0001:00013BF8       Finalization
 0001:0007DB50       Finalization
 0001:0001DCC0       Finalization
 0001:0007DB88       Finalization
 0001:0007DBC0       Finalization
 0001:00005A28       Finalization
 0001:0007DBF8       Finalization
 0001:0007DC30       Finalization
 0001:000059B0       Finalization
 0001:0001DB7C       Finalization
 0001:0007DC68       Finalization
 0001:0007DCA0       Finalization
 0001:0003D158       Finalization
 0001:00024C94       Finalization
 0001:0003D720       Finalization
 0001:0007DCD8       Finalization
 0001:0007E2E4       Finalization
 0001:00005780       Finalization
 0001:0007E95C       Finalization
 0001:00041A68       Finalization
 0001:0007E9D4       Finalization
 0001:00042D94       Finalization
 0001:0007EA0C       Finalization
 0001:0007EAA0       Finalization
 0001:00073DEC       Finalization
 0001:0004A120       Finalization
 0001:00008B94       Finalization
 0001:00008848       Finalization
 0001:0007EB70       Finalization
 0001:0007EBD0       Finalization
 0001:0007EC20       Finalization
 0001:0007EC88       Finalization
 0001:00010518       Finalization
 0001:0007ECEC       Finalization
 0001:0000FB24       Finalization
 0001:0007ED44       Finalization
 0001:0007ED9C       Finalization
 0001:0007EED4       Finalization
 0001:0007F914       Finalization
 0001:0008074C       Finalization
 0001:0007FAC8       Finalization
 0001:0000FD24       Finalization
 0001:0007F960       Finalization
 0001:000069F8       Finalization
 0002:00008684       FinalizationProc
 0001:00004974       FinalizeArray
 0001:00003328       FinalizeUnits
 0001:000982E8       Find
 0001:000524D4       FindBetterMatch
 0001:00004C2C       FindBS
 0001:00015E20       FindClass
 0001:00004BB4       FindClassHInstance
 0001:0000027C       FindClose
 0001:0000A1E4       FindClose
 0001:00005C1C       FindClose
 0001:00000C64       FindCommitted
 0001:000826FC       FindControl
 0001:0008EA04       FindControlAtPos
 0001:00012D88       FindCustomVariantType
 0001:00012CD0       FindCustomVariantType
 0001:000840C8       FindDragTarget
 0001:00062DE4       FindEOFLine
 0001:00036CE0       FindErrorMessage
 0001:0006872C       FindException
 0001:0001A180       FindExistingComponent
 0001:0000A170       FindFirst
 0001:00000284       FindFirstFile
 0001:00005C24       FindFirstFile
 0001:00005C2C       FindFirstFileA
 0001:000505E8       FindFullPath
 0001:00053290       FindFunction
 0001:0001620C       FindGlobalComponent
 0001:0009BCA4       FindGlobalComponent
 0002:000088B8       FindGlobalComponentProcs
 0001:0004AD48       FindHandled
 0001:00004B8C       FindHInstance
 0001:000160B4       FindIdentToInt
 0001:00007558       FindLeakAddress
 0001:0000777C       FindLeakClassName
 0001:000074B0       FindLeakSons
 0001:00072C30       FindMainInstance
 0001:0000A10C       FindMatchingFile
 0001:0004F608       FindModuleType
 0002:0000C6A4       FindMsg
 0001:00019310       FindNestedComponent
 0001:0000A1C0       FindNext
 0001:00005C34       FindNextFile
 0001:0000740C       FindNextValidLeak
 0001:00025E84       FindParam
 0001:00094530       FindPopupControl
 0001:0002954C       FindProc
 0001:000101E0       FindProc
 0001:00050298       FindProcess
 0001:00005C3C       FindResource
 0001:00005C44       FindResourceA
 0001:00004C04       FindResourceHInstance
 0001:000A57D0       FindScanline
 0001:00036444       FindSelected
 0001:0009BBFC       FindTopMostWindow
 0001:0001B064       FindUniqueName
 0001:00084094       FindVCLWindow
 0001:0000631C       FindWindow
 0001:0008052C       FindWinHelp
 0001:0004AD00       FirstProc
 0002:0000BA08       FixedFontName1
 0002:0000BA0C       FixedFontName2
 0002:0000BA00       FixedFontSize
 0002:0000BC44       FixedTmpOptionsFile
 0001:00078494       FixupBitFields
 0002:000076E4       Flags
 0002:000087F0       FLanguages
 0001:0007CFE0       FlatSB
 0002:0000C578       FlatSB_EnableScrollBar
 0002:0000C584       FlatSB_GetScrollInfo
 0002:0000C588       FlatSB_GetScrollPos
 0002:0000C580       FlatSB_GetScrollRange
 0002:0000C590       FlatSB_SetScrollInfo
 0002:0000C58C       FlatSB_SetScrollPos
 0001:0007CCD0       FlatSB_SetScrollProp
 0002:0000C594       FlatSB_SetScrollRange
 0002:0000C57C       FlatSB_ShowScrollBar
 0002:0000B9F4       fLinkFont
 0002:0000B9F8       fLinkFont2
 0002:0000BB84       fListViewItems
 0002:00005FF8       FloatingPointOpcodes
 0001:0000B5F0       FloatToDecimal
 0001:0000B930       FloatToStr
 0001:0000B028       FloatToText
 0001:0000B2FC       FloatToTextFmt
 0001:00001F8C       Flush
 0001:00005C4C       FlushInstructionCache
 0002:0000B9DC       fMemoBack
 0002:0000BB64       fMonitor
 0002:0000BB6C       fMonitorInfo
 0002:00000198       FMSecsPerDay
 0001:0000AF24       FmtStr
 0002:00007700       FocusCount
 0002:000076FC       FocusMessages
 0002:000070C4       FontCharsets
 0002:0000C510       FontManager
 0001:00070490       ForceApplicationTermination
 0001:00021F88       ForceDirectoriesEx
 0001:0009BC78       ForegroundTask
 0002:0000C804       Form1
 0002:000001A0       Format
 0001:0000AF10       Format
 0001:0000AB18       FormatBuf
 0001:0000AB0C       FormatClearStr
 0001:0006834C       FormatComplete
 0001:0000CC18       FormatDateTime
 0001:0000AA90       FormatError
 0002:0000017C       FormatErrorStrs
 0001:0000B990       FormatFloat
 0001:00005C54       FormatMessage
 0001:00028D18       FormatProcName
 0001:0000AAE8       FormatVarToStr
 0001:000A5FD8       Forms
 0001:000023F8       FPower10
 0002:000071F8       FPrinter
 0001:00006324       FrameRect
 0001:00007AC8       FreeAllLeaks
 0001:0000F704       FreeAndNil
 0001:0004D148       FreeClonedObject
 0001:000009D0       FreeCommitted
 0001:00000EF0       FreeCurAlloc
 0001:00084188       FreeDeviceContext
 0001:00084244       FreeDeviceContexts
 0001:0001D948       FreeIntConstList
 0001:00005C5C       FreeLibrary
 0001:0000028C       FreeLibrary
 0001:00077FF0       FreeMemoryContexts
 0001:0001DA7C       FreeObjectInstance
 0001:0004DE80       FreeOutOfMemoryCache
 0001:00005C7C       FreeResource
 0001:00060E58       FreeScreenshot
 0001:00000650       FreeSpace
 0001:0000F270       FreeTerminateProcs
 0001:0007D194       FreeThemeLibrary
 0002:0000B758       FreezeThread
 0002:0000C718       FRichEditModule
 0002:0000BB68       fSendBmp
 0002:0000B618       FtpOpenFile
 0001:0003CB84       FTPUploadFiles
 0002:0000B9E8       fVariableFont
 0001:00076AA8       GDICheck
 0001:00076A00       GDIError
 0001:0005BE6C       GeneralDialogProc
 0001:0006E1DC       GeneralRaise
 0001:0004B888       GeneralToRTF
 0001:00063F78       GenerateCustomWebFieldsString
 0001:00051784       GenerateHTML
 0001:00037A98       GenerateMultipartBoundary
 0001:0003BFC8       GenerateMultipartBoundary
 0001:00037B68       GenerateRequestBody
 0001:0003C104       GenerateRequestBody
 0001:00001C34       Get8087CW
 0001:00005C84       GetACP
 0001:00065D4C       GetActiveControlClass
 0001:00065D64       GetActiveControlText
 0001:00065C6C       GetActiveFormClass
 0001:00065CB8       GetActiveFormText
 0001:00058E88       GetActiveMonitorData
 0001:0000632C       GetActiveWindow
 0001:00066A54       GetAdapterInfo
 0001:00050318       GetAllocatedMemory
 0001:00053270       GetAndSetFunctionSize
 0001:000A34A4       GetAnimation
 0001:000665BC       GetApplicationName
 0001:0004F0AC       GetApplicationRect
 0001:00065C4C       GetApplicationUpTime
 0001:0002A098       GetAsmSize
 0001:00057164       GetBaseOfStack
 0001:00006054       GetBitmapBits
 0001:000003D0       GetBlockDesc
 0001:0005E550       GetBottonWidth
 0001:0000605C       GetBrushOrgEx
 0001:000067F8       GetBValue
 0001:00057040       GetCallStackByAddresses
 0001:0004DEC0       GetCallStackDump
 0001:00006334       GetCapture
 0001:000829C4       GetCaptureControl
 0001:00015DCC       GetClass
 0001:0000633C       GetClassInfo
 0001:00006344       GetClassName
 0001:0000634C       GetClassNameA
 0001:00006354       GetClientRect
 0001:00006064       GetClipBox
 0001:0000036C       GetCmdShow
 0001:00092090       GetColor
 0001:00042C14       GetColumnAlign
 0001:00042BE8       GetColumnCount
 0001:0007EE74       GetComCtlVersion
 0001:00005C94       GetCommandLine
 0001:00000294       GetCommandLine
 0001:0000081C       GetCommitted
 0001:000008AC       GetCommittedAt
 0001:00067DA8       GetCompanyName
 0001:00065BF0       GetCompilationDate
 0001:0004B35C       GetCompleteTimeStr
 0001:00005C9C       GetComputerNameA
 0001:00089704       GetControlAtPos
 0001:0006D4CC       GetControlClass
 0001:0006D528       GetControlText
 0001:0000C0B0       GetCount
 0001:00005C8C       GetCPInfo
 0001:00034314       GetCRC16
 0001:000342CC       GetCRC32
 0001:0000A7E0       GetCurrentDir
 0001:0000029C       GetCurrentDirectory
 0001:0000606C       GetCurrentObject
 0001:00006074       GetCurrentPositionEx
 0001:00068078       GetCurrentPrinterHandle
 0001:00005CA4       GetCurrentProcess
 0001:00005CAC       GetCurrentProcessId
 0001:0007053C       GetCurrentStackPointer
 0001:0005716C       GetCurrentStackPointer
 0002:0000C65C       GetCurrentThemeName
 0001:00005CB4       GetCurrentThread
 0001:0000035C       GetCurrentThreadId
 0001:00005CBC       GetCurrentThreadId
 0001:0000676C       GetCurrentTime
 0001:0004D168       GetCurrentTopOfStack
 0001:00067BD0       GetCurrentUserPrivileges
 0001:0000635C       GetCursor
 0001:000A57E0       GetCursorHeightMargin
 0001:00006364       GetCursorPos
 0001:000072E4       GetDataCaller
 0001:0000C0DC       GetDate
 0001:00005CC4       GetDateFormat
 0001:0000CDA8       GetDateOrder
 0001:0000636C       GetDC
 0001:00006374       GetDCEx
 0001:0000607C       GetDCOrgEx
 0001:00056960       GetDebugDetail
 0001:00064AE4       GetDebugInfoEx
 0001:00053694       GetDebugInfosByAddr
 0001:0005305C       GetDebugPartialInfo
 0001:00067F94       GetDefaultPrinter
 0001:0007AAE8       GetDefFontCharSet
 0001:0000637C       GetDesktopWindow
 0001:00006094       GetDeviceCaps
 0001:0005C27C       GetDialogState
 0001:000779F0       GetDIB
 0001:00006084       GetDIBColorTable
 0001:0000608C       GetDIBits
 0001:00077938       GetDIBSizes
 0001:00076C18       GetDInColors
 0001:00005CCC       GetDiskFreeSpaceA
 0002:0000014C       GetDiskFreeSpaceEx
 0001:00066370       GetDiskInfo
 0001:00067ADC       GetDisplayDPI
 0001:00066870       GetDisplayMode
 0001:00006384       GetDlgItem
 0001:0002BD98       GetDNSList
 0001:0008FCBC       GetDockAlign
 0001:0008336C       GetDockSiteAtPos
 0001:0002BF54       GetDomain
 0001:0002C0C0       GetDomainName
 0001:00083698       GetDropCtl
 0001:00069554       GetDump
 0001:00002A70       GetDynaMethod
 0001:000693D4       GetEAX
 0001:00069404       GetEBX
 0001:00069434       GetECX
 0001:000694C4       GetEDI
 0001:0005812C       GetEditText
 0001:00069464       GetEDX
 0001:000556A0       GetEF
 0001:00048B14       GetEffectiveAddress
 0001:00069524       GetEIP
 0001:000697C4       GetEmptySection
 0001:00013104       GetEnumName
 0001:000131DC       GetEnumNameValue
 0001:00013228       GetEnumValue
 0001:00005CD4       GetEnvironmentVariableA
 0001:00020F6C       GetEnvVariable
 0001:0000D7B8       GetEraNamesAndYearOffsets
 0001:0000CE3C       GetEraYearOffset
 0001:00069494       GetESI
 0001:000694F4       GetESP
 0001:0004DEB0       GetESP
 0001:00021308       GetEurekaLogDir
 0001:00055F64       GetEurekaLogModuleVersion
 0001:00065F60       GetExceptionAddress
 0001:0000E10C       GetExceptionClass
 0001:00065F48       GetExceptionDate
 0001:000659B8       GetExceptionMessage
 0001:00065F94       GetExceptionModuleName
 0001:00066078       GetExceptionModuleVersion
 0001:0000E2F0       GetExceptionObject
 0001:000660FC       GetExceptionType
 0001:00057278       GetExceptMessage
 0001:00005CDC       GetExitCodeProcess
 0001:00005CE4       GetExitCodeThread
 0001:00015D54       GetFieldClassTable
 0001:00035CE4       GetFieldValue
 0001:00005CEC       GetFileAttributes
 0001:00005CF4       GetFileAttributesA
 0001:0003C098       GetFileContents
 0001:00036C74       GetFileContents
 0001:0002CD80       GetFileSize
 0001:0000020C       GetFileSize
 0001:0003CB48       GetFileSize
 0001:0004FE20       GetFileSize
 0001:00000204       GetFileType
 0001:0000E560       GetFileVersion
 0001:00066F80       GetFileVersionEx
 0001:00005F84       GetFileVersionInfo
 0001:00005F8C       GetFileVersionInfoA
 0001:00005F94       GetFileVersionInfoSize
 0001:00005F9C       GetFileVersionInfoSizeA
 0001:0000638C       GetFocus
 0001:000211BC       GetFolder
 0001:000755DC       GetFontData
 0001:00006394       GetForegroundWindow
 0001:0000EE28       GetFormatSettings
 0001:00006E44       GetFramesCallStackDump
 0001:00066464       GetFreeDisk
 0001:000662F0       GetFreeMemory
 0001:00005CFC       GetFullPathName
 0001:00064DC4       GetFunctionAsm
 0001:0002A1D0       GetFunctionSize
 0001:00021CF4       GetGMT
 0001:000067F4       GetGValue
 0001:00005D04       GetHandleInformation
 0001:00074B48       GetHashCode
 0001:000A0A1C       GetHelpInfo
 0001:0007C0A4       GetHelpSystem
 0001:000A3288       GetHint
 0001:000A32C0       GetHintControl
 0001:0002980C       gethostbyname
 0001:00029848       gethostname
 0001:000999E4       GetHotkey
 0001:00037380       GetHTTPResponse
 0001:0003C3D4       GetHTTPResponse
 0001:0000639C       GetIconInfo
 0001:00029050       GetImageNtHeaders
 0001:00067174       GetIndexKeyName
 0001:00067F34       GetIniDefPrinter
 0001:0006DEB8       GetIntraWebExceptionType
 0001:00041B54       GetItemRect
 0001:0005B1A0       GetItemText
 0001:000063B4       GetKeyboardLayout
 0001:000063BC       GetKeyboardLayoutList
 0001:000063C4       GetKeyboardState
 0001:000026E4       GetKeyboardType
 0001:000063A4       GetKeyNameText
 0001:000063AC       GetKeyState
 0001:00065EFC       GetLanguageString
 0001:000063CC       GetLastActivePopup
 0001:0008DF84       GetLastChildZone
 0001:00005D0C       GetLastError
 0001:000002A4       GetLastError
 0001:0000750C       GetLeakCount
 0001:00036650       GetListDefault
 0001:000362D0       GetListValue
 0001:0000D57C       GetLocaleChar
 0001:00065DD0       GetLocaleDataA
 0001:00065D90       GetLocaleDataW
 0001:00005D1C       GetLocaleInfo
 0001:000002AC       GetLocaleInfo
 0001:00005D24       GetLocaleInfoA
 0001:00005D2C       GetLocaleInfoW
 0001:0000D530       GetLocaleStr
 0001:00005D14       GetLocalTime
 0001:00082980       GetLongHint
 0001:000216E8       GetLongNameFromShort
 0001:000134D4       GetLongStrProp
 0001:0004EF10       GetMainWindow
 0001:0000609C       GetMapMode
 0001:00034C34       GetMD5
 0001:000661A4       GetMemInfo
 0001:000017AC       GetMemoryManager
 0001:000063D4       GetMenu
 0001:000A09A4       GetMenuHelpContext
 0001:000063DC       GetMenuItemCount
 0001:000063E4       GetMenuItemID
 0001:000063EC       GetMenuItemInfo
 0001:00096B34       GetMenuSize
 0001:000063F4       GetMenuState
 0001:000063FC       GetMenuString
 0001:00013A78       GetMethodProp
 0001:0002CC24       GetModifiedDate
 0001:00021644       GetModifiedDate
 0001:0004F9D8       GetModuleDescriptionAndVersion
 0001:000002B4       GetModuleFileName
 0001:00005D34       GetModuleFileName
 0001:00005D3C       GetModuleFileNameA
 0001:000002BC       GetModuleHandle
 0001:00005D44       GetModuleHandle
 0001:000058A8       GetModuleHandle
 0001:00005D4C       GetModuleHandleA
 0001:0004F7CC       GetModulePath
 0001:0004F8A8       GetModuleSize
 0001:000501C4       GetModulesList
 0001:00050034       GetModulesWin9X
 0001:0004FED0       GetModulesWinNT
 0001:0004F938       GetModuleVer
 0001:00054254       GetModule_ProcedureEvent
 0002:0000C540       GetMonitorInfo
 0002:0000C544       GetMonitorInfoA
 0002:0000C548       GetMonitorInfoW
 0001:000590E4       GetMonitorWorkAreaFromActiveWnd
 0001:000590C0       GetMonitorWorkAreaFromWnd
 0001:00058FDC       GetMonitorWorkAreaFromWndEx
 0001:0000D5E0       GetMonthDayNames
 0001:0002C2EC       GetMXBestRecord
 0001:0002C224       GetMXRecord
 0001:0002C3DC       GetMXServerFromEmail
 0001:00066DFC       GetNetworkData
 0001:00006404       GetNextWindow
 0001:000060A4       GetObject
 0001:000072F8       GetObjectCaller
 0001:00060534       GetOptimizedPalette
 0001:0003652C       GetOptionsDefault
 0001:000081D8       GetOptionsFromExeFile
 0001:000360D0       GetOptionsValue
 0001:000132FC       GetOrdProp
 0001:0004CB9C       GetOSBuild
 0001:00065F30       GetOSCharset
 0001:00065F24       GetOSLanguage
 0001:0004C774       GetOSType
 0001:00065D7C       GetOSUpdate
 0001:0004DE64       GetOutOfMemoryCache
 0001:0006010C       GetPaletteColors
 0001:000060AC       GetPaletteEntries
 0001:00065B60       GetParameters
 0001:00001A88       GetParamStr
 0001:0000640C       GetParent
 0001:0009BE70       GetParentForm
 0001:00050CEC       GetParentProcessID
 0001:00058188       GetParentWnd
 0001:000562B4       GetPassword
 0001:000060B4       GetPixel
 0001:000680F0       GetPrinterStr
 0001:00005D54       GetPriorityClass
 0001:00005D5C       GetPrivateProfileStringA
 0001:000002C4       GetProcAddress
 0001:00005D64       GetProcAddress
 0001:00050AE8       GetProcessesList
 0001:0006668C       GetProcessor
 0001:0004FD90       GetProcessThreads
 0001:00005D6C       GetProfileStringA
 0001:00006414       GetProp
 0001:0001328C       GetPropInfo
 0001:00006EBC       GetRawCallStackDump
 0001:0000813C       GetRawOptions
 0001:0002156C       GetReadableSize
 0001:00006AF8       GetReadableSize
 0001:000539FC       GetRealFileName
 0001:0009C330       GetRealScrollPosition
 0001:000484E0       GetRefAddress
 0001:0004861C       GetRegName
 0001:000080F4       GetResourceData
 0001:00051F24       GetResourceData
 0001:00092070       GetRGBColor
 0001:000067F0       GetRValue
 0001:0000641C       GetScrollInfo
 0001:00006424       GetScrollPos
 0001:0000642C       GetScrollRange
 0001:0008293C       GetShortHint
 0001:000133CC       GetShortStrProp
 0001:00013464       GetShortStrPropAsLongStr
 0001:00052640       GetSourceInfoByAddr
 0001:00000574       GetSpace
 0001:000005D8       GetSpaceAt
 0001:000945C0       GetSpecialName
 0001:00069734       GetStack
 0001:000665A4       GetStartDate
 0001:000002CC       GetStartupInfo
 0001:00005D74       GetStartupInfoA
 0001:00005D7C       GetStdHandle
 0001:00000214       GetStdHandle
 0001:000060BC       GetStockObject
 0001:00005D84       GetStringTypeEx
 0001:00013604       GetStrProp
 0001:00006434       GetSubMenu
 0001:00052D0C       GetSymbolAddr
 0001:0000643C       GetSysColor
 0001:00006444       GetSysColorBrush
 0001:00005D8C       GetSystemDefaultLangID
 0001:00005D94       GetSystemInfo
 0001:0000644C       GetSystemMenu
 0001:00006454       GetSystemMetrics
 0002:0000C530       GetSystemMetrics
 0001:000060C4       GetSystemPaletteEntries
 0001:00005D9C       GetSystemTime
 0001:00066834       GetSystemUpTime
 0001:00035A98       GetTagValue
 0001:00005DA4       GetTempPathA
 0001:00035EC4       GetTextAreaValue
 0001:000060CC       GetTextExtentPoint32
 0001:000060D4       GetTextExtentPoint32A
 0001:00057EC4       GetTextHeight
 0001:000060DC       GetTextMetrics
 0001:000580A8       GetTextWidth
 0002:0000C654       GetThemeAppProperties
 0002:0000C5C0       GetThemeBackgroundContentRect
 0002:0000C5C4       GetThemeBackgroundExtent
 0002:0000C5D4       GetThemeBackgroundRegion
 0002:0000C5F8       GetThemeBool
 0002:0000C5EC       GetThemeColor
 0002:0000C660       GetThemeDocumentationProperty
 0002:0000C600       GetThemeEnumValue
 0002:0000C620       GetThemeFilename
 0002:0000C608       GetThemeFont
 0002:0000C5FC       GetThemeInt
 0002:0000C614       GetThemeIntList
 0002:0000C610       GetThemeMargins
 0002:0000C5F0       GetThemeMetric
 0002:0000C5C8       GetThemePartSize
 0002:0000C604       GetThemePosition
 0002:0000C618       GetThemePropertyOrigin
 0002:0000C60C       GetThemeRect
 0002:0000C5F4       GetThemeString
 0002:0000C62C       GetThemeSysBool
 0002:0000C624       GetThemeSysColor
 0002:0000C628       GetThemeSysColorBrush
 0002:0000C634       GetThemeSysFont
 0002:0000C63C       GetThemeSysInt
 0002:0000C630       GetThemeSysSize
 0002:0000C638       GetThemeSysString
 0002:0000C5CC       GetThemeTextExtent
 0002:0000C5D0       GetThemeTextMetrics
 0001:00005DAC       GetThreadContext
 0001:00058750       GetThreadData
 0001:00005DB4       GetThreadLocale
 0001:000002D4       GetThreadLocale
 0001:0006DE40       GetThreadParams
 0001:00005DBC       GetThreadPriority
 0001:00005DC4       GetTickCount
 0001:0000C114       GetTime
 0001:000058D4       GetTlsSize
 0001:00005B2C       GetTokenInformation
 0001:000A3A54       GetTopMostWindows
 0001:0004DEB8       GetTopOfStack
 0001:00082ACC       GetTopParent
 0001:0000645C       GetTopWindow
 0001:00066504       GetTotalDisk
 0001:00066270       GetTotalMemory
 0001:000130F8       GetTypeData
 0001:00021280       GetUserApplicationsPath
 0001:00067D94       GetUserEmail
 0001:00005B34       GetUserNameA
 0001:00070F70       GetValidMainWindow
 0001:0003759C       GetValueFromIndex
 0001:00000364       GetVersion
 0001:00005DCC       GetVersion
 0001:00005DD4       GetVersionEx
 0001:0004FDCC       GetVersionNumber
 0001:00067344       GetVideoCardStr
 0001:00029C9C       GetVirtualMethod
 0001:00013670       GetWideStrProp
 0001:00013554       GetWideStrPropAsLongStr
 0001:00006464       GetWindow
 0001:0004ED7C       GetWindowClassName
 0001:0000646C       GetWindowDC
 0001:00006474       GetWindowLong
 0001:0004EF30       GetWindowName
 0001:000060E4       GetWindowOrgEx
 0001:0000647C       GetWindowPlacement
 0001:00006484       GetWindowRect
 0001:00005DDC       GetWindowsDirectoryA
 0001:0000648C       GetWindowText
 0001:00006494       GetWindowTextA
 0002:0000C648       GetWindowTheme
 0001:0000649C       GetWindowThreadProcessId
 0001:000064A4       GetWindowThreadProcessId
 0001:0002213C       GetWorkingFile
 0001:00005DE4       GlobalAddAtom
 0001:00005DEC       GlobalAlloc
 0001:00006788       GlobalAllocPtr
 0001:00005DF4       GlobalDeleteAtom
 0001:00005DFC       GlobalFindAtom
 0002:000088BC       GlobalFixupList
 0001:00019458       GlobalFixupReferences
 0001:00005E04       GlobalFree
 0001:000067B4       GlobalFreePtr
 0001:00005E14       GlobalHandle
 0001:00005E0C       GlobalLock
 0001:00005E1C       GlobalMemoryStatus
 0002:000088A0       GlobalNameSpace
 0001:00005E24       GlobalReAlloc
 0001:00006798       GlobalReAllocPtr
 0002:0000C044       GlobalSendValues
[...]
 16647 0001:0006FF32 16650 0001:0006FF38 16651 0001:0006FF4E 16658 0001:0006FFE0
 16663 0001:0006FFE8 16664 0001:0006FFFA 16665 0001:00070003 16666 0001:00070023
 16669 0001:00070028 16670 0001:00070033 16671 0001:0007003A 16672 0001:00070046
 16673 0001:0007005A 16678 0001:00070060 16679 0001:00070068 16680 0001:00070070
 16681 0001:0007007E 16682 0001:0007008A 16681 0001:00070094 16684 0001:00070097
 16686 0001:000700AC 16688 0001:000700BC 16694 0001:000700C0 16695 0001:000700CC
 16696 0001:000700D4 16697 0001:000700E2 16698 0001:000700EF 16700 0001:000700FB
 16702 0001:00070112 16705 0001:00070122 16707 0001:00070128 16708 0001:0007012B
 16710 0001:00070136 16713 0001:0007013C 16714 0001:00070148 16715 0001:00070150
 16716 0001:0007015E 16718 0001:00070178 16720 0001:0007018B 16724 0001:00070190
 16725 0001:00070199 16729 0001:0007019C 16730 0001:000701A5 16739 0001:000701A8
 16740 0001:000701AB 16741 0001:000701C9 16743 0001:000701CC 16745 0001:000701E4
 16747 0001:000701E9 16748 0001:000701EA 16749 0001:000701ED 16751 0001:000701F0
 16752 0001:0007020B 16758 0001:00070214 16759 0001:00070219 16770 0001:0007021C
 16771 0001:00070238 16772 0001:00070283 16773 0001:00070288 16774 0001:0007028F
 16775 0001:000702D5 16776 0001:00070304 16806 0001:00070404 16807 0001:00070407
 16809 0001:00070415 16810 0001:00070420 16811 0001:0007042D 16813 0001:00070444
 16817 0001:00070448 16818 0001:0007044F 16820 0001:00070451 16821 0001:00070452
 16822 0001:00070453 16823 0001:00070455 16824 0001:00070458 16825 0001:0007045D
 16826 0001:0007045E 16827 0001:0007045F 16828 0001:00070464 16829 0001:00070466
 16830 0001:00070467 16831 0001:00070468 16832 0001:0007046A 16833 0001:0007046C
 16834 0001:0007046E 16835 0001:00070470 16836 0001:00070472 16837 0001:00070478
 16838 0001:0007047A 16839 0001:0007047C 16840 0001:0007047E 16841 0001:00070483
 16842 0001:00070488 16845 0001:00070489 16848 0001:0007048E 17013 0001:00070490
 17014 0001:00070495 17015 0001:0007049C 17017 0001:000704A0 17018 0001:000704A7
 17019 0001:000704B0 17021 0001:000704BF 17023 0001:000704CE 17181 0001:000704D4
 17182 0001:000704DB 17183 0001:000704E5 17184 0001:000704F3 17186 0001:00070511
 17188 0001:00070526 17209 0001:0007052C 17210 0001:00070531 17214 0001:00070534
 17215 0001:00070539 17243 0001:0007053C 17244 0001:0007053E 17245 0001:00070541
 17247 0001:00070544 17248 0001:00070552 17250 0001:00070556 17251 0001:00070560
 17252 0001:0007056E 17254 0001:00070577 17255 0001:0007058B 17257 0001:0007058F
 17258 0001:000705A1 17262 0001:000705AB 17270 0001:000705E7 17272 0001:000705F2
 17273 0001:000705F8 17275 0001:000705FE 17276 0001:0007060C 17278 0001:00070620
 17280 0001:00070634 17281 0001:00070638 17283 0001:0007063F 17287 0001:00070674
 17289 0001:00070689 17315 0001:000706C8 17316 0001:000706CE 17317 0001:000706EB
 17318 0001:000706F5 17323 0001:000706F8 17324 0001:000706FE 17325 0001:0007071B
 17326 0001:00070725 17332 0001:00070728 17333 0001:00070731 17336 0001:00070757
 17337 0001:00070761 17338 0001:0007076F 17340 0001:00070786 17343 0001:00070795
 17346 0001:0007079C 17347 0001:000707A2 17349 0001:000707CE 17350 0001:000707D8
 17355 0001:000707DC 17356 0001:000707E2 17357 0001:000707FF 17358 0001:00070809
 17361 0001:0007080C 17362 0001:00070812 17364 0001:00070829 17365 0001:00070843
 17367 0001:00070850 17368 0001:0007085A 17377 0001:00070860 17378 0001:00070875
 17379 0001:0007087D 17381 0001:00070883 17382 0001:0007089B 17384 0001:0007089F
 17385 0001:000708B0 17388 0001:000708C7 17389 0001:000708DF 17390 0001:000708E3
 17392 0001:00070901 17393 0001:00070910 17394 0001:00070925 17395 0001:00070949
 17406 0001:00070994 17407 0001:000709A8 17409 0001:000709FC 17423 0001:00070A14
 17424 0001:00070A34 17425 0001:00070A43 17427 0001:00070A49 17428 0001:00070A57
 17430 0001:00070A6D 17431 0001:00070A87 17432 0001:00070A92 17433 0001:00070AA0
 17434 0001:00070AB5 17435 0001:00070ABD 17437 0001:00070AC9 17438 0001:00070ADB
 17439 0001:00070AE9 17441 0001:00070B04 17444 0001:00070B24 17446 0001:00070B54
 17448 0001:00070B5C 17449 0001:00070B7C 17451 0001:00070B8B 17452 0001:00070B9A
 17453 0001:00070BA8 17454 0001:00070BB6 17455 0001:00070BC4 17456 0001:00070BD3
 17457 0001:00070BEB 17458 0001:00070C02 17461 0001:00070C20 17462 0001:00070C4A
 17464 0001:00070C57 17465 0001:00070C66 17466 0001:00070C74 17467 0001:00070C90
 17468 0001:00070C9C 17469 0001:00070CAB 17470 0001:00070CB9 17471 0001:00070CC4
 17472 0001:00070CD0 17473 0001:00070CE1 17475 0001:00070D09 17478 0001:00070D26
 17481 0001:00070D36 17484 0001:00070D50 17487 0001:00070D76 17490 0001:00070D86
 17491 0001:00070DB1 17499 0001:00070DC4 17500 0001:00070DE7 17503 0001:00070E08
 17504 0001:00070E0C 17507 0001:00070E23 17508 0001:00070E3C 17510 0001:00070E6E
 17515 0001:00070E78 17516 0001:00070E7E 17517 0001:00070E98 17518 0001:00070EA2
 17524 0001:00070EA8 17525 0001:00070EAF 17527 0001:00070EB1 17528 0001:00070EB6
 17529 0001:00070EB8 17531 0001:00070EBA 17532 0001:00070EBE 17533 0001:00070EC3
 17534 0001:00070EC5 17536 0001:00070EC7 17537 0001:00070ECC 17538 0001:00070ED2
 17539 0001:00070ED3 17540 0001:00070ED9 17541 0001:00070EDB 17542 0001:00070EDD
 17543 0001:00070EDF 17544 0001:00070EE5 17545 0001:00070EE7 17546 0001:00070EE9
 17547 0001:00070EEB 17548 0001:00070EF0 17549 0001:00070EF2 17550 0001:00070EF7
 17551 0001:00070EF9 17552 0001:00070EFA 17553 0001:00070EFF 17554 0001:00070F00
 17557 0001:00070F05 17558 0001:00070F0B 17563 0001:00070F0C 17564 0001:00070F1E
 17565 0001:00070F40 17580 0001:00070F44 17581 0001:00070F4E 17584 0001:00070F52
 17585 0001:00070F58 17582 0001:00070F59 17587 0001:00070F69 17590 0001:00070F70
 17592 0001:00070F77 17593 0001:00070F83 17594 0001:00070F8D 17595 0001:00070F9F
 17597 0001:00070FA4 17599 0001:00070FC8 17602 0001:00070FCA 17605 0001:00070FD8
 17607 0001:00070FF1 17610 0001:00070FFA 17611 0001:0007100B 17613 0001:0007100D
 17614 0001:00071026 17615 0001:00071045 17617 0001:0007104D 17618 0001:00071058
 17619 0001:00071064 17620 0001:00071072 17621 0001:00071084 17622 0001:0007108E
 17625 0001:000710BC 17627 0001:000710E3 17630 0001:000710F1 17632 0001:0007112C
 17636 0001:00071149 17637 0001:00071154 17640 0001:00071168 17641 0001:00071195
 17646 0001:0007119C 17647 0001:0007119F 17651 0001:000711BA 17652 0001:000711C1
 17653 0001:000711CF 17656 0001:000711EC 17658 0001:000711F3 17659 0001:00071204
 17660 0001:0007120D 17661 0001:00071219 17663 0001:00071230 17665 0001:0007123F
 17669 0001:00071244 17671 0001:00071256 17672 0001:00071260 17673 0001:0007126E
 17675 0001:00071280 17676 0001:00071290 17677 0001:0007129A 17678 0001:000712A1
 17685 0001:000712A4 17686 0001:000712AA 17688 0001:000712B3 17690 0001:000712BB
 17691 0001:000712C4 17692 0001:000712CE 17694 0001:000712D5 17698 0001:000712DD
 17699 0001:000712E6 17702 0001:000712EC 17703 0001:000712F2 17705 0001:000712FB
 17707 0001:00071300 17708 0001:00071309 17709 0001:00071316 17711 0001:0007131D
 17715 0001:00071325 17716 0001:0007132E 17720 0001:00071334 17721 0001:00071339
 17725 0001:0007133C 17726 0001:00071341 17735 0001:00071344 17736 0001:00071368
 17739 0001:000713A4 17740 0001:000713BB 17741 0001:000713C2 17745 0001:000713D1
 17746 0001:000713E8 17750 0001:000713F7 17751 0001:0007140E 17755 0001:0007141D
 17756 0001:00071434 17760 0001:00071443 17761 0001:0007145A 17765 0001:00071469
 17766 0001:00071480 17770 0001:0007148F 17771 0001:000714A6 17772 0001:000714C3
 17776 0001:000714CA 17777 0001:000714E1 17781 0001:000714ED 17782 0001:00071504
 17786 0001:00071510 17787 0001:00071527 17790 0001:00071560 17893 0001:00071574
 17894 0001:0007158F 17895 0001:0007159D 17896 0001:000715A6 17898 0001:000715B0
 17899 0001:000715C4 17896 0001:000715C7 17900 0001:000715E7 17913 0001:000715F0
 17914 0001:00071608 17917 0001:00071615 17919 0001:00071623 17920 0001:0007162A
 17922 0001:00071641 17926 0001:0007165C 17927 0001:0007166A 17928 0001:00071671
 17930 0001:00071688 17935 0001:000716A3 17936 0001:000716B1 17937 0001:000716B8
 17938 0001:000716BF 17940 0001:000716CB 17941 0001:000716D2 17943 0001:000716E3
 17944 0001:000716FC 17945 0001:00071705 17947 0001:0007170D 17950 0001:0007171E
 17951 0001:0007172A 17953 0001:00071748 17955 0001:0007175B 17956 0001:0007176C
 17957 0001:0007177F 17958 0001:00071792 17959 0001:000717A3 17960 0001:000717AD
 17961 0001:000717B7 17962 0001:000717C1 17963 0001:000717CB 17964 0001:000717DA
 17965 0001:000717E1 17967 0001:00071803 17969 0001:00071811 17970 0001:0007181A
 17971 0001:00071822 17973 0001:0007182A 17974 0001:0007183B 17975 0001:0007184C
 17976 0001:0007185D 17977 0001:00071862 17978 0001:00071873 17979 0001:00071884
 17980 0001:00071895 17982 0001:000718A9 17984 0001:000718DA 17992 0001:00071950
 17993 0001:00071977 17995 0001:00071984 17996 0001:00071988 17997 0001:00071996
 17999 0001:0007199E 18000 0001:000719AA 18001 0001:000719BD 18002 0001:000719C9
 18005 0001:000719D7 18007 0001:000719DD 18008 0001:000719E1 18010 0001:000719E5
 18011 0001:000719F1 18014 0001:000719FE 18015 0001:00071A02 18016 0001:00071A25
 18017 0001:00071A2B 18018 0001:00071A31 18020 0001:00071A3D 17997 0001:00071A41
 18022 0001:00071A4A 18023 0001:00071A53 18024 0001:00071A5C 18026 0001:00071A78
 18028 0001:00071A9C 18030 0001:00071AAB 18038 0001:00071AD0 18039 0001:00071AF2
 18041 0001:00071AFF 18043 0001:00071B1B 18047 0001:00071B29 18049 0001:00071B30
 18052 0001:00071B4F 18056 0001:00071BCC 18058 0001:00071BDA 18060 0001:00071C11
 18063 0001:00071C30 18068 0001:00071C41 18069 0001:00071C4B 18072 0001:00071C52
 18073 0001:00071C60 18074 0001:00071C67 18075 0001:00071C71 18076 0001:00071C78
 18077 0001:00071C82 18078 0001:00071C89 18079 0001:00071C93 18080 0001:00071C9A
 18081 0001:00071CA4 18082 0001:00071CAE 18083 0001:00071CB8 18084 0001:00071CC2
 18085 0001:00071CCC 18086 0001:00071CD3 18087 0001:00071CDD 18088 0001:00071CE4
 18089 0001:00071CEE 18090 0001:00071CF5 18091 0001:00071CFF 18092 0001:00071D06
 18093 0001:00071D10 18094 0001:00071D17 18095 0001:00071D21 18096 0001:00071D28
 18097 0001:00071D32 18098 0001:00071D39 18099 0001:00071D43 18100 0001:00071D4A
 18101 0001:00071D54 18102 0001:00071D5B 18103 0001:00071D66 18104 0001:00071D75
 18107 0001:00071D7A 18108 0001:00071D83 18111 0001:00071D8C 18112 0001:00071D96
 18113 0001:00071DA0 18114 0001:00071DAA 18115 0001:00071DB4 18116 0001:00071DBE
 18117 0001:00071DC8 18118 0001:00071DD2 18119 0001:00071DDC 18120 0001:00071DE6
 18121 0001:00071DF0 18122 0001:00071DFA 18123 0001:00071E04 18124 0001:00071E0E
 18125 0001:00071E18 18126 0001:00071E22 18127 0001:00071E2C 18128 0001:00071E36
 18129 0001:00071E40 18130 0001:00071E4A 18131 0001:00071E54 18132 0001:00071E5E
 18133 0001:00071E68 18134 0001:00071E72 18135 0001:00071E7C 18136 0001:00071E86
 18137 0001:00071E90 18138 0001:00071E9A 18139 0001:00071EA4 18140 0001:00071EAE
 18141 0001:00071EB8 18143 0001:00071EBD 18146 0001:00071ED6 18151 0001:00071EF1
 18153 0001:00071EFF 18154 0001:00071F06 18156 0001:00071F1D 18160 0001:00071F38
 18161 0001:00071F46 18162 0001:00071F4D 18164 0001:00071F64 18169 0001:00071FA1
 18173 0001:00072058 18174 0001:0007206F 18178 0001:00072070 18179 0001:00072087
 18186 0001:00072088 18187 0001:00072092 18190 0001:00072094 18192 0001:000720A7
 18193 0001:000720B2 18194 0001:000720BD 18197 0001:000720C8 18198 0001:000720D3
 18201 0001:000720DE 18202 0001:000720FA 18203 0001:00072122 18222 0001:00072128
 18223 0001:00072145 18225 0001:0007215F 18226 0001:00072166 18227 0001:00072168
 18228 0001:0007217C 18229 0001:00072183 18231 0001:00072187 18233 0001:0007219D
 18235 0001:000721A4 18237 0001:000721B2 18239 0001:000721B6 18240 0001:000721E5
 18243 0001:000721EA 18244 0001:0007220E 18245 0001:0007221A 18246 0001:0007222A
 18249 0001:0007222E 18250 0001:0007225B 18265 0001:00072264 18269 0001:00072268
 18270 0001:0007226F 18271 0001:00072274 18276 0001:00072278 18277 0001:0007227F
 18279 0001:0007229C 18281 0001:000722A1 18283 0001:000722A6 18284 0001:000722A7
 18285 0001:000722AA 18287 0001:000722AD 18288 0001:000722BD 18293 0001:000722C4
 18294 0001:000722CB 18299 0001:000722F9 18301 0001:000722FE 18302 0001:000722FF
 18303 0001:00072302 18305 0001:00072305 18306 0001:00072315 18311 0001:0007231C
 18312 0001:00072322 18313 0001:00072331 18314 0001:0007233F 18316 0001:00072364
 18318 0001:00072377 18323 0001:0007237C 18324 0001:00072383 18326 0001:000723A0
 18328 0001:000723A5 18330 0001:000723AA 18331 0001:000723AB 18332 0001:000723AE
 18334 0001:000723B1 18335 0001:000723C1 18347 0001:000723C8 18348 0001:000723D1
 18351 0001:000723D8 18352 0001:000723E7 18353 0001:000723F5 18354 0001:000723FF
 18355 0001:0007240E 18357 0001:00072419 18358 0001:00072423 18359 0001:00072432
 18361 0001:0007243D 18362 0001:00072447 18363 0001:00072456 18365 0001:00072461
 18368 0001:0007246B 18372 0001:00072472 18373 0001:00072481 18374 0001:0007248B
 18365 0001:0007248C 18376 0001:0007248F 18379 0001:00072499 18380 0001:000724B3
 18381 0001:000724C4 18376 0001:000724C5 18383 0001:000724D5 18385 0001:000724E5
 18396 0001:000724EC 18398 0001:000724EF 18399 0001:000724F5 18402 0001:000724FC
 18404 0001:0007250F 18405 0001:00072525 18406 0001:00072532 18407 0001:0007254D
 18411 0001:00072562 18412 0001:0007256F 18416 0001:00072574 18417 0001:0007257B
 18418 0001:00072581 18420 0001:00072584 18421 0001:0007258A 18423 0001:00072591
 18425 0001:00072594 18435 0001:0007259C 18437 0001:0007259D 18429 0001:000725A3
 18442 0001:000725B0 18445 0001:000725B9 18446 0001:000725C4 18448 0001:000725DD
 18449 0001:000725ED 18452 0001:000725FA 18454 0001:000725FD 18464 0001:00072606
 18466 0001:00072607 18458 0001:0007260E 18471 0001:0007261B 18474 0001:00072624
 18475 0001:00072630 18477 0001:0007264A 18479 0001:00072656 18489 0001:0007265C
 18490 0001:00072677 18491 0001:00072684 18492 0001:000726A0 18493 0001:000726CB
 18494 0001:000726F4 18496 0001:00072744 18498 0001:00072762 18509 0001:0007277D
 18519 0001:00072798 18529 0001:000727A5 18532 0001:000727B6 18539 0001:000727C7
 18543 0001:000727E2 18549 0001:000727FD 18552 0001:00072802 18556 0001:00072822
 18565 0001:00072842 18566 0001:00072843 18568 0001:00072850 18573 0001:00072870
 18582 0001:0007288B 18587 0001:000728A6 18588 0001:000728AF 18593 0001:000728CA
 18595 0001:000728D8 18598 0001:00072915 18602 0001:00072BDC 18603 0001:00072BF6
 18606 0001:00072BF8 18607 0001:00072BFB 18608 0001:00072C0C 18611 0001:00072C10
 18615 0001:00072C13 18617 0001:00072C1A 18646 0001:00072C1C 18647 0001:00072C1F
 18649 0001:00072C26 18650 0001:00072C2D 18655 0001:00072C30 18656 0001:00072C35
 18658 0001:00072C50 18659 0001:00072C5A 18660 0001:00072C68 18661 0001:00072C6D
 18663 0001:00072C7D 18666 0001:00072CAB 18667 0001:00072CC1 18669 0001:00072CC8
 18661 0001:00072CC9 18671 0001:00072CD9 18673 0001:00072CEB 18684 0001:00072CF0
 18685 0001:00072CF7 18686 0001:00072D0A 18687 0001:00072D18 18689 0001:00072D2F
 18691 0001:00072D3F 18693 0001:00072D44 18694 0001:00072D61 18695 0001:00072D65
 18697 0001:00072D82 18698 0001:00072D91 18699 0001:00072D9F 18700 0001:00072DB7
 18702 0001:00072DCB 18703 0001:00072DDD 18704 0001:00072DE0 18705 0001:00072DE5
 18706 0001:00072DF9 18708 0001:00072E0C 18710 0001:00072E41 18712 0001:00072E48
 18713 0001:00072E67 18714 0001:00072E85 18716 0001:00072E8F 18718 0001:00072E9A
 18721 0001:00072EC4 18732 0001:00072EE1 18734 0001:00072EE8 18736 0001:00072EEF
 18737 0001:00072EF6 18738 0001:00072F02 18739 0001:00072F09 18741 0001:00072F1E
 18745 0001:00072F25 18746 0001:00072F2C 18747 0001:00072F33 18748 0001:00072F3A
 18749 0001:00072F41 18750 0001:00072F48 18751 0001:00072F4F 18752 0001:00072F56
 18753 0001:00072F5D 18754 0001:00072F74 18755 0001:00072F8B 18756 0001:00072F92
 18757 0001:00072F9C 18758 0001:00072FA3 18759 0001:00072FB2 18760 0001:00072FB9
 18761 0001:00072FCA 18762 0001:00072FD4 18764 0001:00072FDB 18765 0001:00072FE5
 18766 0001:00072FEF 18768 0001:00072FF9 18770 0001:00072FFE 18773 0001:00073007
 18776 0001:0007300C 18778 0001:0007301A 18779 0001:00073021 18783 0001:00073026
 18784 0001:00073037 18786 0001:00073048 18787 0001:00073061 18788 0001:0007306A
 18790 0001:00073072 18828 0001:00073085 18830 0001:0007308A 18831 0001:0007309B
 18832 0001:000730AC 18833 0001:000730BD 18834 0001:000730CE 18840 0001:000730DF
 18841 0001:000730E6 18842 0001:000730F2 18843 0001:000730F9 18844 0001:00073100
 18845 0001:0007310A 18846 0001:00073111 18847 0001:00073118 18850 0001:0007313A
 18851 0001:0007314D 18853 0001:0007315B 18854 0001:00073164 18855 0001:0007316C
 18858 0001:00073174 18859 0001:00073179 18860 0001:00073183 18861 0001:0007318D
 18863 0001:0007319E 18864 0001:000731AF 18865 0001:000731B4 18866 0001:000731BB
 18867 0001:000731C5 18868 0001:000731CC 18869 0001:000731D3 18870 0001:000731DA
 18871 0001:000731E1 18872 0001:000731E8 18874 0001:000731EF 18875 0001:000731F6
 18876 0001:000731FD 18878 0001:00073204 18880 0001:0007320B 18883 0001:00073213
 18885 0001:0007321D 18887 0001:00073237 18888 0001:00073243 18889 0001:0007324E
 18890 0001:0007325A 18892 0001:00073265 18895 0001:0007326A 18901 0001:000732B7
 18907 0001:00073304 18913 0001:00073351 18914 0001:00073366 18916 0001:0007336F
 18930 0001:00073388 18936 0001:000733D5 18942 0001:00073422 18948 0001:0007346F
 18949 0001:00073478 18951 0001:0007347D 18952 0001:00073486 18954 0001:0007348B
 18956 0001:00073499 18957 0001:0007349E 18961 0001:000734C8 18963 0001:000734D5
 18966 0001:000734E9 18967 0001:000734F2 18969 0001:0007351A 18973 0001:00073556
 18977 0001:0007355D 18979 0001:00073566 18980 0001:0007356B 18984 0001:0007359A
 18991 0001:0007366C 18992 0001:00073680 18993 0001:0007368E 18995 0001:000736A1
 18996 0001:000736AB 18998 0001:000736B5 18999 0001:000736C8 19001 0001:000736CF
 19002 0001:000736D9 19003 0001:000736E0 19004 0001:000736EA 19005 0001:000736F1
 19006 0001:000736FB 19007 0001:00073702 19008 0001:0007370C 19009 0001:00073713
 19010 0001:0007371D 19012 0001:00073724 19013 0001:00073729 19015 0001:00073734
 19017 0001:00073746 19018 0001:00073753 19020 0001:00073760 19022 0001:00073769
 19023 0001:0007377C 19028 0001:00073783 19029 0001:0007378C 19031 0001:0007379B
 19032 0001:000737A5 19033 0001:000737AC 19034 0001:000737B6 19035 0001:000737BD
 19036 0001:000737C7 19038 0001:000737CE 19039 0001:000737D8 19040 0001:000737E2
 19041 0001:000737EC 19042 0001:000737F6 19045 0001:000737FD 19047 0001:00073806
 19048 0001:00073812 19049 0001:0007381C 19052 0001:0007382F 19053 0001:00073839
 19054 0001:00073840 19055 0001:0007384A 19056 0001:00073851 19057 0001:0007385B
 19059 0001:00073862 19060 0001:00073872 19061 0001:00073883 19062 0001:00073893
 19064 0001:000738A4 19065 0001:000738B3 19072 0001:000738BA 19074 0001:000738C3
 19075 0001:000738CE 19076 0001:000738D8 19077 0001:000738E2 19085 0001:000738E9
 19086 0001:000738EE 19088 0001:00073902 19089 0001:0007390C 19090 0001:00073913
 19092 0001:00073942 19124 0001:00073948 19134 0001:0007395C 19135 0001:00073988
 19137 0001:00073AF8 19128 0001:00073B18 19129 0001:00073B3C 19130 0001:00073B4B
 19131 0001:00073B50 19133 0001:00073B74

Line numbers for Unit1(Unit1.pas) segment .text

    24 0001:000A61B4    24 0001:000A61BB

Line numbers for Project1(C:\Program Files\Borland\Delphi7\Projects\Project1.dpr) segment .text

    10 0001:000A6464    11 0001:000A6474    12 0001:000A6480    13 0001:000A6498
    14 0001:000A64A4

Bound resource files

C:\Program Files\EurekaLab\EurekaLog 6\Delphi7\DIALOG.RES
c:\program files\borland\delphi7\Lib\Buttons.res
c:\program files\borland\delphi7\Lib\ExtDlgs.res
c:\program files\borland\delphi7\Lib\Controls.res
Unit1.dfm
Project1.res
Project1.drf


Program entry point at 0001:000A6464
